Component: ARM Compiler 5.06 update 6 (build 750) Tool: armlink [4d35ed]

==============================================================================

Section Cross References

    startup.o(RESET) refers to startup.o(STACK) for StackMem
    startup.o(RESET) refers to osasm.o(.text) for SVC_Handler
    startup.o(RESET) refers to os.o(i.SysTick_Handler) for SysTick_Handler
    startup.o(RESET) refers to uart0int.o(i.UART0_Handler) for UART0_Handler
    startup.o(RESET) refers to os.o(i.Timer0A_Handler) for Timer0A_Handler
    startup.o(RESET) refers to os.o(i.GPIOPortF_Handler) for GPIOPortF_Handler
    startup.o(RESET) refers to timer4a.o(i.Timer4A_Handler) for Timer4A_Handler
    startup.o(RESET) refers to timer5a.o(i.Timer5A_Handler) for Timer5A_Handler
    startup.o(RESET) refers to wtimer0a.o(i.WideTimer0A_Handler) for WideTimer0A_Handler
    startup.o(RESET) refers to entry.o(.ARM.Collect$$$$00000000) for __main
    lab1.o(i.DAStask) refers to adc.o(i.ADC_In) for ADC_In
    lab1.o(i.DAStask) refers to lpf.o(i.Median) for Median
    lab1.o(i.DAStask) refers to irdistance.o(i.IRDistance_Convert) for IRDistance_Convert
    lab1.o(i.DAStask) refers to lab1.o(.data) for ADCdata
    lab1.o(i.OSTtask) refers to os.o(.data) for OStime_round
    lab1.o(i.main) refers to os.o(i.OS_Init) for OS_Init
    lab1.o(i.main) refers to st7735.o(i.ST7735_Message) for ST7735_Message
    lab1.o(i.main) refers to launchpad.o(i.LaunchPad_Init) for LaunchPad_Init
    lab1.o(i.main) refers to adc.o(i.ADC_Init) for ADC_Init
    lab1.o(i.main) refers to timer4a.o(i.Timer4A_Init) for Timer4A_Init
    lab1.o(i.main) refers to timer5a.o(i.Timer5A_Init) for Timer5A_Init
    lab1.o(i.main) refers to os.o(i.OS_ClearMsTime) for OS_ClearMsTime
    lab1.o(i.main) refers to startup.o(.text) for EnableInterrupts
    lab1.o(i.main) refers to interpreter.o(i.Interpreter) for Interpreter
    lab1.o(i.main) refers to os.o(.data) for LCDFree
    lab1.o(i.main) refers to lab1.o(i.DAStask) for DAStask
    lab1.o(i.main) refers to lab1.o(i.OSTtask) for OSTtask
    os.o(i.GPIOPortF_Handler) refers to os.o(.data) for SW_task
    os.o(i.OS_AddPeriodicThread) refers to os.o(.data) for PeriodicTask0
    os.o(i.OS_AddSW1Task) refers to os.o(.data) for SW_task
    os.o(i.OS_AddThread) refers to startup.o(.text) for StartCritical
    os.o(i.OS_AddThread) refers to lab1.o(.data) for NumCreated
    os.o(i.OS_AddThread) refers to os.o(.bss) for STACK_pool
    os.o(i.OS_ClearMsTime) refers to os.o(.data) for OStime_round
    os.o(i.OS_EndRedirectToFile) refers to efile.o(i.eFile_WClose) for eFile_WClose
    os.o(i.OS_EndRedirectToFile) refers to os.o(.data) for StreamToDevice
    os.o(i.OS_Fifo_Get) refers to os.o(i.OS_Wait) for OS_Wait
    os.o(i.OS_Fifo_Get) refers to startup.o(.text) for DisableInterrupts
    os.o(i.OS_Fifo_Get) refers to os.o(i.OS_Signal) for OS_Signal
    os.o(i.OS_Fifo_Get) refers to os.o(.bss) for OS_FIFO
    os.o(i.OS_Fifo_Init) refers to os.o(.bss) for OS_FIFO
    os.o(i.OS_Fifo_Put) refers to os.o(i.OS_Wait) for OS_Wait
    os.o(i.OS_Fifo_Put) refers to startup.o(.text) for DisableInterrupts
    os.o(i.OS_Fifo_Put) refers to os.o(i.OS_Signal) for OS_Signal
    os.o(i.OS_Fifo_Put) refers to os.o(.bss) for OS_FIFO
    os.o(i.OS_Init) refers to pll.o(i.PLL_Init) for PLL_Init
    os.o(i.OS_Init) refers to uart0int.o(i.UART_Init) for UART_Init
    os.o(i.OS_Init) refers to st7735.o(i.ST7735_InitR) for ST7735_InitR
    os.o(i.OS_Init) refers to st7735.o(i.ST7735_Message) for ST7735_Message
    os.o(i.OS_Init) refers to wtimer0a.o(i.WideTimer0A_Init) for WideTimer0A_Init
    os.o(i.OS_Init) refers to os.o(i.OS_InitSemaphore) for OS_InitSemaphore
    os.o(i.OS_Init) refers to os.o(.data) for LCDFree
    os.o(i.OS_Init) refers to os.o(i.WDTimer0A_task) for WDTimer0A_task
    os.o(i.OS_Kill) refers to startup.o(.text) for DisableInterrupts
    os.o(i.OS_Kill) refers to os.o(.data) for RunPt
    os.o(i.OS_Kill) refers to lab1.o(.data) for NumCreated
    os.o(i.OS_Launch) refers to os.o(i.SysTick_Init) for SysTick_Init
    os.o(i.OS_Launch) refers to osasm.o(.text) for StartOS
    os.o(i.OS_Launch) refers to lab1.o(.data) for NumCreated
    os.o(i.OS_Launch) refers to os.o(.bss) for TCB_pool
    os.o(i.OS_Launch) refers to os.o(.data) for RunPt
    os.o(i.OS_MailBox_Init) refers to os.o(.bss) for OS_MailBox
    os.o(i.OS_MailBox_Recv) refers to os.o(i.OS_bWait) for OS_bWait
    os.o(i.OS_MailBox_Recv) refers to os.o(i.OS_bSignal) for OS_bSignal
    os.o(i.OS_MailBox_Recv) refers to os.o(.bss) for OS_MailBox
    os.o(i.OS_MailBox_Send) refers to os.o(i.OS_bWait) for OS_bWait
    os.o(i.OS_MailBox_Send) refers to os.o(i.OS_bSignal) for OS_bSignal
    os.o(i.OS_MailBox_Send) refers to os.o(.bss) for OS_MailBox
    os.o(i.OS_MsTime) refers to os.o(.data) for OStime_round
    os.o(i.OS_RedirectToFile) refers to efile.o(i.eFile_Create) for eFile_Create
    os.o(i.OS_RedirectToFile) refers to efile.o(i.eFile_WOpen) for eFile_WOpen
[...]
    st7735.o(i.ST7735_OutUDec4) refers to st7735.o(i.fillmessage4) for fillmessage4
    st7735.o(i.ST7735_OutUDec4) refers to st7735.o(i.ST7735_DrawString) for ST7735_DrawString
    st7735.o(i.ST7735_OutUDec4) refers to st7735.o(i.ST7735_DrawCharS) for ST7735_DrawCharS
    st7735.o(i.ST7735_OutUDec4) refers to st7735.o(.data) for Messageindex
    st7735.o(i.ST7735_OutUDec4) refers to st7735.o(.bss) for Message
    st7735.o(i.ST7735_OutUDec5) refers to st7735.o(i.fillmessage5) for fillmessage5
    st7735.o(i.ST7735_OutUDec5) refers to st7735.o(i.ST7735_DrawString) for ST7735_DrawString
    st7735.o(i.ST7735_OutUDec5) refers to st7735.o(i.ST7735_DrawCharS) for ST7735_DrawCharS
    st7735.o(i.ST7735_OutUDec5) refers to st7735.o(.data) for Messageindex
    st7735.o(i.ST7735_OutUDec5) refers to st7735.o(.bss) for Message
    st7735.o(i.ST7735_PlotBar) refers to st7735.o(i.ST7735_DrawFastVLine) for ST7735_DrawFastVLine
    st7735.o(i.ST7735_PlotBar) refers to st7735.o(.data) for Ymin
    st7735.o(i.ST7735_PlotClear) refers to st7735.o(i.ST7735_Color565) for ST7735_Color565
    st7735.o(i.ST7735_PlotClear) refers to st7735.o(i.ST7735_FillRect) for ST7735_FillRect
    st7735.o(i.ST7735_PlotClear) refers to st7735.o(.data) for Ymax
    st7735.o(i.ST7735_PlotLine) refers to st7735.o(i.ST7735_DrawPixel) for ST7735_DrawPixel
    st7735.o(i.ST7735_PlotLine) refers to st7735.o(.data) for Ymin
    st7735.o(i.ST7735_PlotNext) refers to st7735.o(.data) for X
    st7735.o(i.ST7735_PlotNextErase) refers to st7735.o(i.ST7735_Color565) for ST7735_Color565
    st7735.o(i.ST7735_PlotNextErase) refers to st7735.o(i.ST7735_DrawFastVLine) for ST7735_DrawFastVLine
    st7735.o(i.ST7735_PlotNextErase) refers to st7735.o(.data) for X
    st7735.o(i.ST7735_PlotPoint) refers to st7735.o(i.ST7735_DrawPixel) for ST7735_DrawPixel
    st7735.o(i.ST7735_PlotPoint) refers to st7735.o(.data) for Ymin
    st7735.o(i.ST7735_PlotPoints) refers to st7735.o(i.ST7735_DrawPixel) for ST7735_DrawPixel
    st7735.o(i.ST7735_PlotPoints) refers to st7735.o(.data) for Ymin
    st7735.o(i.ST7735_PlotdBfs) refers to st7735.o(i.ST7735_DrawFastVLine) for ST7735_DrawFastVLine
    st7735.o(i.ST7735_PlotdBfs) refers to st7735.o(.constdata) for dBfs
    st7735.o(i.ST7735_PlotdBfs) refers to st7735.o(.data) for X
    st7735.o(i.ST7735_SetCursor) refers to st7735.o(.data) for StX
    st7735.o(i.ST7735_SetRotation) refers to st7735.o(i.writecommand) for writecommand
    st7735.o(i.ST7735_SetRotation) refers to st7735.o(i.writedata) for writedata
    st7735.o(i.ST7735_SetRotation) refers to st7735.o(.data) for Rotation
    st7735.o(i.ST7735_SetTextColor) refers to st7735.o(.data) for StTextColor
    st7735.o(i.commandList) refers to st7735.o(i.writecommand) for writecommand
    st7735.o(i.commandList) refers to st7735.o(i.writedata) for writedata
    st7735.o(i.commandList) refers to st7735.o(i.Delay1ms) for Delay1ms
    st7735.o(i.commonInit) refers to edisk.o(i.CS_Init) for CS_Init
    st7735.o(i.commonInit) refers to st7735.o(i.Delay1ms) for Delay1ms
    st7735.o(i.commonInit) refers to st7735.o(i.commandList) for commandList
    st7735.o(i.commonInit) refers to st7735.o(.data) for RowStart
    st7735.o(i.fillmessage) refers to st7735.o(.bss) for Message
    st7735.o(i.fillmessage) refers to st7735.o(.data) for Messageindex
    st7735.o(i.fillmessage4) refers to st7735.o(i.fillmessage) for fillmessage
    st7735.o(i.fillmessage4) refers to st7735.o(.data) for Messageindex
    st7735.o(i.fillmessage4) refers to st7735.o(.bss) for Message
    st7735.o(i.fillmessage5) refers to st7735.o(i.fillmessage) for fillmessage
    st7735.o(i.fillmessage5) refers to st7735.o(.data) for Messageindex
    st7735.o(i.fillmessage5) refers to st7735.o(.bss) for Message
    st7735.o(i.pushColor) refers to st7735.o(i.writedata) for writedata
    st7735.o(i.setAddrWindow) refers to st7735.o(i.writecommand) for writecommand
    st7735.o(i.setAddrWindow) refers to st7735.o(i.writedata) for writedata
    st7735.o(i.setAddrWindow) refers to st7735.o(.data) for ColStart
    uart0int.o(i.Fixed_Fix2Str) refers to strcpy.o(.text) for strcpy
    uart0int.o(i.RxFifo_Get) refers to uart0int.o(.data) for RxPutI
    uart0int.o(i.RxFifo_Get) refers to uart0int.o(.bss) for RxFifo
    uart0int.o(i.RxFifo_Init) refers to uart0int.o(.data) for RxGetI
    uart0int.o(i.RxFifo_Put) refers to uart0int.o(.data) for RxPutI
    uart0int.o(i.RxFifo_Put) refers to uart0int.o(.bss) for RxFifo
    uart0int.o(i.RxFifo_Size) refers to uart0int.o(.data) for RxPutI
    uart0int.o(i.TxFifo_Get) refers to uart0int.o(.data) for TxPutI
    uart0int.o(i.TxFifo_Get) refers to uart0int.o(.bss) for TxFifo
    uart0int.o(i.TxFifo_Init) refers to uart0int.o(.data) for TxGetI
    uart0int.o(i.TxFifo_Put) refers to uart0int.o(.data) for TxPutI
    uart0int.o(i.TxFifo_Put) refers to uart0int.o(.bss) for TxFifo
    uart0int.o(i.TxFifo_Size) refers to uart0int.o(.data) for TxPutI
    uart0int.o(i.UART0_Handler) refers to uart0int.o(i.copySoftwareToHardware) for copySoftwareToHardware
    uart0int.o(i.UART0_Handler) refers to uart0int.o(i.TxFifo_Size) for TxFifo_Size
    uart0int.o(i.UART0_Handler) refers to uart0int.o(i.copyHardwareToSoftware) for copyHardwareToSoftware
    uart0int.o(i.UART_Fix2) refers to uart0int.o(i.Fixed_Fix2Str) for Fixed_Fix2Str
    uart0int.o(i.UART_Fix2) refers to uart0int.o(i.UART_OutString) for UART_OutString
    uart0int.o(i.UART_InChar) refers to os.o(i.OS_Wait) for OS_Wait
    uart0int.o(i.UART_InChar) refers to uart0int.o(i.RxFifo_Get) for RxFifo_Get
    uart0int.o(i.UART_InChar) refers to os.o(.data) for RxDataAvailable
    uart0int.o(i.UART_InCharNonBlock) refers to uart0int.o(i.RxFifo_Get) for RxFifo_Get
    uart0int.o(i.UART_InString) refers to uart0int.o(i.UART_InChar) for UART_InChar
    uart0int.o(i.UART_InString) refers to uart0int.o(i.UART_OutChar) for UART_OutChar
    uart0int.o(i.UART_InUDec) refers to uart0int.o(i.UART_InChar) for UART_InChar
    uart0int.o(i.UART_InUDec) refers to uart0int.o(i.UART_OutChar) for UART_OutChar
    uart0int.o(i.UART_InUHex) refers to uart0int.o(i.UART_InChar) for UART_InChar
    uart0int.o(i.UART_InUHex) refers to uart0int.o(i.UART_OutChar) for UART_OutChar
    uart0int.o(i.UART_Init) refers to uart0int.o(i.RxFifo_Init) for RxFifo_Init
    uart0int.o(i.UART_Init) refers to uart0int.o(i.TxFifo_Init) for TxFifo_Init
    uart0int.o(i.UART_OutChar) refers to os.o(i.OS_Wait) for OS_Wait
    uart0int.o(i.UART_OutChar) refers to uart0int.o(i.TxFifo_Put) for TxFifo_Put
    uart0int.o(i.UART_OutChar) refers to uart0int.o(i.copySoftwareToHardware) for copySoftwareToHardware
    uart0int.o(i.UART_OutChar) refers to os.o(.data) for TxRoomLeft
    uart0int.o(i.UART_OutCharNonBlock) refers to uart0int.o(i.TxFifo_Put) for TxFifo_Put
    uart0int.o(i.UART_OutCharNonBlock) refers to uart0int.o(i.copySoftwareToHardware) for copySoftwareToHardware
    uart0int.o(i.UART_OutSDec) refers to uart0int.o(i.UART_OutChar) for UART_OutChar
    uart0int.o(i.UART_OutSDec) refers to uart0int.o(i.UART_OutUDec) for UART_OutUDec
    uart0int.o(i.UART_OutString) refers to uart0int.o(i.UART_OutChar) for UART_OutChar
    uart0int.o(i.UART_OutUDec) refers to uart0int.o(i.UART_OutChar) for UART_OutChar
    uart0int.o(i.UART_OutUHex) refers to uart0int.o(i.UART_OutChar) for UART_OutChar
    uart0int.o(i.copyHardwareToSoftware) refers to uart0int.o(i.RxFifo_Put) for RxFifo_Put
    uart0int.o(i.copyHardwareToSoftware) refers to os.o(i.OS_Signal) for OS_Signal
    uart0int.o(i.copyHardwareToSoftware) refers to uart0int.o(i.RxFifo_Size) for RxFifo_Size
    uart0int.o(i.copyHardwareToSoftware) refers to os.o(.data) for RxDataAvailable
    uart0int.o(i.copySoftwareToHardware) refers to uart0int.o(i.TxFifo_Get) for TxFifo_Get
    uart0int.o(i.copySoftwareToHardware) refers to os.o(i.OS_Signal) for OS_Signal
    uart0int.o(i.copySoftwareToHardware) refers to uart0int.o(i.TxFifo_Size) for TxFifo_Size
    uart0int.o(i.copySoftwareToHardware) refers to os.o(.data) for TxRoomLeft
    adcswtrigger.o(i.ADC0_InSeq2) refers to adcswtrigger.o(.data) for UserTask2
    adcswtrigger.o(i.ADC0_InitSWTriggerSeq2) refers to adcswtrigger.o(.data) for UserTask2
    lpf.o(i.Filter) refers to lpf.o(.data) for n
    lpf.o(i.Filter) refers to lpf.o(.bss) for x
    lpf.o(i.LPF_Calc) refers to lpf.o(.data) for I1
    lpf.o(i.LPF_Calc) refers to lpf.o(.bss) for x1
    lpf.o(i.LPF_Calc2) refers to lpf.o(.data) for I2
    lpf.o(i.LPF_Calc2) refers to lpf.o(.bss) for x2
    lpf.o(i.LPF_Calc3) refers to lpf.o(.data) for I3
    lpf.o(i.LPF_Calc3) refers to lpf.o(.bss) for x3
    lpf.o(i.LPF_Calc4) refers to lpf.o(.data) for I4
    lpf.o(i.LPF_Calc4) refers to lpf.o(.bss) for x4
    lpf.o(i.LPF_Calc5) refers to lpf.o(.data) for I5
    lpf.o(i.LPF_Calc5) refers to lpf.o(.bss) for x5
    lpf.o(i.LPF_Calc6) refers to lpf.o(.data) for I6
    lpf.o(i.LPF_Calc6) refers to lpf.o(.bss) for x6
    lpf.o(i.LPF_Calc7) refers to lpf.o(.data) for I7
    lpf.o(i.LPF_Calc7) refers to lpf.o(.bss) for x7
    lpf.o(i.LPF_Init) refers to lpf.o(.data) for Size1
    lpf.o(i.LPF_Init) refers to lpf.o(.bss) for x1
    lpf.o(i.LPF_Init2) refers to lpf.o(.data) for Size2
    lpf.o(i.LPF_Init2) refers to lpf.o(.bss) for x2
    lpf.o(i.LPF_Init3) refers to lpf.o(.data) for Size3
    lpf.o(i.LPF_Init3) refers to lpf.o(.bss) for x3
    lpf.o(i.LPF_Init4) refers to lpf.o(.data) for Size4
    lpf.o(i.LPF_Init4) refers to lpf.o(.bss) for x4
    lpf.o(i.LPF_Init5) refers to lpf.o(.data) for Size5
    lpf.o(i.LPF_Init5) refers to lpf.o(.bss) for x5
    lpf.o(i.LPF_Init6) refers to lpf.o(.data) for Size6
    lpf.o(i.LPF_Init6) refers to lpf.o(.bss) for x6
    lpf.o(i.LPF_Init7) refers to lpf.o(.data) for Size7
    lpf.o(i.LPF_Init7) refers to lpf.o(.bss) for x7
    lpf.o(i.Median) refers to lpf.o(.data) for u2
    lpf.o(i.Noise) refers to lpf.o(i.sqrt2) for sqrt2
    lpf.o(i.Noise) refers to lpf.o(.data) for Size1
    lpf.o(i.Noise) refers to lpf.o(.bss) for x1
    lpf.o(i.Noise2) refers to lpf.o(i.sqrt2) for sqrt2
    lpf.o(i.Noise2) refers to lpf.o(.data) for Size2
    lpf.o(i.Noise2) refers to lpf.o(.bss) for x2
    lpf.o(i.Noise3) refers to lpf.o(i.sqrt2) for sqrt2
    lpf.o(i.Noise3) refers to lpf.o(.data) for Size3
    lpf.o(i.Noise3) refers to lpf.o(.bss) for x3
    lpf.o(i.Noise4) refers to lpf.o(i.sqrt2) for sqrt2
    lpf.o(i.Noise4) refers to lpf.o(.data) for Size4
    lpf.o(i.Noise4) refers to lpf.o(.bss) for x4
    lpf.o(i.Noise5) refers to lpf.o(i.sqrt2) for sqrt2
    lpf.o(i.Noise5) refers to lpf.o(.data) for Size5
    lpf.o(i.Noise5) refers to lpf.o(.bss) for x5
    lpf.o(i.Noise6) refers to lpf.o(i.sqrt2) for sqrt2
    lpf.o(i.Noise6) refers to lpf.o(.data) for Size6
    lpf.o(i.Noise6) refers to lpf.o(.bss) for x6
    lpf.o(i.Noise7) refers to lpf.o(i.sqrt2) for sqrt2
    lpf.o(i.Noise7) refers to lpf.o(.data) for Size7
    lpf.o(i.Noise7) refers to lpf.o(.bss) for x7
    irdistance.o(i.IRDistance_Convert) refers to irdistance.o(.constdata) for IRmax
    timer4a.o(i.Timer4A_Handler) refers to timer4a.o(.data) for PeriodicTask4
    timer4a.o(i.Timer4A_Init) refers to timer4a.o(.data) for PeriodicTask4
    wtimer0a.o(i.WideTimer0A_Handler) refers to wtimer0a.o(.data) for WidePeriodicTask0
    wtimer0a.o(i.WideTimer0A_Init) refers to wtimer0a.o(.data) for WidePeriodicTask0
    edisk.o(i.SSI0_Init) refers to edisk.o(i.CS_Init) for CS_Init
    edisk.o(i.deselect) refers to edisk.o(i.xchg_spi) for xchg_spi
    edisk.o(i.disk_ioctl) refers to edisk.o(i.select) for select
    edisk.o(i.disk_ioctl) refers to edisk.o(i.send_cmd) for send_cmd
    edisk.o(i.disk_ioctl) refers to edisk.o(i.rcvr_datablock) for rcvr_datablock
    edisk.o(i.disk_ioctl) refers to edisk.o(i.xchg_spi) for xchg_spi
    edisk.o(i.disk_ioctl) refers to edisk.o(i.wait_ready) for wait_ready
    edisk.o(i.disk_ioctl) refers to edisk.o(i.deselect) for deselect
    edisk.o(i.disk_ioctl) refers to edisk.o(.data) for Stat
    edisk.o(i.disk_timerproc) refers to edisk.o(.data) for Timer1
    edisk.o(i.eDisk_Init) refers to edisk.o(i.init_spi) for init_spi
    edisk.o(i.eDisk_Init) refers to edisk.o(i.xchg_spi) for xchg_spi
    edisk.o(i.eDisk_Init) refers to edisk.o(i.send_cmd) for send_cmd
    edisk.o(i.eDisk_Init) refers to edisk.o(i.deselect) for deselect
    edisk.o(i.eDisk_Init) refers to edisk.o(.data) for Stat
    edisk.o(i.eDisk_Read) refers to edisk.o(i.send_cmd) for send_cmd
    edisk.o(i.eDisk_Read) refers to edisk.o(i.rcvr_datablock) for rcvr_datablock
    edisk.o(i.eDisk_Read) refers to edisk.o(i.deselect) for deselect
    edisk.o(i.eDisk_Read) refers to edisk.o(.data) for Stat
    edisk.o(i.eDisk_ReadBlock) refers to edisk.o(i.eDisk_Read) for eDisk_Read
    edisk.o(i.eDisk_Status) refers to edisk.o(.data) for Stat
    edisk.o(i.eDisk_Write) refers to edisk.o(i.send_cmd) for send_cmd
    edisk.o(i.eDisk_Write) refers to edisk.o(i.xmit_datablock) for xmit_datablock
    edisk.o(i.eDisk_Write) refers to edisk.o(i.deselect) for deselect
    edisk.o(i.eDisk_Write) refers to edisk.o(.data) for Stat
    edisk.o(i.eDisk_WriteBlock) refers to edisk.o(i.eDisk_Write) for eDisk_Write
    edisk.o(i.init_spi) refers to edisk.o(i.SSI0_Init) for SSI0_Init
    edisk.o(i.init_spi) refers to edisk.o(.data) for Timer1
    edisk.o(i.rcvr_datablock) refers to edisk.o(i.xchg_spi) for xchg_spi
    edisk.o(i.rcvr_datablock) refers to edisk.o(i.rcvr_spi_multi) for rcvr_spi_multi
    edisk.o(i.rcvr_datablock) refers to edisk.o(.data) for Timer1
    edisk.o(i.rcvr_spi_multi) refers to edisk.o(i.rcvr_spi) for rcvr_spi
    edisk.o(i.select) refers to edisk.o(i.xchg_spi) for xchg_spi
    edisk.o(i.select) refers to edisk.o(i.wait_ready) for wait_ready
    edisk.o(i.select) refers to edisk.o(i.deselect) for deselect
    edisk.o(i.send_cmd) refers to edisk.o(i.deselect) for deselect
    edisk.o(i.send_cmd) refers to edisk.o(i.select) for select
    edisk.o(i.send_cmd) refers to edisk.o(i.xchg_spi) for xchg_spi
    edisk.o(i.wait_ready) refers to edisk.o(i.xchg_spi) for xchg_spi
    edisk.o(i.wait_ready) refers to edisk.o(.data) for Timer2
    edisk.o(i.xmit_datablock) refers to edisk.o(i.wait_ready) for wait_ready
    edisk.o(i.xmit_datablock) refers to edisk.o(i.xchg_spi) for xchg_spi
    edisk.o(i.xmit_datablock) refers to edisk.o(i.xmit_spi_multi) for xmit_spi_multi
    timer5a.o(i.Timer5A_Handler) refers to timer5a.o(.data) for PeriodicTask5
    timer5a.o(i.Timer5A_Init) refers to timer5a.o(.data) for PeriodicTask5
    osasm.o(.text) refers to os.o(.data) for RunPt
    entry.o(.ARM.Collect$$$$00000000) refers (Special) to entry10a.o(.ARM.Collect$$$$0000000D) for __rt_final_cpp
    entry.o(.ARM.Collect$$$$00000000) refers (Special) to entry11a.o(.ARM.Collect$$$$0000000F) for __rt_final_exit
    entry.o(.ARM.Collect$$$$00000000) refers (Special) to entry7b.o(.ARM.Collect$$$$00000008) for _main_clock
    entry.o(.ARM.Collect$$$$00000000) refers (Special) to entry8b.o(.ARM.Collect$$$$0000000A) for _main_cpp_init
    entry.o(.ARM.Collect$$$$00000000) refers (Special) to entry9a.o(.ARM.Collect$$$$0000000B) for _main_init
    entry.o(.ARM.Collect$$$$00000000) refers (Special) to entry5.o(.ARM.Collect$$$$00000004) for _main_scatterload
    entry.o(.ARM.Collect$$$$00000000) refers (Special) to entry2.o(.ARM.Collect$$$$00000001) for _main_stk
    strtok.o(.text) refers to strtok.o(.data) for .data
    strtok_r.o(.text) refers to strtok_r.o(.data) for .data
    malloc.o(i.free) refers to mvars.o(.data) for __microlib_freelist
    malloc.o(i.malloc) refers to mvars.o(.data) for __microlib_freelist_initialised
    malloc.o(i.malloc) refers to mvars.o(.data) for __microlib_freelist
    malloc.o(i.malloc) refers to startup.o(HEAP) for __heap_base
    mallocr.o(i.__free$realloc) refers to mvars.o(.data) for __microlib_freelist
    mallocr.o(i.__malloc$realloc) refers to mallocr.o(i.internal_alloc) for internal_alloc
    mallocr.o(i.__malloc$realloc) refers to mvars.o(.data) for __microlib_freelist_initialised
    mallocr.o(i.__malloc$realloc) refers to startup.o(HEAP) for __heap_base
    mallocr.o(i.__malloc$realloc) refers to mvars.o(.data) for __microlib_freelist
    mallocr.o(i.internal_alloc) refers to memcpya.o(.text) for __aeabi_memcpy
    mallocr.o(i.internal_alloc) refers to mvars.o(.data) for __microlib_freelist
    mallocr.o(i.realloc) refers to mallocr.o(i.__free$realloc) for __free$realloc
    mallocr.o(i.realloc) refers to mallocr.o(i.internal_alloc) for internal_alloc
    mallocr.o(i.realloc) refers to mallocr.o(i.__malloc$realloc) for __malloc$realloc
    mallocr.o(i.realloc) refers to mvars.o(.data) for __microlib_freelist
    malloca.o(i.__aligned_malloc) refers to mvars.o(.data) for __microlib_freelist_initialised
    malloca.o(i.__aligned_malloc) refers to mvars.o(.data) for __microlib_freelist
    malloca.o(i.__aligned_malloc) refers to startup.o(HEAP) for __heap_base
    malloca.o(i.__free$memalign) refers to mvars.o(.data) for __microlib_freelist
    malloca.o(i.__malloc$memalign) refers to malloca.o(i.__aligned_malloc) for __aligned_malloc
    mallocra.o(i.__aligned_malloc$realloc) refers to mallocra.o(i.internal_alloc) for internal_alloc
    mallocra.o(i.__aligned_malloc$realloc) refers to mvars.o(.data) for __microlib_freelist_initialised
    mallocra.o(i.__aligned_malloc$realloc) refers to startup.o(HEAP) for __heap_base
    mallocra.o(i.__aligned_malloc$realloc) refers to mvars.o(.data) for __microlib_freelist
    mallocra.o(i.__free$realloc$memalign) refers to mvars.o(.data) for __microlib_freelist
    mallocra.o(i.__malloc$realloc$memalign) refers to mallocra.o(i.__aligned_malloc$realloc) for __aligned_malloc$realloc
    mallocra.o(i.__realloc$memalign) refers to mallocra.o(i.__free$realloc$memalign) for __free$realloc$memalign
    mallocra.o(i.__realloc$memalign) refers to mallocra.o(i.internal_alloc) for internal_alloc
    mallocra.o(i.__realloc$memalign) refers to mallocra.o(i.__malloc$realloc$memalign) for __malloc$realloc$memalign
    mallocra.o(i.__realloc$memalign) refers to mvars.o(.data) for __microlib_freelist
    mallocra.o(i.internal_alloc) refers to memcpya.o(.text) for __aeabi_memcpy
    mallocra.o(i.internal_alloc) refers to mvars.o(.data) for __microlib_freelist
    strtol.o(.text) refers to ctype_o.o(.text) for __rt_ctype_table
    strtol.o(.text) refers to _strtoul.o(.text) for _strtoul
    strtol.o(.text) refers to errno.o(i.__aeabi_errno_addr) for __aeabi_errno_addr
    entry2.o(.ARM.Collect$$$$00000001) refers to entry2.o(.ARM.Collect$$$$00002712) for __lit__00000000
    entry2.o(.ARM.Collect$$$$00002712) refers to startup.o(STACK) for __initial_sp
    entry2.o(__vectab_stack_and_reset_area) refers to startup.o(STACK) for __initial_sp
    entry2.o(__vectab_stack_and_reset_area) refers to entry.o(.ARM.Collect$$$$00000000) for __main
    entry5.o(.ARM.Collect$$$$00000004) refers to init.o(.text) for __scatterload
    entry9a.o(.ARM.Collect$$$$0000000B) refers to lab1.o(i.main) for main
    entry9b.o(.ARM.Collect$$$$0000000C) refers to lab1.o(i.main) for main
    ctype_o.o(.text) refers to ctype_o.o(.constdata) for .constdata
    ctype_o.o(.constdata) refers to ctype_o.o(.constdata) for __ctype_table
    isalnum_o.o(.text) refers to ctype_o.o(.text) for __rt_ctype_table
    isalpha_o.o(.text) refers to ctype_o.o(.text) for __rt_ctype_table
    isblank_o.o(.text) refers to ctype_o.o(.constdata) for __ctype_table
    iscntrl_o.o(.text) refers to ctype_o.o(.text) for __rt_ctype_table
    isdigit_o.o(.text) refers to ctype_o.o(.text) for __rt_ctype_table
    isgraph_o.o(.text) refers to ctype_o.o(.text) for __rt_ctype_table
    islower_o.o(.text) refers to ctype_o.o(.text) for __rt_ctype_table
    isprint_o.o(.text) refers to ctype_o.o(.text) for __rt_ctype_table
    ispunct_o.o(.text) refers to ctype_o.o(.text) for __rt_ctype_table
    isspace_o.o(.text) refers to ctype_o.o(.text) for __rt_ctype_table
    isupper_o.o(.text) refers to ctype_o.o(.text) for __rt_ctype_table
    isxdigit_o.o(.text) refers to ctype_o.o(.text) for __rt_ctype_table
    errno.o(i.__aeabi_errno_addr) refers to errno.o(.data) for .data
    errno.o(i.__read_errno) refers to errno.o(.data) for .data
    errno.o(i.__set_errno) refers to errno.o(.data) for .data
    _strtoul.o(.text) refers to _chval.o(.text) for _chval
    _strtoul.o(.text) refers to errno.o(i.__aeabi_errno_addr) for __aeabi_errno_addr
    init.o(.text) refers to entry5.o(.ARM.Collect$$$$00000004) for __main_after_scatterload


==============================================================================

Removing Unused input sections from the image.

    Removing os.o(i.OS_AddPeriodicThread), (124 bytes).
    Removing os.o(i.OS_AddProcess), (10 bytes).
    Removing os.o(i.OS_AddSW1Task), (212 bytes).
    Removing os.o(i.OS_AddSW2Task), (6 bytes).
    Removing os.o(i.OS_AddThread), (764 bytes).
    Removing os.o(i.OS_EndRedirectToFile), (28 bytes).
    Removing os.o(i.OS_Fifo_Get), (88 bytes).
    Removing os.o(i.OS_Fifo_Init), (48 bytes).
    Removing os.o(i.OS_Fifo_Put), (52 bytes).
    Removing os.o(i.OS_Fifo_Size), (4 bytes).
    Removing os.o(i.OS_Id), (4 bytes).
    Removing os.o(i.OS_Kill), (108 bytes).
    Removing os.o(i.OS_Launch), (52 bytes).
    Removing os.o(i.OS_LockScheduler), (4 bytes).
    Removing os.o(i.OS_MailBox_Init), (20 bytes).
    Removing os.o(i.OS_MailBox_Recv), (28 bytes).
    Removing os.o(i.OS_MailBox_Send), (28 bytes).
    Removing os.o(i.OS_RedirectToFile), (36 bytes).
    Removing os.o(i.OS_RedirectToST7735), (4 bytes).
    Removing os.o(i.OS_RedirectToUART), (12 bytes).
    Removing os.o(i.OS_Sleep), (76 bytes).
    Removing os.o(i.OS_Suspend), (8 bytes).
    Removing os.o(i.OS_Time), (44 bytes).
    Removing os.o(i.OS_TimeDifference), (12 bytes).
    Removing os.o(i.OS_UnLockScheduler), (2 bytes).
    Removing os.o(i.SysTick_Init), (44 bytes).
    Removing os.o(i.fgetc), (20 bytes).
    Removing os.o(i.fputc), (48 bytes).
    Removing os.o(.constdata), (4 bytes).
    Removing interpreter.o(i.Jitter), (2 bytes).
    Removing launchpad.o(i.DelayMs), (32 bytes).
    Removing launchpad.o(i.LaunchPad_Input), (24 bytes).
    Removing launchpad.o(i.LaunchPad_Output), (12 bytes).
    Removing launchpad.o(i.LaunchPad_WaitForRelease), (56 bytes).
    Removing launchpad.o(i.LaunchPad_WaitForTouch), (32 bytes).
    Removing st7735.o(i.ST7735_DrawBitmap), (288 bytes).
    Removing st7735.o(i.ST7735_DrawChar), (272 bytes).
    Removing st7735.o(i.ST7735_DrawCircle), (168 bytes).
    Removing st7735.o(i.ST7735_DrawFastHLine), (124 bytes).
    Removing st7735.o(i.ST7735_DrawFastVLine), (124 bytes).
    Removing st7735.o(i.ST7735_DrawSmallCircle), (168 bytes).
    Removing st7735.o(i.ST7735_InitB), (52 bytes).
    Removing st7735.o(i.ST7735_InvertDisplay), (22 bytes).
    Removing st7735.o(i.ST7735_OutString), (24 bytes).
    Removing st7735.o(i.ST7735_OutUDec2), (80 bytes).
    Removing st7735.o(i.ST7735_OutUDec4), (140 bytes).
    Removing st7735.o(i.ST7735_OutUDec5), (140 bytes).
    Removing st7735.o(i.ST7735_PlotBar), (88 bytes).
    Removing st7735.o(i.ST7735_PlotClear), (92 bytes).
    Removing st7735.o(i.ST7735_PlotLine), (264 bytes).
    Removing st7735.o(i.ST7735_PlotNext), (32 bytes).
    Removing st7735.o(i.ST7735_PlotNextErase), (64 bytes).
    Removing st7735.o(i.ST7735_PlotPoint), (152 bytes).
    Removing st7735.o(i.ST7735_PlotPoints), (172 bytes).
    Removing st7735.o(i.ST7735_PlotdBfs), (60 bytes).
    Removing st7735.o(i.ST7735_SetRotation), (212 bytes).
    Removing st7735.o(i.ST7735_SetTextColor), (12 bytes).
    Removing st7735.o(i.ST7735_SwapColor), (18 bytes).
    Removing st7735.o(i.fillmessage4), (100 bytes).
    Removing st7735.o(i.fillmessage5), (128 bytes).
    Removing uart0int.o(i.Fixed_Fix2Str), (252 bytes).
    Removing uart0int.o(i.UART_Fix2), (20 bytes).
    Removing uart0int.o(i.UART_InCharNonBlock), (20 bytes).
    Removing uart0int.o(i.UART_InUDec), (76 bytes).
    Removing uart0int.o(i.UART_InUHex), (108 bytes).
    Removing uart0int.o(i.UART_OutCharNonBlock), (52 bytes).
    Removing uart0int.o(i.UART_OutSDec), (24 bytes).
    Removing uart0int.o(i.UART_OutUHex), (52 bytes).
    Removing adcswtrigger.o(i.ADC0_InSeq2), (80 bytes).
    Removing adcswtrigger.o(i.ADC0_InSeq3), (44 bytes).
    Removing adcswtrigger.o(i.ADC0_InSeq3_InternalTemperature), (64 bytes).
    Removing adcswtrigger.o(i.ADC0_InitSWTriggerSeq2), (224 bytes).
    Removing adcswtrigger.o(i.ADC0_InitSWTriggerSeq3), (1016 bytes).
    Removing adcswtrigger.o(i.ADC0_InitSWTriggerSeq3_Ch7), (248 bytes).
    Removing adcswtrigger.o(i.ADC0_InitSWTriggerSeq3_Ch9), (248 bytes).
    Removing adcswtrigger.o(i.ADC0_InitSWTriggerSeq3_InternalTemperature), (128 bytes).
    Removing adcswtrigger.o(i.ADC_In3210), (80 bytes).
    Removing adcswtrigger.o(i.ADC_In89), (56 bytes).
    Removing adcswtrigger.o(i.ADC_Init3210), (248 bytes).
    Removing adcswtrigger.o(i.ADC_Init89), (220 bytes).
    Removing adcswtrigger.o(.data), (4 bytes).
    Removing lpf.o(i.Filter), (200 bytes).
    Removing lpf.o(i.LPF_Calc), (92 bytes).
    Removing lpf.o(i.LPF_Calc2), (92 bytes).
    Removing lpf.o(i.LPF_Calc3), (92 bytes).
    Removing lpf.o(i.LPF_Calc4), (92 bytes).
    Removing lpf.o(i.LPF_Calc5), (92 bytes).
    Removing lpf.o(i.LPF_Calc6), (92 bytes).
    Removing lpf.o(i.LPF_Calc7), (92 bytes).
    Removing lpf.o(i.LPF_Init), (72 bytes).
    Removing lpf.o(i.LPF_Init2), (72 bytes).
    Removing lpf.o(i.LPF_Init3), (72 bytes).
    Removing lpf.o(i.LPF_Init4), (72 bytes).
    Removing lpf.o(i.LPF_Init5), (72 bytes).
    Removing lpf.o(i.LPF_Init6), (72 bytes).
    Removing lpf.o(i.LPF_Init7), (72 bytes).
    Removing lpf.o(i.Noise), (136 bytes).
    Removing lpf.o(i.Noise2), (136 bytes).
    Removing lpf.o(i.Noise3), (136 bytes).
    Removing lpf.o(i.Noise4), (136 bytes).
    Removing lpf.o(i.Noise5), (136 bytes).
    Removing lpf.o(i.Noise6), (136 bytes).
    Removing lpf.o(i.Noise7), (136 bytes).
    Removing lpf.o(i.sqrt2), (32 bytes).
    Removing lpf.o(.bss), (496 bytes).
    Removing timer4a.o(i.Timer4A_Stop), (24 bytes).
    Removing wtimer0a.o(i.WideTimer0_Stop), (24 bytes).
    Removing edisk.o(i.SSI0_Init), (332 bytes).
    Removing edisk.o(i.deselect), (20 bytes).
    Removing edisk.o(i.disk_ioctl), (552 bytes).
    Removing edisk.o(i.disk_timerproc), (64 bytes).
    Removing edisk.o(i.eDisk_Init), (348 bytes).
    Removing edisk.o(i.eDisk_Read), (144 bytes).
    Removing edisk.o(i.eDisk_ReadBlock), (20 bytes).
    Removing edisk.o(i.eDisk_Status), (20 bytes).
    Removing edisk.o(i.eDisk_Write), (180 bytes).
    Removing edisk.o(i.eDisk_WriteBlock), (20 bytes).
    Removing edisk.o(i.init_spi), (40 bytes).
    Removing edisk.o(i.rcvr_datablock), (72 bytes).
    Removing edisk.o(i.rcvr_spi), (48 bytes).
    Removing edisk.o(i.rcvr_spi_multi), (24 bytes).
    Removing edisk.o(i.select), (48 bytes).
    Removing edisk.o(i.send_cmd), (150 bytes).
    Removing edisk.o(i.wait_ready), (48 bytes).
    Removing edisk.o(i.xchg_spi), (56 bytes).
    Removing edisk.o(i.xmit_datablock), (76 bytes).
    Removing edisk.o(i.xmit_spi_multi), (48 bytes).
    Removing edisk.o(.data), (13 bytes).
    Removing efile.o(i.eFile_Create), (6 bytes).
    Removing efile.o(i.eFile_DClose), (4 bytes).
    Removing efile.o(i.eFile_DOpen), (6 bytes).
    Removing efile.o(i.eFile_Delete), (6 bytes).
    Removing efile.o(i.eFile_DirNext), (6 bytes).
    Removing efile.o(i.eFile_Format), (4 bytes).
    Removing efile.o(i.eFile_Init), (4 bytes).
    Removing efile.o(i.eFile_Mount), (4 bytes).
    Removing efile.o(i.eFile_RClose), (4 bytes).
    Removing efile.o(i.eFile_ROpen), (6 bytes).
    Removing efile.o(i.eFile_ReadNext), (6 bytes).
    Removing efile.o(i.eFile_Unmount), (4 bytes).
    Removing efile.o(i.eFile_WClose), (4 bytes).
    Removing efile.o(i.eFile_WOpen), (6 bytes).
    Removing efile.o(i.eFile_Write), (6 bytes).
    Removing timer5a.o(i.Timer5_Stop), (24 bytes).

144 unused section(s) (total 13607 bytes) removed from the image.

==============================================================================

Image Symbol Table

    Local Symbols

    Symbol Name                              Value     Ov Type        Size  Object(Section)

    RESET                                    0x00000000   Section      644  startup.o(RESET)
    ../clib/../cmprslib/zerorunl.c           0x00000000   Number         0  __dczerorl.o ABSOLUTE
    ../clib/microlib/ctype/ctype.c           0x00000000   Number         0  isxdigit_o.o ABSOLUTE
    ../clib/microlib/ctype/ctype.c           0x00000000   Number         0  isupper_o.o ABSOLUTE
    ../clib/microlib/ctype/ctype.c           0x00000000   Number         0  isspace_o.o ABSOLUTE
    ../clib/microlib/ctype/ctype.c           0x00000000   Number         0  ispunct_o.o ABSOLUTE
    ../clib/microlib/ctype/ctype.c           0x00000000   Number         0  islower_o.o ABSOLUTE
    ../clib/microlib/ctype/ctype.c           0x00000000   Number         0  iscntrl_o.o ABSOLUTE
    ../clib/microlib/ctype/ctype.c           0x00000000   Number         0  isprint_o.o ABSOLUTE
    ../clib/microlib/ctype/ctype.c           0x00000000   Number         0  isgraph_o.o ABSOLUTE
    ../clib/microlib/ctype/ctype.c           0x00000000   Number         0  isdigit_o.o ABSOLUTE
    ../clib/microlib/ctype/ctype.c           0x00000000   Number         0  isblank_o.o ABSOLUTE
    ../clib/microlib/ctype/ctype.c           0x00000000   Number         0  isalnum_o.o ABSOLUTE
    ../clib/microlib/ctype/ctype.c           0x00000000   Number         0  ctype_o.o ABSOLUTE
    ../clib/microlib/ctype/ctype.c           0x00000000   Number         0  isalpha_o.o ABSOLUTE
    ../clib/microlib/errno.c                 0x00000000   Number         0  errno.o ABSOLUTE
    ../clib/microlib/init/entry.s            0x00000000   Number         0  entry9b.o ABSOLUTE
    ../clib/microlib/init/entry.s            0x00000000   Number         0  entry9a.o ABSOLUTE
    ../clib/microlib/init/entry.s            0x00000000   Number         0  entry8b.o ABSOLUTE
    ../clib/microlib/init/entry.s            0x00000000   Number         0  entry8a.o ABSOLUTE
    ../clib/microlib/init/entry.s            0x00000000   Number         0  entry10a.o ABSOLUTE
    ../clib/microlib/init/entry.s            0x00000000   Number         0  entry7b.o ABSOLUTE
    ../clib/microlib/init/entry.s            0x00000000   Number         0  entry7a.o ABSOLUTE
    ../clib/microlib/init/entry.s            0x00000000   Number         0  entry10b.o ABSOLUTE
    ../clib/microlib/init/entry.s            0x00000000   Number         0  entry2.o ABSOLUTE
    ../clib/microlib/init/entry.s            0x00000000   Number         0  entry11a.o ABSOLUTE
    ../clib/microlib/init/entry.s            0x00000000   Number         0  entry5.o ABSOLUTE
    ../clib/microlib/init/entry.s            0x00000000   Number         0  entry11b.o ABSOLUTE
    ../clib/microlib/init/entry.s            0x00000000   Number         0  entry.o ABSOLUTE
    ../clib/microlib/malloc/malloc.c         0x00000000   Number         0  malloca.o ABSOLUTE
    ../clib/microlib/malloc/malloc.c         0x00000000   Number         0  mallocr.o ABSOLUTE
    ../clib/microlib/malloc/malloc.c         0x00000000   Number         0  malloc.o ABSOLUTE
    ../clib/microlib/malloc/malloc.c         0x00000000   Number         0  mallocra.o ABSOLUTE
    ../clib/microlib/malloc/mvars.c          0x00000000   Number         0  mvars.o ABSOLUTE
    ../clib/microlib/string/memcpy.c         0x00000000   Number         0  memcpyb.o ABSOLUTE
    ../clib/microlib/string/memcpy.c         0x00000000   Number         0  memcpya.o ABSOLUTE
    ../clib/microlib/string/strcmp.c         0x00000000   Number         0  strcmp.o ABSOLUTE
    ../clib/microlib/string/strcpy.c         0x00000000   Number         0  strcpy.o ABSOLUTE
    ../clib/microlib/string/strlen.c         0x00000000   Number         0  strlen.o ABSOLUTE
    ../clib/microlib/string/strtok.c         0x00000000   Number         0  strtok.o ABSOLUTE
    ../clib/microlib/string/strtok.c         0x00000000   Number         0  strtok_r.o ABSOLUTE
    ../clib/scanf.c                          0x00000000   Number         0  _strtoul.o ABSOLUTE
    ../clib/scanf.c                          0x00000000   Number         0  _chval.o ABSOLUTE
    ../clib/scanf.c                          0x00000000   Number         0  strtol.o ABSOLUTE
    ..\RTOS_Labs_common\ADC.c                0x00000000   Number         0  adc.o ABSOLUTE
    ..\RTOS_Labs_common\Interpreter.c        0x00000000   Number         0  interpreter.o ABSOLUTE
    ..\RTOS_Labs_common\OS.c                 0x00000000   Number         0  os.o ABSOLUTE
    ..\RTOS_Labs_common\ST7735.c             0x00000000   Number         0  st7735.o ABSOLUTE
    ..\RTOS_Labs_common\UART0int.c           0x00000000   Number         0  uart0int.o ABSOLUTE
    ..\RTOS_Labs_common\eDisk.c              0x00000000   Number         0  edisk.o ABSOLUTE
    ..\RTOS_Labs_common\efile.c              0x00000000   Number         0  efile.o ABSOLUTE
    ..\RTOS_Labs_common\osasm.s              0x00000000   Number         0  osasm.o ABSOLUTE
    ..\inc\ADCSWTrigger.c                    0x00000000   Number         0  adcswtrigger.o ABSOLUTE
    ..\inc\IRDistance.c                      0x00000000   Number         0  irdistance.o ABSOLUTE
    ..\inc\LPF.c                             0x00000000   Number         0  lpf.o ABSOLUTE
    ..\inc\LaunchPad.c                       0x00000000   Number         0  launchpad.o ABSOLUTE
    ..\inc\PLL.c                             0x00000000   Number         0  pll.o ABSOLUTE
    ..\inc\Timer4A.c                         0x00000000   Number         0  timer4a.o ABSOLUTE
    ..\inc\Timer5A.c                         0x00000000   Number         0  timer5a.o ABSOLUTE
    ..\inc\WTimer0A.c                        0x00000000   Number         0  wtimer0a.o ABSOLUTE
    Lab1.c                                   0x00000000   Number         0  lab1.o ABSOLUTE
    dc.s                                     0x00000000   Number         0  dc.o ABSOLUTE
    handlers.s                               0x00000000   Number         0  handlers.o ABSOLUTE
    init.s                                   0x00000000   Number         0  init.o ABSOLUTE
    startup.s                                0x00000000   Number         0  startup.o ABSOLUTE
    .ARM.Collect$$$$00000000                 0x00000284   Section        0  entry.o(.ARM.Collect$$$$00000000)
    .ARM.Collect$$$$00000001                 0x00000284   Section        4  entry2.o(.ARM.Collect$$$$00000001)
    .ARM.Collect$$$$00000004                 0x00000288   Section        4  entry5.o(.ARM.Collect$$$$00000004)
    .ARM.Collect$$$$00000008                 0x0000028c   Section        0  entry7b.o(.ARM.Collect$$$$00000008)
    .ARM.Collect$$$$0000000A                 0x0000028c   Section        0  entry8b.o(.ARM.Collect$$$$0000000A)
    .ARM.Collect$$$$0000000B                 0x0000028c   Section        8  entry9a.o(.ARM.Collect$$$$0000000B)
    .ARM.Collect$$$$0000000D                 0x00000294   Section        0  entry10a.o(.ARM.Collect$$$$0000000D)
    .ARM.Collect$$$$0000000F                 0x00000294   Section        0  entry11a.o(.ARM.Collect$$$$0000000F)
    .ARM.Collect$$$$00002712                 0x00000294   Section        4  entry2.o(.ARM.Collect$$$$00002712)
    __lit__00000000                          0x00000294   Data           4  entry2.o(.ARM.Collect$$$$00002712)
    .text                                    0x00000298   Section       28  startup.o(.text)
    .text                                    0x000002b4   Section       92  osasm.o(.text)
    .text                                    0x00000310   Section        0  strlen.o(.text)
    .text                                    0x0000031e   Section        0  strcmp.o(.text)
    .text                                    0x0000033c   Section        0  strtok.o(.text)
    .text                                    0x00000380   Section        0  strtol.o(.text)
    .text                                    0x000003f0   Section        0  ctype_o.o(.text)
    .text                                    0x000003f8   Section        0  _strtoul.o(.text)
    .text                                    0x00000498   Section       36  init.o(.text)
    .text                                    0x000004bc   Section        0  _chval.o(.text)
    .text                                    0x000004d8   Section        0  __dczerorl.o(.text)
    i.ADC_In                                 0x00000514   Section        0  adc.o(i.ADC_In)
    i.ADC_Init                               0x00000540   Section        0  adc.o(i.ADC_Init)
    i.CS_Init                                0x00000924   Section        0  edisk.o(i.CS_Init)
    i.DAStask                                0x000009b0   Section        0  lab1.o(i.DAStask)
    i.Delay1ms                               0x00000a18   Section        0  st7735.o(i.Delay1ms)
    i.GPIOPortF_Handler                      0x00000a38   Section        0  os.o(i.GPIOPortF_Handler)
    i.IRDistance_Convert                     0x00000a50   Section        0  irdistance.o(i.IRDistance_Convert)
    i.Interpreter                            0x00000a90   Section        0  interpreter.o(i.Interpreter)
    i.LaunchPad_Init                         0x00000de0   Section        0  launchpad.o(i.LaunchPad_Init)
    i.Median                                 0x00000e3c   Section        0  lpf.o(i.Median)
    i.OSTtask                                0x00000ebc   Section        0  lab1.o(i.OSTtask)
    i.OS_ClearMsTime                         0x00000ee8   Section        0  os.o(i.OS_ClearMsTime)
    i.OS_Init                                0x00000f30   Section        0  os.o(i.OS_Init)
    i.OS_InitSemaphore                       0x00000fd0   Section        0  os.o(i.OS_InitSemaphore)
    i.OS_MsTime                              0x00000fd4   Section        0  os.o(i.OS_MsTime)
    i.OS_Signal                              0x0000100c   Section        0  os.o(i.OS_Signal)
    i.OS_Wait                                0x00001024   Section        0  os.o(i.OS_Wait)
    i.OS_bSignal                             0x00001048   Section        0  os.o(i.OS_bSignal)
    i.OS_bWait                               0x0000104e   Section        0  os.o(i.OS_bWait)
    i.PLL_Init                               0x00001070   Section        0  pll.o(i.PLL_Init)
    i.RxFifo_Get                             0x000010ec   Section        0  uart0int.o(i.RxFifo_Get)
    i.RxFifo_Init                            0x00001128   Section        0  uart0int.o(i.RxFifo_Init)
    i.RxFifo_Put                             0x0000113c   Section        0  uart0int.o(i.RxFifo_Put)
    i.RxFifo_Size                            0x00001178   Section        0  uart0int.o(i.RxFifo_Size)
    i.ST7735_Color565                        0x00001190   Section        0  st7735.o(i.ST7735_Color565)
    i.ST7735_DrawCharS                       0x000011a8   Section        0  st7735.o(i.ST7735_DrawCharS)
    i.ST7735_DrawPixel                       0x000012a0   Section        0  st7735.o(i.ST7735_DrawPixel)
    i.ST7735_DrawString                      0x000012e8   Section        0  st7735.o(i.ST7735_DrawString)
    i.ST7735_FillRect                        0x00001340   Section        0  st7735.o(i.ST7735_FillRect)
    i.ST7735_FillScreen                      0x000013ec   Section        0  st7735.o(i.ST7735_FillScreen)
    i.ST7735_InitR                           0x00001410   Section        0  st7735.o(i.ST7735_InitR)
    i.ST7735_Message                         0x00001498   Section        0  st7735.o(i.ST7735_Message)
    i.ST7735_OutChar                         0x00001540   Section        0  st7735.o(i.ST7735_OutChar)
    i.ST7735_OutUDec                         0x00001614   Section        0  st7735.o(i.ST7735_OutUDec)
    i.ST7735_SetCursor                       0x000016a0   Section        0  st7735.o(i.ST7735_SetCursor)
    i.SysTick_Handler                        0x000016c0   Section        0  os.o(i.SysTick_Handler)
    i.Timer0A_Handler                        0x000016f8   Section        0  os.o(i.Timer0A_Handler)
    i.Timer4A_Handler                        0x00001710   Section        0  timer4a.o(i.Timer4A_Handler)
    i.Timer4A_Init                           0x00001728   Section        0  timer4a.o(i.Timer4A_Init)
    i.Timer5A_Handler                        0x00001788   Section        0  timer5a.o(i.Timer5A_Handler)
    i.Timer5A_Init                           0x000017a0   Section        0  timer5a.o(i.Timer5A_Init)
    i.TxFifo_Get                             0x00001800   Section        0  uart0int.o(i.TxFifo_Get)
    i.TxFifo_Init                            0x0000183c   Section        0  uart0int.o(i.TxFifo_Init)
    i.TxFifo_Put                             0x00001850   Section        0  uart0int.o(i.TxFifo_Put)
    i.TxFifo_Size                            0x0000188c   Section        0  uart0int.o(i.TxFifo_Size)
    i.UART0_Handler                          0x000018a4   Section        0  uart0int.o(i.UART0_Handler)
    i.UART_InChar                            0x000018fc   Section        0  uart0int.o(i.UART_InChar)
    i.UART_InString                          0x0000191c   Section        0  uart0int.o(i.UART_InString)
    i.UART_Init                              0x00001964   Section        0  uart0int.o(i.UART_Init)
    i.UART_OutChar                           0x00001a2c   Section        0  uart0int.o(i.UART_OutChar)
    i.UART_OutString                         0x00001a68   Section        0  uart0int.o(i.UART_OutString)
    i.UART_OutUDec                           0x00001a80   Section        0  uart0int.o(i.UART_OutUDec)
    i.WDTimer0A_task                         0x00001aac   Section        0  os.o(i.WDTimer0A_task)
    i.WideTimer0A_Handler                    0x00001af8   Section        0  wtimer0a.o(i.WideTimer0A_Handler)
    i.WideTimer0A_Init                       0x00001b10   Section        0  wtimer0a.o(i.WideTimer0A_Init)
    i.__aeabi_errno_addr                     0x00001b74   Section        0  errno.o(i.__aeabi_errno_addr)
    i.__scatterload_copy                     0x00001b7c   Section       14  handlers.o(i.__scatterload_copy)
    i.__scatterload_null                     0x00001b8a   Section        2  handlers.o(i.__scatterload_null)
    i.__scatterload_zeroinit                 0x00001b8c   Section       14  handlers.o(i.__scatterload_zeroinit)
    i.commandList                            0x00001b9a   Section        0  st7735.o(i.commandList)
    commandList                              0x00001b9b   Thumb Code    86  st7735.o(i.commandList)
    i.commonInit                             0x00001bf0   Section        0  st7735.o(i.commonInit)
    commonInit                               0x00001bf1   Thumb Code   346  st7735.o(i.commonInit)
    i.copyHardwareToSoftware                 0x00001d7c   Section        0  uart0int.o(i.copyHardwareToSoftware)
    copyHardwareToSoftware                   0x00001d7d   Thumb Code    46  uart0int.o(i.copyHardwareToSoftware)
    i.copySoftwareToHardware                 0x00001db4   Section        0  uart0int.o(i.copySoftwareToHardware)
    copySoftwareToHardware                   0x00001db5   Thumb Code    44  uart0int.o(i.copySoftwareToHardware)
    i.fillmessage                            0x00001de8   Section        0  st7735.o(i.fillmessage)
    i.main                                   0x00001e30   Section        0  lab1.o(i.main)
    i.malloc                                 0x00001ecc   Section        0  malloc.o(i.malloc)
    i.pushColor                              0x00001f38   Section        0  st7735.o(i.pushColor)
    pushColor                                0x00001f39   Thumb Code    18  st7735.o(i.pushColor)
    i.setAddrWindow                          0x00001f4c   Section        0  st7735.o(i.setAddrWindow)
    setAddrWindow                            0x00001f4d   Thumb Code   106  st7735.o(i.setAddrWindow)
    i.writecommand                           0x00001fc0   Section        0  st7735.o(i.writecommand)
    writecommand                             0x00001fc1   Thumb Code    68  st7735.o(i.writecommand)
    i.writedata                              0x00002010   Section        0  st7735.o(i.writedata)
    writedata                                0x00002011   Thumb Code    70  st7735.o(i.writedata)
    .constdata                               0x00002064   Section     2114  st7735.o(.constdata)
    Font                                     0x00002064   Data        1275  st7735.o(.constdata)
    Bcmd                                     0x0000255f   Data         103  st7735.o(.constdata)
    Rcmd1                                    0x000025c6   Data          59  st7735.o(.constdata)
    Rcmd2green                               0x00002601   Data          13  st7735.o(.constdata)
    Rcmd2red                                 0x0000260e   Data          13  st7735.o(.constdata)
    Rcmd3                                    0x0000261b   Data          43  st7735.o(.constdata)
    .constdata                               0x000028a8   Section       64  irdistance.o(.constdata)
    .constdata                               0x000028e8   Section      129  ctype_o.o(.constdata)
    .constdata                               0x0000296c   Section        4  ctype_o.o(.constdata)
    table                                    0x0000296c   Data           4  ctype_o.o(.constdata)
    .data                                    0x20000000   Section       20  lab1.o(.data)
    .data                                    0x20000014   Section       44  os.o(.data)
    .data                                    0x20000040   Section       44  st7735.o(.data)
    ColStart                                 0x2000004a   Data           1  st7735.o(.data)
    RowStart                                 0x2000004b   Data           1  st7735.o(.data)
    Rotation                                 0x2000004c   Data           1  st7735.o(.data)
    TabColor                                 0x2000004d   Data           1  st7735.o(.data)
    _width                                   0x2000004e   Data           2  st7735.o(.data)
    _height                                  0x20000050   Data           2  st7735.o(.data)
    .data                                    0x2000006c   Section       16  uart0int.o(.data)
    .data                                    0x2000007c   Section      156  lpf.o(.data)
    n                                        0x20000114   Data           4  lpf.o(.data)
    .data                                    0x20000118   Section        4  timer4a.o(.data)
    .data                                    0x2000011c   Section        4  wtimer0a.o(.data)
    .data                                    0x20000120   Section        4  timer5a.o(.data)
    .data                                    0x20000124   Section        4  strtok.o(.data)
    state                                    0x20000124   Data           4  strtok.o(.data)
    .data                                    0x20000128   Section        4  mvars.o(.data)
    .data                                    0x2000012c   Section        4  mvars.o(.data)
    .data                                    0x20000130   Section        4  errno.o(.data)
    _errno                                   0x20000130   Data           4  errno.o(.data)
    .bss                                     0x20000134   Section    21296  os.o(.bss)
    .bss                                     0x20005464   Section       12  st7735.o(.bss)
    .bss                                     0x20005470   Section     2048  uart0int.o(.bss)
    RxFifo                                   0x20005470   Data        1024  uart0int.o(.bss)
    TxFifo                                   0x20005870   Data        1024  uart0int.o(.bss)
    HEAP                                     0x20005c70   Section        0  startup.o(HEAP)
    STACK                                    0x20005c70   Section     1024  startup.o(STACK)
    StackMem                                 0x20005c70   Data           0  startup.o(STACK)

    Global Symbols

    Symbol Name                              Value     Ov Type        Size  Object(Section)

    BuildAttributes$$THM_ISAv4$E$P$D$K$B$S$7EM$PE$A:L22UL41UL21$X:L11$S22US41US21$IEEE1$IW$USESV6$~STKCKD$USESV7$~SHL$OSPACE$EBA8$MICROLIB$REQ8$PRES8$EABIv2 0x00000000   Number         0  anon$$obj.o ABSOLUTE
    __ARM_use_no_argv                        0x00000000   Number         0  lab1.o ABSOLUTE
    __Vectors                                0x00000000   Data           0  startup.o(RESET)
    __cpp_initialize__aeabi_                  - Undefined Weak Reference
    __cxa_finalize                            - Undefined Weak Reference
    _clock_init                               - Undefined Weak Reference
    _microlib_exit                            - Undefined Weak Reference
    Reset_Handler                            0x0000026d   Thumb Code     0  startup.o(RESET)
    NMI_Handler                              0x00000271   Thumb Code     2  startup.o(RESET)
    HardFault_Handler                        0x00000273   Thumb Code     2  startup.o(RESET)
    MemManage_Handler                        0x00000275   Thumb Code     2  startup.o(RESET)
    BusFault_Handler                         0x00000277   Thumb Code     2  startup.o(RESET)
    UsageFault_Handler                       0x00000279   Thumb Code     2  startup.o(RESET)
    DebugMon_Handler                         0x0000027d   Thumb Code     2  startup.o(RESET)
    ADC0Seq0_Handler                         0x00000283   Thumb Code     0  startup.o(RESET)
    ADC0Seq1_Handler                         0x00000283   Thumb Code     0  startup.o(RESET)
    ADC0Seq2_Handler                         0x00000283   Thumb Code     0  startup.o(RESET)
    ADC0Seq3_Handler                         0x00000283   Thumb Code     0  startup.o(RESET)
    ADC1Seq0_Handler                         0x00000283   Thumb Code     0  startup.o(RESET)
    ADC1Seq1_Handler                         0x00000283   Thumb Code     0  startup.o(RESET)
    ADC1Seq2_Handler                         0x00000283   Thumb Code     0  startup.o(RESET)
    ADC1Seq3_Handler                         0x00000283   Thumb Code     0  startup.o(RESET)
    CAN0_Handler                             0x00000283   Thumb Code     0  startup.o(RESET)
    CAN1_Handler                             0x00000283   Thumb Code     0  startup.o(RESET)
    CAN2_Handler                             0x00000283   Thumb Code     0  startup.o(RESET)
    Comp0_Handler                            0x00000283   Thumb Code     0  startup.o(RESET)
    Comp1_Handler                            0x00000283   Thumb Code     0  startup.o(RESET)
    Comp2_Handler                            0x00000283   Thumb Code     0  startup.o(RESET)
    Ethernet_Handler                         0x00000283   Thumb Code     0  startup.o(RESET)
    ExtBus_Handler                           0x00000283   Thumb Code     0  startup.o(RESET)
    FPU_Handler                              0x00000283   Thumb Code     0  startup.o(RESET)
    Fan0_Handler                             0x00000283   Thumb Code     0  startup.o(RESET)
    FlashCtl_Handler                         0x00000283   Thumb Code     0  startup.o(RESET)
    GPIOPortA_Handler                        0x00000283   Thumb Code     0  startup.o(RESET)
    GPIOPortB_Handler                        0x00000283   Thumb Code     0  startup.o(RESET)
    GPIOPortC_Handler                        0x00000283   Thumb Code     0  startup.o(RESET)
    GPIOPortD_Handler                        0x00000283   Thumb Code     0  startup.o(RESET)
    GPIOPortE_Handler                        0x00000283   Thumb Code     0  startup.o(RESET)
    GPIOPortG_Handler                        0x00000283   Thumb Code     0  startup.o(RESET)
    GPIOPortH_Handler                        0x00000283   Thumb Code     0  startup.o(RESET)
    GPIOPortJ_Handler                        0x00000283   Thumb Code     0  startup.o(RESET)
    GPIOPortK_Handler                        0x00000283   Thumb Code     0  startup.o(RESET)
    GPIOPortL_Handler                        0x00000283   Thumb Code     0  startup.o(RESET)
    GPIOPortM_Handler                        0x00000283   Thumb Code     0  startup.o(RESET)
    GPIOPortN_Handler                        0x00000283   Thumb Code     0  startup.o(RESET)
    GPIOPortP1_Handler                       0x00000283   Thumb Code     0  startup.o(RESET)
    GPIOPortP2_Handler                       0x00000283   Thumb Code     0  startup.o(RESET)
    GPIOPortP3_Handler                       0x00000283   Thumb Code     0  startup.o(RESET)
    GPIOPortP4_Handler                       0x00000283   Thumb Code     0  startup.o(RESET)
    GPIOPortP5_Handler                       0x00000283   Thumb Code     0  startup.o(RESET)
    GPIOPortP6_Handler                       0x00000283   Thumb Code     0  startup.o(RESET)
    GPIOPortP7_Handler                       0x00000283   Thumb Code     0  startup.o(RESET)
    GPIOPortP_Handler                        0x00000283   Thumb Code     0  startup.o(RESET)
    GPIOPortQ1_Handler                       0x00000283   Thumb Code     0  startup.o(RESET)
    GPIOPortQ2_Handler                       0x00000283   Thumb Code     0  startup.o(RESET)
    GPIOPortQ3_Handler                       0x00000283   Thumb Code     0  startup.o(RESET)
    GPIOPortQ4_Handler                       0x00000283   Thumb Code     0  startup.o(RESET)
    GPIOPortQ5_Handler                       0x00000283   Thumb Code     0  startup.o(RESET)
    GPIOPortQ6_Handler                       0x00000283   Thumb Code     0  startup.o(RESET)
    GPIOPortQ7_Handler                       0x00000283   Thumb Code     0  startup.o(RESET)
    GPIOPortQ_Handler                        0x00000283   Thumb Code     0  startup.o(RESET)
    GPIOPortR_Handler                        0x00000283   Thumb Code     0  startup.o(RESET)
    GPIOPortS_Handler                        0x00000283   Thumb Code     0  startup.o(RESET)
    Hibernate_Handler                        0x00000283   Thumb Code     0  startup.o(RESET)
    I2C0_Handler                             0x00000283   Thumb Code     0  startup.o(RESET)
    I2C1_Handler                             0x00000283   Thumb Code     0  startup.o(RESET)
    I2C2_Handler                             0x00000283   Thumb Code     0  startup.o(RESET)
    I2C3_Handler                             0x00000283   Thumb Code     0  startup.o(RESET)
    I2C4_Handler                             0x00000283   Thumb Code     0  startup.o(RESET)
    I2C5_Handler                             0x00000283   Thumb Code     0  startup.o(RESET)
    I2S0_Handler                             0x00000283   Thumb Code     0  startup.o(RESET)
    LPC0_Handler                             0x00000283   Thumb Code     0  startup.o(RESET)
    PECI0_Handler                            0x00000283   Thumb Code     0  startup.o(RESET)
    PWM0Fault_Handler                        0x00000283   Thumb Code     0  startup.o(RESET)
    PWM0Generator0_Handler                   0x00000283   Thumb Code     0  startup.o(RESET)
    PWM0Generator1_Handler                   0x00000283   Thumb Code     0  startup.o(RESET)
    PWM0Generator2_Handler                   0x00000283   Thumb Code     0  startup.o(RESET)
    PWM0Generator3_Handler                   0x00000283   Thumb Code     0  startup.o(RESET)
    PWM1Fault_Handler                        0x00000283   Thumb Code     0  startup.o(RESET)
    PWM1Generator0_Handler                   0x00000283   Thumb Code     0  startup.o(RESET)
    PWM1Generator1_Handler                   0x00000283   Thumb Code     0  startup.o(RESET)
    PWM1Generator2_Handler                   0x00000283   Thumb Code     0  startup.o(RESET)
    PWM1Generator3_Handler                   0x00000283   Thumb Code     0  startup.o(RESET)
    Quadrature0_Handler                      0x00000283   Thumb Code     0  startup.o(RESET)
    Quadrature1_Handler                      0x00000283   Thumb Code     0  startup.o(RESET)
    Quadrature2_Handler                      0x00000283   Thumb Code     0  startup.o(RESET)
    SSI0_Handler                             0x00000283   Thumb Code     0  startup.o(RESET)
    SSI1_Handler                             0x00000283   Thumb Code     0  startup.o(RESET)
    SSI2_Handler                             0x00000283   Thumb Code     0  startup.o(RESET)
    SSI3_Handler                             0x00000283   Thumb Code     0  startup.o(RESET)
    SysCtl_Handler                           0x00000283   Thumb Code     0  startup.o(RESET)
    Timer0B_Handler                          0x00000283   Thumb Code     0  startup.o(RESET)
    Timer1A_Handler                          0x00000283   Thumb Code     0  startup.o(RESET)
    Timer1B_Handler                          0x00000283   Thumb Code     0  startup.o(RESET)
    Timer2A_Handler                          0x00000283   Thumb Code     0  startup.o(RESET)
    Timer2B_Handler                          0x00000283   Thumb Code     0  startup.o(RESET)
    Timer3A_Handler                          0x00000283   Thumb Code     0  startup.o(RESET)
    Timer3B_Handler                          0x00000283   Thumb Code     0  startup.o(RESET)
    Timer4B_Handler                          0x00000283   Thumb Code     0  startup.o(RESET)
    Timer5B_Handler                          0x00000283   Thumb Code     0  startup.o(RESET)
    UART1_Handler                            0x00000283   Thumb Code     0  startup.o(RESET)
    UART2_Handler                            0x00000283   Thumb Code     0  startup.o(RESET)
    UART3_Handler                            0x00000283   Thumb Code     0  startup.o(RESET)
    UART4_Handler                            0x00000283   Thumb Code     0  startup.o(RESET)
    UART5_Handler                            0x00000283   Thumb Code     0  startup.o(RESET)
    UART6_Handler                            0x00000283   Thumb Code     0  startup.o(RESET)
    UART7_Handler                            0x00000283   Thumb Code     0  startup.o(RESET)
    USB0_Handler                             0x00000283   Thumb Code     0  startup.o(RESET)
    WDT_Handler                              0x00000283   Thumb Code     0  startup.o(RESET)
    WideTimer0B_Handler                      0x00000283   Thumb Code     0  startup.o(RESET)
    WideTimer1A_Handler                      0x00000283   Thumb Code     0  startup.o(RESET)
    WideTimer1B_Handler                      0x00000283   Thumb Code     0  startup.o(RESET)
    WideTimer2A_Handler                      0x00000283   Thumb Code     0  startup.o(RESET)
    WideTimer2B_Handler                      0x00000283   Thumb Code     0  startup.o(RESET)
    WideTimer3A_Handler                      0x00000283   Thumb Code     0  startup.o(RESET)
    WideTimer3B_Handler                      0x00000283   Thumb Code     0  startup.o(RESET)
    WideTimer4A_Handler                      0x00000283   Thumb Code     0  startup.o(RESET)
    WideTimer4B_Handler                      0x00000283   Thumb Code     0  startup.o(RESET)
    WideTimer5A_Handler                      0x00000283   Thumb Code     0  startup.o(RESET)
    WideTimer5B_Handler                      0x00000283   Thumb Code     0  startup.o(RESET)
    uDMA_Error                               0x00000283   Thumb Code     0  startup.o(RESET)
    uDMA_Handler                             0x00000283   Thumb Code     0  startup.o(RESET)
    __main                                   0x00000285   Thumb Code     0  entry.o(.ARM.Collect$$$$00000000)
    _main_stk                                0x00000285   Thumb Code     0  entry2.o(.ARM.Collect$$$$00000001)
    _main_scatterload                        0x00000289   Thumb Code     0  entry5.o(.ARM.Collect$$$$00000004)
    __main_after_scatterload                 0x0000028d   Thumb Code     0  entry5.o(.ARM.Collect$$$$00000004)
    _main_clock                              0x0000028d   Thumb Code     0  entry7b.o(.ARM.Collect$$$$00000008)
    _main_cpp_init                           0x0000028d   Thumb Code     0  entry8b.o(.ARM.Collect$$$$0000000A)
    _main_init                               0x0000028d   Thumb Code     0  entry9a.o(.ARM.Collect$$$$0000000B)
    __rt_final_cpp                           0x00000295   Thumb Code     0  entry10a.o(.ARM.Collect$$$$0000000D)
    __rt_final_exit                          0x00000295   Thumb Code     0  entry11a.o(.ARM.Collect$$$$0000000F)
    DisableInterrupts                        0x00000299   Thumb Code     0  startup.o(.text)
    EnableInterrupts                         0x0000029d   Thumb Code     0  startup.o(.text)
    StartCritical                            0x000002a1   Thumb Code     0  startup.o(.text)
    EndCritical                              0x000002a9   Thumb Code     0  startup.o(.text)
    WaitForInterrupt                         0x000002af   Thumb Code     0  startup.o(.text)
    StartOS                                  0x000002b5   Thumb Code     0  osasm.o(.text)
    ContextSwitch                            0x000002d7   Thumb Code     0  osasm.o(.text)
    PendSV_Handler                           0x000002e1   Thumb Code     0  osasm.o(.text)
    SVC_Handler                              0x00000301   Thumb Code     0  osasm.o(.text)
    strlen                                   0x00000311   Thumb Code    14  strlen.o(.text)
    strcmp                                   0x0000031f   Thumb Code    28  strcmp.o(.text)
    strtok                                   0x0000033d   Thumb Code    62  strtok.o(.text)
    strtol                                   0x00000381   Thumb Code   112  strtol.o(.text)
    __rt_ctype_table                         0x000003f1   Thumb Code     4  ctype_o.o(.text)
    _strtoul                                 0x000003f9   Thumb Code   158  _strtoul.o(.text)
    __scatterload                            0x00000499   Thumb Code    28  init.o(.text)
    __scatterload_rt2                        0x00000499   Thumb Code     0  init.o(.text)
    _chval                                   0x000004bd   Thumb Code    28  _chval.o(.text)
    __decompress                             0x000004d9   Thumb Code     0  __dczerorl.o(.text)
    __decompress0                            0x000004d9   Thumb Code    58  __dczerorl.o(.text)
    ADC_In                                   0x00000515   Thumb Code    38  adc.o(i.ADC_In)
    ADC_Init                                 0x00000541   Thumb Code   954  adc.o(i.ADC_Init)
    CS_Init                                  0x00000925   Thumb Code   118  edisk.o(i.CS_Init)
    DAStask                                  0x000009b1   Thumb Code    84  lab1.o(i.DAStask)
    Delay1ms                                 0x00000a19   Thumb Code    32  st7735.o(i.Delay1ms)
    GPIOPortF_Handler                        0x00000a39   Thumb Code    16  os.o(i.GPIOPortF_Handler)
    IRDistance_Convert                       0x00000a51   Thumb Code    46  irdistance.o(i.IRDistance_Convert)
    Interpreter                              0x00000a91   Thumb Code   522  interpreter.o(i.Interpreter)
    LaunchPad_Init                           0x00000de1   Thumb Code    70  launchpad.o(i.LaunchPad_Init)
    Median                                   0x00000e3d   Thumb Code   114  lpf.o(i.Median)
    OSTtask                                  0x00000ebd   Thumb Code    36  lab1.o(i.OSTtask)
    OS_ClearMsTime                           0x00000ee9   Thumb Code    52  os.o(i.OS_ClearMsTime)
    OS_Init                                  0x00000f31   Thumb Code    96  os.o(i.OS_Init)
    OS_InitSemaphore                         0x00000fd1   Thumb Code     4  os.o(i.OS_InitSemaphore)
    OS_MsTime                                0x00000fd5   Thumb Code    36  os.o(i.OS_MsTime)
    OS_Signal                                0x0000100d   Thumb Code    24  os.o(i.OS_Signal)
    OS_Wait                                  0x00001025   Thumb Code    36  os.o(i.OS_Wait)
    OS_bSignal                               0x00001049   Thumb Code     6  os.o(i.OS_bSignal)
    OS_bWait                                 0x0000104f   Thumb Code    34  os.o(i.OS_bWait)
    PLL_Init                                 0x00001071   Thumb Code   120  pll.o(i.PLL_Init)
    RxFifo_Get                               0x000010ed   Thumb Code    46  uart0int.o(i.RxFifo_Get)
    RxFifo_Init                              0x00001129   Thumb Code    12  uart0int.o(i.RxFifo_Init)
    RxFifo_Put                               0x0000113d   Thumb Code    48  uart0int.o(i.RxFifo_Put)
    RxFifo_Size                              0x00001179   Thumb Code    14  uart0int.o(i.RxFifo_Size)
    ST7735_Color565                          0x00001191   Thumb Code    24  st7735.o(i.ST7735_Color565)
    ST7735_DrawCharS                         0x000011a9   Thumb Code   236  st7735.o(i.ST7735_DrawCharS)
    ST7735_DrawPixel                         0x000012a1   Thumb Code    64  st7735.o(i.ST7735_DrawPixel)
    ST7735_DrawString                        0x000012e9   Thumb Code    86  st7735.o(i.ST7735_DrawString)
    ST7735_FillRect                          0x00001341   Thumb Code   164  st7735.o(i.ST7735_FillRect)
    ST7735_FillScreen                        0x000013ed   Thumb Code    28  st7735.o(i.ST7735_FillScreen)
    ST7735_InitR                             0x00001411   Thumb Code    98  st7735.o(i.ST7735_InitR)
    ST7735_Message                           0x00001499   Thumb Code   162  st7735.o(i.ST7735_Message)
    ST7735_OutChar                           0x00001541   Thumb Code   176  st7735.o(i.ST7735_OutChar)
    ST7735_OutUDec                           0x00001615   Thumb Code   118  st7735.o(i.ST7735_OutUDec)
    ST7735_SetCursor                         0x000016a1   Thumb Code    22  st7735.o(i.ST7735_SetCursor)
    SysTick_Handler                          0x000016c1   Thumb Code    42  os.o(i.SysTick_Handler)
    Timer0A_Handler                          0x000016f9   Thumb Code    16  os.o(i.Timer0A_Handler)
    Timer4A_Handler                          0x00001711   Thumb Code    16  timer4a.o(i.Timer4A_Handler)
    Timer4A_Init                             0x00001729   Thumb Code    74  timer4a.o(i.Timer4A_Init)
    Timer5A_Handler                          0x00001789   Thumb Code    16  timer5a.o(i.Timer5A_Handler)
    Timer5A_Init                             0x000017a1   Thumb Code    76  timer5a.o(i.Timer5A_Init)
    TxFifo_Get                               0x00001801   Thumb Code    46  uart0int.o(i.TxFifo_Get)
    TxFifo_Init                              0x0000183d   Thumb Code    12  uart0int.o(i.TxFifo_Init)
    TxFifo_Put                               0x00001851   Thumb Code    48  uart0int.o(i.TxFifo_Put)
    TxFifo_Size                              0x0000188d   Thumb Code    14  uart0int.o(i.TxFifo_Size)
    UART0_Handler                            0x000018a5   Thumb Code    82  uart0int.o(i.UART0_Handler)
    UART_InChar                              0x000018fd   Thumb Code    26  uart0int.o(i.UART_InChar)
    UART_InString                            0x0000191d   Thumb Code    70  uart0int.o(i.UART_InString)
    UART_Init                                0x00001965   Thumb Code   174  uart0int.o(i.UART_Init)
    UART_OutChar                             0x00001a2d   Thumb Code    52  uart0int.o(i.UART_OutChar)
    UART_OutString                           0x00001a69   Thumb Code    24  uart0int.o(i.UART_OutString)
    UART_OutUDec                             0x00001a81   Thumb Code    42  uart0int.o(i.UART_OutUDec)
    WDTimer0A_task                           0x00001aad   Thumb Code    66  os.o(i.WDTimer0A_task)
    WideTimer0A_Handler                      0x00001af9   Thumb Code    16  wtimer0a.o(i.WideTimer0A_Handler)
    WideTimer0A_Init                         0x00001b11   Thumb Code    78  wtimer0a.o(i.WideTimer0A_Init)
    __aeabi_errno_addr                       0x00001b75   Thumb Code     4  errno.o(i.__aeabi_errno_addr)
    __rt_errno_addr                          0x00001b75   Thumb Code     0  errno.o(i.__aeabi_errno_addr)
    __scatterload_copy                       0x00001b7d   Thumb Code    14  handlers.o(i.__scatterload_copy)
    __scatterload_null                       0x00001b8b   Thumb Code     2  handlers.o(i.__scatterload_null)
    __scatterload_zeroinit                   0x00001b8d   Thumb Code    14  handlers.o(i.__scatterload_zeroinit)
    fillmessage                              0x00001de9   Thumb Code    64  st7735.o(i.fillmessage)
    main                                     0x00001e31   Thumb Code    92  lab1.o(i.main)
    malloc                                   0x00001ecd   Thumb Code    92  malloc.o(i.malloc)
    smallCircle                              0x00002646   Data          36  st7735.o(.constdata)
    circle                                   0x0000266a   Data          60  st7735.o(.constdata)
    dBfs                                     0x000026a6   Data         512  st7735.o(.constdata)
    A                                        0x000028a8   Data          16  irdistance.o(.constdata)
    B                                        0x000028b8   Data          16  irdistance.o(.constdata)
    C                                        0x000028c8   Data          16  irdistance.o(.constdata)
    IRmax                                    0x000028d8   Data          16  irdistance.o(.constdata)
    __ctype_table                            0x000028e8   Data         129  ctype_o.o(.constdata)
    Region$$Table$$Base                      0x00002970   Number         0  anon$$obj.o(Region$$Table)
    Region$$Table$$Limit                     0x00002990   Number         0  anon$$obj.o(Region$$Table)
    ADCdata                                  0x20000000   Data           4  lab1.o(.data)
    FilterOutput                             0x20000004   Data           4  lab1.o(.data)
    Distance                                 0x20000008   Data           4  lab1.o(.data)
    FilterWork                               0x2000000c   Data           4  lab1.o(.data)
    NumCreated                               0x20000010   Data           4  lab1.o(.data)
    MaxJitter                                0x20000014   Data           4  os.o(.data)
    OStime_round                             0x20000018   Data           4  os.o(.data)
    OStime_ms                                0x2000001c   Data           4  os.o(.data)
    LCDFree                                  0x20000020   Data           4  os.o(.data)
    TxRoomLeft                               0x20000024   Data           4  os.o(.data)
    RxDataAvailable                          0x20000028   Data           4  os.o(.data)
    SW_task                                  0x2000002c   Data           4  os.o(.data)
    PeriodicTask0                            0x20000030   Data           4  os.o(.data)
    RunPt                                    0x20000034   Data           4  os.o(.data)
    SchPt                                    0x20000038   Data           4  os.o(.data)
    StreamToDevice                           0x2000003c   Data           4  os.o(.data)
    StX                                      0x20000040   Data           4  st7735.o(.data)
    StY                                      0x20000044   Data           4  st7735.o(.data)
    StTextColor                              0x20000048   Data           2  st7735.o(.data)
    Messageindex                             0x20000054   Data           4  st7735.o(.data)
    Ymax                                     0x20000058   Data           4  st7735.o(.data)
    Ymin                                     0x2000005c   Data           4  st7735.o(.data)
    X                                        0x20000060   Data           4  st7735.o(.data)
    Yrange                                   0x20000064   Data           4  st7735.o(.data)
    lastj                                    0x20000068   Data           4  st7735.o(.data)
    RxPutI                                   0x2000006c   Data           4  uart0int.o(.data)
    RxGetI                                   0x20000070   Data           4  uart0int.o(.data)
    TxPutI                                   0x20000074   Data           4  uart0int.o(.data)
    TxGetI                                   0x20000078   Data           4  uart0int.o(.data)
    Size1                                    0x2000007c   Data           4  lpf.o(.data)
    I1                                       0x20000080   Data           4  lpf.o(.data)
    LPFSum1                                  0x20000084   Data           4  lpf.o(.data)
    sigma1                                   0x20000088   Data           4  lpf.o(.data)
    snr1                                     0x2000008c   Data           4  lpf.o(.data)
    Size2                                    0x20000090   Data           4  lpf.o(.data)
    I2                                       0x20000094   Data           4  lpf.o(.data)
    LPFSum2                                  0x20000098   Data           4  lpf.o(.data)
    sigma2                                   0x2000009c   Data           4  lpf.o(.data)
    snr2                                     0x200000a0   Data           4  lpf.o(.data)
    Size3                                    0x200000a4   Data           4  lpf.o(.data)
    I3                                       0x200000a8   Data           4  lpf.o(.data)
    LPFSum3                                  0x200000ac   Data           4  lpf.o(.data)
    sigma3                                   0x200000b0   Data           4  lpf.o(.data)
    snr3                                     0x200000b4   Data           4  lpf.o(.data)
    Size4                                    0x200000b8   Data           4  lpf.o(.data)
    I4                                       0x200000bc   Data           4  lpf.o(.data)
    LPFSum4                                  0x200000c0   Data           4  lpf.o(.data)
    sigma4                                   0x200000c4   Data           4  lpf.o(.data)
    snr4                                     0x200000c8   Data           4  lpf.o(.data)
    Size5                                    0x200000cc   Data           4  lpf.o(.data)
    I5                                       0x200000d0   Data           4  lpf.o(.data)
    LPFSum5                                  0x200000d4   Data           4  lpf.o(.data)
    sigma5                                   0x200000d8   Data           4  lpf.o(.data)
    snr5                                     0x200000dc   Data           4  lpf.o(.data)
    Size6                                    0x200000e0   Data           4  lpf.o(.data)
    I6                                       0x200000e4   Data           4  lpf.o(.data)
    LPFSum6                                  0x200000e8   Data           4  lpf.o(.data)
    sigma6                                   0x200000ec   Data           4  lpf.o(.data)
    snr6                                     0x200000f0   Data           4  lpf.o(.data)
    Size7                                    0x200000f4   Data           4  lpf.o(.data)
    I7                                       0x200000f8   Data           4  lpf.o(.data)
    LPFSum7                                  0x200000fc   Data           4  lpf.o(.data)
    sigma7                                   0x20000100   Data           4  lpf.o(.data)
    snr7                                     0x20000104   Data           4  lpf.o(.data)
    u1                                       0x20000108   Data           4  lpf.o(.data)
    u2                                       0x2000010c   Data           4  lpf.o(.data)
    u3                                       0x20000110   Data           4  lpf.o(.data)
    PeriodicTask4                            0x20000118   Data           4  timer4a.o(.data)
    WidePeriodicTask0                        0x2000011c   Data           4  wtimer0a.o(.data)
    PeriodicTask5                            0x20000120   Data           4  timer5a.o(.data)
    __microlib_freelist                      0x20000128   Data           4  mvars.o(.data)
    __microlib_freelist_initialised          0x2000012c   Data           4  mvars.o(.data)
    JitterHistogram                          0x20000134   Data         256  os.o(.bss)
    OS_FIFO                                  0x20000234   Data         268  os.o(.bss)
    OS_MailBox                               0x20000340   Data          12  os.o(.bss)
    TCB_pool                                 0x2000034c   Data         280  os.o(.bss)
    STACK_pool                               0x20000464   Data       20480  os.o(.bss)
    Message                                  0x20005464   Data          12  st7735.o(.bss)
    __heap_base                              0x20005c70   Data           0  startup.o(HEAP)
    __heap_limit                             0x20005c70   Data           0  startup.o(HEAP)
    __initial_sp                             0x20006070   Data           0  startup.o(STACK)



==============================================================================

Memory Map of the image

  Image Entry point : 0x0000026d

  Load Region LR_1 (Base: 0x00000000, Size: 0x00002ac4, Max: 0xffffffff, ABSOLUTE, COMPRESSED[0x000029a0])

    Execution Region ER_RO (Exec base: 0x00000000, Load base: 0x00000000, Size: 0x00002990, Max: 0xffffffff, ABSOLUTE)

    Exec Addr    Load Addr    Size         Type   Attr      Idx    E Section Name        Object

    0x00000000   0x00000000   0x00000284   Code   RO            3  * RESET               startup.o
    0x00000284   0x00000284   0x00000000   Code   RO         1474  * .ARM.Collect$$$$00000000  mc_w.l(entry.o)
    0x00000284   0x00000284   0x00000004   Code   RO         1519    .ARM.Collect$$$$00000001  mc_w.l(entry2.o)
    0x00000288   0x00000288   0x00000004   Code   RO         1522    .ARM.Collect$$$$00000004  mc_w.l(entry5.o)
    0x0000028c   0x0000028c   0x00000000   Code   RO         1524    .ARM.Collect$$$$00000008  mc_w.l(entry7b.o)
    0x0000028c   0x0000028c   0x00000000   Code   RO         1526    .ARM.Collect$$$$0000000A  mc_w.l(entry8b.o)
    0x0000028c   0x0000028c   0x00000008   Code   RO         1527    .ARM.Collect$$$$0000000B  mc_w.l(entry9a.o)
    0x00000294   0x00000294   0x00000000   Code   RO         1529    .ARM.Collect$$$$0000000D  mc_w.l(entry10a.o)
    0x00000294   0x00000294   0x00000000   Code   RO         1531    .ARM.Collect$$$$0000000F  mc_w.l(entry11a.o)
    0x00000294   0x00000294   0x00000004   Code   RO         1520    .ARM.Collect$$$$00002712  mc_w.l(entry2.o)
    0x00000298   0x00000298   0x0000001c   Code   RO            4    .text               startup.o
    0x000002b4   0x000002b4   0x0000005c   Code   RO         1471    .text               osasm.o
    0x00000310   0x00000310   0x0000000e   Code   RO         1477    .text               mc_w.l(strlen.o)
    0x0000031e   0x0000031e   0x0000001c   Code   RO         1479    .text               mc_w.l(strcmp.o)
    0x0000033a   0x0000033a   0x00000002   PAD
    0x0000033c   0x0000033c   0x00000044   Code   RO         1483    .text               mc_w.l(strtok.o)
    0x00000380   0x00000380   0x00000070   Code   RO         1517    .text               mc_w.l(strtol.o)
    0x000003f0   0x000003f0   0x00000008   Code   RO         1533    .text               mc_w.l(ctype_o.o)
    0x000003f8   0x000003f8   0x0000009e   Code   RO         1574    .text               mc_w.l(_strtoul.o)
    0x00000496   0x00000496   0x00000002   PAD
    0x00000498   0x00000498   0x00000024   Code   RO         1576    .text               mc_w.l(init.o)
    0x000004bc   0x000004bc   0x0000001c   Code   RO         1578    .text               mc_w.l(_chval.o)
    0x000004d8   0x000004d8   0x0000003a   Code   RO         1588    .text               mc_w.l(__dczerorl.o)
    0x00000512   0x00000512   0x00000002   PAD
    0x00000514   0x00000514   0x0000002c   Code   RO         1426    i.ADC_In            adc.o
    0x00000540   0x00000540   0x000003e4   Code   RO         1427    i.ADC_Init          adc.o
    0x00000924   0x00000924   0x0000008c   Code   RO         1203    i.CS_Init           edisk.o
    0x000009b0   0x000009b0   0x00000068   Code   RO           12    i.DAStask           lab1.o
    0x00000a18   0x00000a18   0x00000020   Code   RO          466    i.Delay1ms          st7735.o
    0x00000a38   0x00000a38   0x00000018   Code   RO           80    i.GPIOPortF_Handler  os.o
    0x00000a50   0x00000a50   0x00000040   Code   RO         1134    i.IRDistance_Convert  irdistance.o
    0x00000a90   0x00000a90   0x00000350   Code   RO          363    i.Interpreter       interpreter.o
    0x00000de0   0x00000de0   0x0000005c   Code   RO          402    i.LaunchPad_Init    launchpad.o
    0x00000e3c   0x00000e3c   0x00000080   Code   RO          995    i.Median            lpf.o
    0x00000ebc   0x00000ebc   0x0000002c   Code   RO           13    i.OSTtask           lab1.o
    0x00000ee8   0x00000ee8   0x00000048   Code   RO           86    i.OS_ClearMsTime    os.o
    0x00000f30   0x00000f30   0x000000a0   Code   RO           93    i.OS_Init           os.o
    0x00000fd0   0x00000fd0   0x00000004   Code   RO           94    i.OS_InitSemaphore  os.o
    0x00000fd4   0x00000fd4   0x00000038   Code   RO          101    i.OS_MsTime         os.o
    0x0000100c   0x0000100c   0x00000018   Code   RO          105    i.OS_Signal         os.o
    0x00001024   0x00001024   0x00000024   Code   RO          111    i.OS_Wait           os.o
    0x00001048   0x00001048   0x00000006   Code   RO          112    i.OS_bSignal        os.o
    0x0000104e   0x0000104e   0x00000022   Code   RO          113    i.OS_bWait          os.o
    0x00001070   0x00001070   0x0000007c   Code   RO          451    i.PLL_Init          pll.o
    0x000010ec   0x000010ec   0x0000003c   Code   RO          739    i.RxFifo_Get        uart0int.o
    0x00001128   0x00001128   0x00000014   Code   RO          740    i.RxFifo_Init       uart0int.o
    0x0000113c   0x0000113c   0x0000003c   Code   RO          741    i.RxFifo_Put        uart0int.o
    0x00001178   0x00001178   0x00000018   Code   RO          742    i.RxFifo_Size       uart0int.o
    0x00001190   0x00001190   0x00000018   Code   RO          467    i.ST7735_Color565   st7735.o
    0x000011a8   0x000011a8   0x000000f8   Code   RO          470    i.ST7735_DrawCharS  st7735.o
    0x000012a0   0x000012a0   0x00000048   Code   RO          474    i.ST7735_DrawPixel  st7735.o
    0x000012e8   0x000012e8   0x00000056   Code   RO          476    i.ST7735_DrawString  st7735.o
    0x0000133e   0x0000133e   0x00000002   PAD
    0x00001340   0x00001340   0x000000ac   Code   RO          477    i.ST7735_FillRect   st7735.o
    0x000013ec   0x000013ec   0x00000024   Code   RO          478    i.ST7735_FillScreen  st7735.o
    0x00001410   0x00001410   0x00000088   Code   RO          480    i.ST7735_InitR      st7735.o
    0x00001498   0x00001498   0x000000a8   Code   RO          482    i.ST7735_Message    st7735.o
    0x00001540   0x00001540   0x000000d4   Code   RO          483    i.ST7735_OutChar    st7735.o
    0x00001614   0x00001614   0x0000008c   Code   RO          485    i.ST7735_OutUDec    st7735.o
    0x000016a0   0x000016a0   0x00000020   Code   RO          497    i.ST7735_SetCursor  st7735.o
    0x000016c0   0x000016c0   0x00000038   Code   RO          114    i.SysTick_Handler   os.o
    0x000016f8   0x000016f8   0x00000018   Code   RO          116    i.Timer0A_Handler   os.o
    0x00001710   0x00001710   0x00000018   Code   RO         1149    i.Timer4A_Handler   timer4a.o
    0x00001728   0x00001728   0x00000060   Code   RO         1150    i.Timer4A_Init      timer4a.o
    0x00001788   0x00001788   0x00000018   Code   RO         1444    i.Timer5A_Handler   timer5a.o
    0x000017a0   0x000017a0   0x00000060   Code   RO         1445    i.Timer5A_Init      timer5a.o
    0x00001800   0x00001800   0x0000003c   Code   RO          743    i.TxFifo_Get        uart0int.o
    0x0000183c   0x0000183c   0x00000014   Code   RO          744    i.TxFifo_Init       uart0int.o
    0x00001850   0x00001850   0x0000003c   Code   RO          745    i.TxFifo_Put        uart0int.o
    0x0000188c   0x0000188c   0x00000018   Code   RO          746    i.TxFifo_Size       uart0int.o
    0x000018a4   0x000018a4   0x00000058   Code   RO          747    i.UART0_Handler     uart0int.o
    0x000018fc   0x000018fc   0x00000020   Code   RO          749    i.UART_InChar       uart0int.o
    0x0000191c   0x0000191c   0x00000046   Code   RO          751    i.UART_InString     uart0int.o
    0x00001962   0x00001962   0x00000002   PAD
    0x00001964   0x00001964   0x000000c8   Code   RO          754    i.UART_Init         uart0int.o
    0x00001a2c   0x00001a2c   0x0000003c   Code   RO          755    i.UART_OutChar      uart0int.o
    0x00001a68   0x00001a68   0x00000018   Code   RO          758    i.UART_OutString    uart0int.o
    0x00001a80   0x00001a80   0x0000002a   Code   RO          759    i.UART_OutUDec      uart0int.o
    0x00001aaa   0x00001aaa   0x00000002   PAD
    0x00001aac   0x00001aac   0x0000004c   Code   RO          117    i.WDTimer0A_task    os.o
    0x00001af8   0x00001af8   0x00000018   Code   RO         1176    i.WideTimer0A_Handler  wtimer0a.o
    0x00001b10   0x00001b10   0x00000064   Code   RO         1177    i.WideTimer0A_Init  wtimer0a.o
    0x00001b74   0x00001b74   0x00000008   Code   RO         1567    i.__aeabi_errno_addr  mc_w.l(errno.o)
    0x00001b7c   0x00001b7c   0x0000000e   Code   RO         1582    i.__scatterload_copy  mc_w.l(handlers.o)
    0x00001b8a   0x00001b8a   0x00000002   Code   RO         1583    i.__scatterload_null  mc_w.l(handlers.o)
    0x00001b8c   0x00001b8c   0x0000000e   Code   RO         1584    i.__scatterload_zeroinit  mc_w.l(handlers.o)
    0x00001b9a   0x00001b9a   0x00000056   Code   RO          501    i.commandList       st7735.o
    0x00001bf0   0x00001bf0   0x0000018c   Code   RO          502    i.commonInit        st7735.o
    0x00001d7c   0x00001d7c   0x00000038   Code   RO          761    i.copyHardwareToSoftware  uart0int.o
    0x00001db4   0x00001db4   0x00000034   Code   RO          762    i.copySoftwareToHardware  uart0int.o
    0x00001de8   0x00001de8   0x00000048   Code   RO          503    i.fillmessage       st7735.o
    0x00001e30   0x00001e30   0x0000009c   Code   RO           14    i.main              lab1.o
    0x00001ecc   0x00001ecc   0x0000006c   Code   RO         1490    i.malloc            mc_w.l(malloc.o)
    0x00001f38   0x00001f38   0x00000012   Code   RO          506    i.pushColor         st7735.o
    0x00001f4a   0x00001f4a   0x00000002   PAD
    0x00001f4c   0x00001f4c   0x00000074   Code   RO          507    i.setAddrWindow     st7735.o
    0x00001fc0   0x00001fc0   0x00000050   Code   RO          508    i.writecommand      st7735.o
    0x00002010   0x00002010   0x00000054   Code   RO          509    i.writedata         st7735.o
    0x00002064   0x00002064   0x00000842   Data   RO          511    .constdata          st7735.o
    0x000028a6   0x000028a6   0x00000002   PAD
    0x000028a8   0x000028a8   0x00000040   Data   RO         1135    .constdata          irdistance.o
    0x000028e8   0x000028e8   0x00000081   Data   RO         1534    .constdata          mc_w.l(ctype_o.o)
    0x00002969   0x00002969   0x00000003   PAD
    0x0000296c   0x0000296c   0x00000004   Data   RO         1535    .constdata          mc_w.l(ctype_o.o)
    0x00002970   0x00002970   0x00000020   Data   RO         1580    Region$$Table       anon$$obj.o


    Execution Region ER_RW (Exec base: 0x20000000, Load base: 0x00002990, Size: 0x00000134, Max: 0xffffffff, ABSOLUTE, COMPRESSED[0x00000010])

    Exec Addr    Load Addr    Size         Type   Attr      Idx    E Section Name        Object

    0x20000000   COMPRESSED   0x00000014   Data   RW           15    .data               lab1.o
    0x20000014   COMPRESSED   0x0000002c   Data   RW          122    .data               os.o
    0x20000040   COMPRESSED   0x0000002c   Data   RW          512    .data               st7735.o
    0x2000006c   COMPRESSED   0x00000010   Data   RW          764    .data               uart0int.o
    0x2000007c   COMPRESSED   0x0000009c   Data   RW         1005    .data               lpf.o
    0x20000118   COMPRESSED   0x00000004   Data   RW         1152    .data               timer4a.o
    0x2000011c   COMPRESSED   0x00000004   Data   RW         1179    .data               wtimer0a.o
    0x20000120   COMPRESSED   0x00000004   Data   RW         1447    .data               timer5a.o
    0x20000124   COMPRESSED   0x00000004   Data   RW         1484    .data               mc_w.l(strtok.o)
    0x20000128   COMPRESSED   0x00000004   Data   RW         1565    .data               mc_w.l(mvars.o)
    0x2000012c   COMPRESSED   0x00000004   Data   RW         1566    .data               mc_w.l(mvars.o)
    0x20000130   COMPRESSED   0x00000004   Data   RW         1570    .data               mc_w.l(errno.o)


    Execution Region ER_ZI (Exec base: 0x20000134, Load base: 0x000029a0, Size: 0x00005f3c, Max: 0xffffffff, ABSOLUTE)

    Exec Addr    Load Addr    Size         Type   Attr      Idx    E Section Name        Object

    0x20000134        -       0x00005330   Zero   RW          120    .bss                os.o
    0x20005464        -       0x0000000c   Zero   RW          510    .bss                st7735.o
    0x20005470        -       0x00000800   Zero   RW          763    .bss                uart0int.o
    0x20005c70        -       0x00000000   Zero   RW            2    HEAP                startup.o
    0x20005c70        -       0x00000400   Zero   RW            1    STACK               startup.o


==============================================================================

Image component sizes


      Code (inc. data)   RO Data    RW Data    ZI Data      Debug   Object Name

      1040         72          0          0          0       1332   adc.o
       140         22          0          0          0        458   edisk.o
       848        326          0          0          0       1098   interpreter.o
        64         18         64          0          0       1179   irdistance.o
       304         92          0         20          0       6153   lab1.o
        92         22          0          0          0        449   launchpad.o
       128         14          0        156          0       2877   lpf.o
       572        144          0         44      21296       9283   os.o
        92         14          0          0          0        300   osasm.o
       124          4          0          0          0        471   pll.o
      2210        242       2114         44         12      15804   st7735.o
       672        622          0          0       1024        988   startup.o
       120         30          0          4          0       1589   timer4a.o
       120         28          0          4          0       1589   timer5a.o
       952        152          0         16       2048      10303   uart0int.o
       124         30          0          4          0       1621   wtimer0a.o

    ----------------------------------------------------------------------
      7610       1832       2212        292      24380      55494   Object Totals
         0          0         32          0          0          0   (incl. Generated)
         8          0          2          0          0          0   (incl. Padding)

    ----------------------------------------------------------------------

      Code (inc. data)   RO Data    RW Data    ZI Data      Debug   Library Member Name

        58          0          0          0          0          0   __dczerorl.o
        28          0          0          0          0         68   _chval.o
       158          0          0          0          0         92   _strtoul.o
         8          4        133          0          0         68   ctype_o.o
         0          0          0          0          0          0   entry.o
         0          0          0          0          0          0   entry10a.o
         0          0          0          0          0          0   entry11a.o
         8          4          0          0          0          0   entry2.o
         4          0          0          0          0          0   entry5.o
         0          0          0          0          0          0   entry7b.o
         0          0          0          0          0          0   entry8b.o
         8          4          0          0          0          0   entry9a.o
         8          4          0          4          0         68   errno.o
        30          0          0          0          0          0   handlers.o
        36          8          0          0          0         68   init.o
       108         16          0          0          0         84   malloc.o
         0          0          0          8          0          0   mvars.o
        28          0          0          0          0         76   strcmp.o
        14          0          0          0          0         68   strlen.o
        68          6          0          4          0         80   strtok.o
       112          0          0          0          0         88   strtol.o

    ----------------------------------------------------------------------
       682         46        136         16          0        760   Library Totals
         6          0          3          0          0          0   (incl. Padding)

    ----------------------------------------------------------------------

      Code (inc. data)   RO Data    RW Data    ZI Data      Debug   Library Name

       676         46        133         16          0        760   mc_w.l

    ----------------------------------------------------------------------
       682         46        136         16          0        760   Library Totals

    ----------------------------------------------------------------------

==============================================================================


      Code (inc. data)   RO Data    RW Data    ZI Data      Debug   

      8292       1878       2348        308      24380      53002   Grand Totals
      8292       1878       2348         16      24380      53002   ELF Image Totals (compressed)
      8292       1878       2348         16          0          0   ROM Totals

==============================================================================

    Total RO  Size (Code + RO Data)                10640 (  10.39kB)
    Total RW  Size (RW Data + ZI Data)             24688 (  24.11kB)
    Total ROM Size (Code + RO Data + RW Data)      10656 (  10.41kB)

==============================================================================

