Component: ARM Compiler 5.06 update 6 (build 750) Tool: armlink [4d35ed]

==============================================================================

Section Cross References

    startup.o(RESET) refers to startup.o(STACK) for StackMem
    startup.o(RESET) refers to osasm.o(.text) for SVC_Handler
    startup.o(RESET) refers to os.o(i.SysTick_Handler) for SysTick_Handler
    startup.o(RESET) refers to uart0int.o(i.UART0_Handler) for UART0_Handler
    startup.o(RESET) refers to adct0atrigger.o(i.ADC0Seq0_Handler) for ADC0Seq0_Handler
    startup.o(RESET) refers to adct0atrigger.o(i.ADC0Seq3_Handler) for ADC0Seq3_Handler
    startup.o(RESET) refers to os.o(i.GPIOPortF_Handler) for GPIOPortF_Handler
    startup.o(RESET) refers to os.o(i.Timer3A_Handler) for Timer3A_Handler
    startup.o(RESET) refers to os.o(i.Timer4A_Handler) for Timer4A_Handler
    startup.o(RESET) refers to timer5a.o(i.Timer5A_Handler) for Timer5A_Handler
    startup.o(RESET) refers to wtimer0a.o(i.WideTimer0A_Handler) for WideTimer0A_Handler
    startup.o(RESET) refers to entry.o(.ARM.Collect$$$$00000000) for __main
    launchpad.o(i.LaunchPad_WaitForRelease) refers to launchpad.o(i.DelayMs) for DelayMs
    launchpad.o(i.LaunchPad_WaitForTouch) refers to launchpad.o(i.DelayMs) for DelayMs
    lab5.o(i.ButtonWork) refers to os.o(i.OS_Id) for OS_Id
    lab5.o(i.ButtonWork) refers to heap.o(i.Heap_Stats) for Heap_Stats
    lab5.o(i.ButtonWork) refers to os.o(i.OS_Kill) for OS_Kill
    lab5.o(i.ButtonWork) refers to st7735.o(i.ST7735_Message) for ST7735_Message
    lab5.o(i.Idle) refers to startup.o(.text) for WaitForInterrupt
    lab5.o(i.Idle) refers to lab5.o(.data) for IdleCount
    lab5.o(i.SW1Push) refers to os.o(i.OS_MsTime) for OS_MsTime
    lab5.o(i.SW1Push) refers to os.o(i.OS_AddThread) for OS_AddThread
    lab5.o(i.SW1Push) refers to os.o(i.OS_ClearMsTime) for OS_ClearMsTime
    lab5.o(i.SW1Push) refers to lab5.o(i.ButtonWork) for ButtonWork
    lab5.o(i.SW1Push) refers to lab5.o(.data) for NumCreated
    lab5.o(i.SW1Push1) refers to os.o(i.OS_MsTime) for OS_MsTime
    lab5.o(i.SW1Push1) refers to os.o(i.OS_AddThread) for OS_AddThread
    lab5.o(i.SW1Push1) refers to os.o(i.OS_ClearMsTime) for OS_ClearMsTime
    lab5.o(i.SW1Push1) refers to lab5.o(i.TestHeap) for TestHeap
    lab5.o(i.SW1Push1) refers to lab5.o(.data) for NumCreated
    lab5.o(i.SW2Push) refers to os.o(i.OS_MsTime) for OS_MsTime
    lab5.o(i.SW2Push) refers to os.o(i.OS_AddThread) for OS_AddThread
    lab5.o(i.SW2Push) refers to os.o(i.OS_ClearMsTime) for OS_ClearMsTime
    lab5.o(i.SW2Push) refers to lab5.o(i.ButtonWork) for ButtonWork
    lab5.o(i.SW2Push) refers to lab5.o(.data) for NumCreated
    lab5.o(i.SW2Push2) refers to os.o(i.OS_MsTime) for OS_MsTime
    lab5.o(i.SW2Push2) refers to os.o(i.OS_AddThread) for OS_AddThread
    lab5.o(i.SW2Push2) refers to os.o(i.OS_ClearMsTime) for OS_ClearMsTime
    lab5.o(i.SW2Push2) refers to lab5.o(i.TestProcess) for TestProcess
    lab5.o(i.SW2Push2) refers to lab5.o(.data) for NumCreated
    lab5.o(i.SWPush3) refers to os.o(i.OS_AddThread) for OS_AddThread
    lab5.o(i.SWPush3) refers to lab5.o(.data) for line
    lab5.o(i.SWPush3) refers to lab5.o(i.TestSVC) for TestSVC
    lab5.o(i.SWPushFile) refers to os.o(i.OS_AddThread) for OS_AddThread
    lab5.o(i.SWPushFile) refers to lab5.o(.data) for FileTestRunning
    lab5.o(i.SWPushFile) refers to lab5.o(i.TestFile) for TestFile
    lab5.o(i.TestDirectory) refers to printf4.o(i.__0printf$4) for __2printf
    lab5.o(i.TestDirectory) refers to efile.o(i.eFile_DOpen) for eFile_DOpen
    lab5.o(i.TestDirectory) refers to lab5.o(i.diskError) for diskError
    lab5.o(i.TestDirectory) refers to efile.o(i.eFile_DirNext) for eFile_DirNext
    lab5.o(i.TestDirectory) refers to efile.o(i.eFile_DClose) for eFile_DClose
    lab5.o(i.TestDirectory) refers to lab5.o(.constdata) for string1
    lab5.o(i.TestFile) refers to printf4.o(i.__0printf$4) for __2printf
    lab5.o(i.TestFile) refers to st7735.o(i.ST7735_DrawString) for ST7735_DrawString
    lab5.o(i.TestFile) refers to efile.o(i.eFile_Init) for eFile_Init
    lab5.o(i.TestFile) refers to lab5.o(i.diskError) for diskError
    lab5.o(i.TestFile) refers to efile.o(i.eFile_Mount) for eFile_Mount
    lab5.o(i.TestFile) refers to efile.o(i.eFile_Format) for eFile_Format
    lab5.o(i.TestFile) refers to lab5.o(i.TestDirectory) for TestDirectory
    lab5.o(i.TestFile) refers to efile.o(i.eFile_Create) for eFile_Create
    lab5.o(i.TestFile) refers to efile.o(i.eFile_WOpen) for eFile_WOpen
    lab5.o(i.TestFile) refers to efile.o(i.eFile_Write) for eFile_Write
    lab5.o(i.TestFile) refers to efile.o(i.eFile_WClose) for eFile_WClose
    lab5.o(i.TestFile) refers to efile.o(i.eFile_ROpen) for eFile_ROpen
    lab5.o(i.TestFile) refers to efile.o(i.eFile_ReadNext) for eFile_ReadNext
    lab5.o(i.TestFile) refers to uart0int.o(i.UART_OutChar) for UART_OutChar
    lab5.o(i.TestFile) refers to efile.o(i.eFile_Delete) for eFile_Delete
[...]
    i.RxFifo_Init                            0x000022cc   Section        0  uart0int.o(i.RxFifo_Init)
    i.RxFifo_Put                             0x000022e0   Section        0  uart0int.o(i.RxFifo_Put)
    i.RxFifo_Size                            0x0000231c   Section        0  uart0int.o(i.RxFifo_Size)
    i.SSI0_Init                              0x00002334   Section        0  edisk.o(i.SSI0_Init)
    i.ST7735_Color565                        0x00002480   Section        0  st7735.o(i.ST7735_Color565)
    i.ST7735_DrawCharS                       0x00002498   Section        0  st7735.o(i.ST7735_DrawCharS)
    i.ST7735_DrawPixel                       0x00002590   Section        0  st7735.o(i.ST7735_DrawPixel)
    i.ST7735_DrawString                      0x000025d8   Section        0  st7735.o(i.ST7735_DrawString)
    i.ST7735_FillRect                        0x00002630   Section        0  st7735.o(i.ST7735_FillRect)
    i.ST7735_FillScreen                      0x000026dc   Section        0  st7735.o(i.ST7735_FillScreen)
    i.ST7735_InitR                           0x00002700   Section        0  st7735.o(i.ST7735_InitR)
    i.ST7735_Message                         0x00002788   Section        0  st7735.o(i.ST7735_Message)
    i.ST7735_OutChar                         0x00002830   Section        0  st7735.o(i.ST7735_OutChar)
    i.ST7735_OutUDec                         0x00002904   Section        0  st7735.o(i.ST7735_OutUDec)
    i.ST7735_SetCursor                       0x00002990   Section        0  st7735.o(i.ST7735_SetCursor)
    i.SW1Push                                0x000029b0   Section        0  lab5.o(i.SW1Push)
    i.SW2Push                                0x000029e0   Section        0  lab5.o(i.SW2Push)
    i.SysTick_Handler                        0x00002a10   Section        0  os.o(i.SysTick_Handler)
    i.SysTick_Init                           0x00002a2c   Section        0  os.o(i.SysTick_Init)
    i.Timer3A_Handler                        0x00002a58   Section        0  os.o(i.Timer3A_Handler)
    i.Timer4A_Handler                        0x00002a70   Section        0  os.o(i.Timer4A_Handler)
    i.Timer5A_Handler                        0x00002a88   Section        0  timer5a.o(i.Timer5A_Handler)
    i.Timer5A_Init                           0x00002aa0   Section        0  timer5a.o(i.Timer5A_Init)
    i.TxFifo_Get                             0x00002b00   Section        0  uart0int.o(i.TxFifo_Get)
    i.TxFifo_Init                            0x00002b3c   Section        0  uart0int.o(i.TxFifo_Init)
    i.TxFifo_Put                             0x00002b50   Section        0  uart0int.o(i.TxFifo_Put)
    i.TxFifo_Size                            0x00002b8c   Section        0  uart0int.o(i.TxFifo_Size)
    i.UART0_Handler                          0x00002ba4   Section        0  uart0int.o(i.UART0_Handler)
    i.UART_InChar                            0x00002bfc   Section        0  uart0int.o(i.UART_InChar)
    i.UART_InString                          0x00002c1c   Section        0  uart0int.o(i.UART_InString)
    i.UART_Init                              0x00002c64   Section        0  uart0int.o(i.UART_Init)
    i.UART_OutChar                           0x00002d2c   Section        0  uart0int.o(i.UART_OutChar)
    i.UART_OutString                         0x00002d68   Section        0  uart0int.o(i.UART_OutString)
    i.UART_OutUDec                           0x00002d80   Section        0  uart0int.o(i.UART_OutUDec)
    i.WDTimer0A_task                         0x00002dac   Section        0  os.o(i.WDTimer0A_task)
    i.WideTimer0A_Handler                    0x00002e14   Section        0  wtimer0a.o(i.WideTimer0A_Handler)
    i.WideTimer0A_Init                       0x00002e2c   Section        0  wtimer0a.o(i.WideTimer0A_Init)
    i.__aeabi_errno_addr                     0x00002e90   Section        0  errno.o(i.__aeabi_errno_addr)
    i.__scatterload_copy                     0x00002e98   Section       14  handlers.o(i.__scatterload_copy)
    i.__scatterload_null                     0x00002ea6   Section        2  handlers.o(i.__scatterload_null)
    i.__scatterload_zeroinit                 0x00002ea8   Section       14  handlers.o(i.__scatterload_zeroinit)
    i.addressOf                              0x00002eb6   Section        0  loader.o(i.addressOf)
    addressOf                                0x00002eb7   Thumb Code    88  loader.o(i.addressOf)
    i.check_fs                               0x00002f10   Section        0  ff.o(i.check_fs)
    check_fs                                 0x00002f11   Thumb Code   140  ff.o(i.check_fs)
    i.chk_chr                                0x00002fa0   Section        0  ff.o(i.chk_chr)
    chk_chr                                  0x00002fa1   Thumb Code    24  ff.o(i.chk_chr)
    i.clust2sect                             0x00002fb8   Section        0  ff.o(i.clust2sect)
    i.commandList                            0x00002fd2   Section        0  st7735.o(i.commandList)
    commandList                              0x00002fd3   Thumb Code    86  st7735.o(i.commandList)
    i.commonInit                             0x00003028   Section        0  st7735.o(i.commonInit)
    commonInit                               0x00003029   Thumb Code   346  st7735.o(i.commonInit)
    i.copyHardwareToSoftware                 0x000031b4   Section        0  uart0int.o(i.copyHardwareToSoftware)
    copyHardwareToSoftware                   0x000031b5   Thumb Code    46  uart0int.o(i.copyHardwareToSoftware)
    i.copySoftwareToHardware                 0x000031ec   Section        0  uart0int.o(i.copySoftwareToHardware)
    copySoftwareToHardware                   0x000031ed   Thumb Code    44  uart0int.o(i.copySoftwareToHardware)
    i.create_chain                           0x00003220   Section        0  ff.o(i.create_chain)
    create_chain                             0x00003221   Thumb Code   214  ff.o(i.create_chain)
    i.create_name                            0x000032f8   Section        0  ff.o(i.create_name)
    create_name                              0x000032f9   Thumb Code   418  ff.o(i.create_name)
    i.deselect                               0x000034ac   Section        0  edisk.o(i.deselect)
    deselect                                 0x000034ad   Thumb Code    16  edisk.o(i.deselect)
    i.dir_alloc                              0x000034c0   Section        0  ff.o(i.dir_alloc)
    dir_alloc                                0x000034c1   Thumb Code    92  ff.o(i.dir_alloc)
    i.dir_find                               0x0000351c   Section        0  ff.o(i.dir_find)
    dir_find                                 0x0000351d   Thumb Code    92  ff.o(i.dir_find)
    i.dir_next                               0x00003578   Section        0  ff.o(i.dir_next)
    dir_next                                 0x00003579   Thumb Code   272  ff.o(i.dir_next)
    i.dir_read                               0x00003688   Section        0  ff.o(i.dir_read)
    dir_read                                 0x00003689   Thumb Code   112  ff.o(i.dir_read)
    i.dir_register                           0x000036f8   Section        0  ff.o(i.dir_register)
    dir_register                             0x000036f9   Thumb Code    58  ff.o(i.dir_register)
    i.dir_remove                             0x00003732   Section        0  ff.o(i.dir_remove)
    dir_remove                               0x00003733   Thumb Code    54  ff.o(i.dir_remove)
    i.dir_sdi                                0x00003768   Section        0  ff.o(i.dir_sdi)
    dir_sdi                                  0x00003769   Thumb Code   158  ff.o(i.dir_sdi)
    i.disk_ioctl                             0x00003808   Section        0  edisk.o(i.disk_ioctl)
    i.disk_timerproc                         0x00003a30   Section        0  edisk.o(i.disk_timerproc)
    i.dumpData                               0x00003a70   Section        0  loader.o(i.dumpData)
    dumpData                                 0x00003a71   Thumb Code     2  loader.o(i.dumpData)
    i.eDisk_Init                             0x00003a74   Section        0  edisk.o(i.eDisk_Init)
    i.eDisk_Read                             0x00003bd0   Section        0  edisk.o(i.eDisk_Read)
    i.eDisk_Status                           0x00003c60   Section        0  edisk.o(i.eDisk_Status)
    i.eDisk_Write                            0x00003c74   Section        0  edisk.o(i.eDisk_Write)
    i.eFile_Create                           0x00003d28   Section        0  efile.o(i.eFile_Create)
    i.eFile_Delete                           0x00003d5c   Section        0  efile.o(i.eFile_Delete)
    i.eFile_Format                           0x00003d88   Section        0  efile.o(i.eFile_Format)
    i.eFile_Mount                            0x00003db8   Section        0  efile.o(i.eFile_Mount)
    i.eFile_RClose                           0x00003dec   Section        0  efile.o(i.eFile_RClose)
    i.eFile_ROpen                            0x00003e18   Section        0  efile.o(i.eFile_ROpen)
    i.eFile_ReadNext                         0x00003e4c   Section        0  efile.o(i.eFile_ReadNext)
    i.eFile_Unmount                          0x00003e88   Section        0  efile.o(i.eFile_Unmount)
    i.eFile_WClose                           0x00003eb8   Section        0  efile.o(i.eFile_WClose)
    i.eFile_WOpen                            0x00003ee4   Section        0  efile.o(i.eFile_WOpen)
    i.eFile_Write                            0x00003f18   Section        0  efile.o(i.eFile_Write)
    i.exec_elf                               0x00003f54   Section        0  loader.o(i.exec_elf)
    i.f_close                                0x0000403c   Section        0  ff.o(i.f_close)
    i.f_lseek                                0x0000405c   Section        0  ff.o(i.f_lseek)
    i.f_mkfs                                 0x000041dc   Section        0  ff.o(i.f_mkfs)
    i.f_mount                                0x00004824   Section        0  ff.o(i.f_mount)
    i.f_open                                 0x00004880   Section        0  ff.o(i.f_open)
    i.f_read                                 0x000049e4   Section        0  ff.o(i.f_read)
    i.f_sync                                 0x00004b84   Section        0  ff.o(i.f_sync)
    i.f_unlink                               0x00004c34   Section        0  ff.o(i.f_unlink)
    i.f_write                                0x00004cf2   Section        0  ff.o(i.f_write)
    i.fillmessage                            0x00004ecc   Section        0  st7735.o(i.fillmessage)
    i.find_volume                            0x00004f14   Section        0  ff.o(i.find_volume)
    find_volume                              0x00004f15   Thumb Code   890  ff.o(i.find_volume)
    i.follow_path                            0x000052a0   Section        0  ff.o(i.follow_path)
    follow_path                              0x000052a1   Thumb Code   176  ff.o(i.follow_path)
    i.freeElf                                0x00005350   Section        0  loader.o(i.freeElf)
    freeElf                                  0x00005351   Thumb Code    12  loader.o(i.freeElf)
    i.freeSection                            0x0000535c   Section        0  loader.o(i.freeSection)
    freeSection                              0x0000535d   Thumb Code    16  loader.o(i.freeSection)
    i.freeSegment                            0x0000536c   Section        0  loader.o(i.freeSegment)
    freeSegment                              0x0000536d   Thumb Code    16  loader.o(i.freeSegment)
    i.get_fat                                0x0000537c   Section        0  ff.o(i.get_fat)
    i.get_ldnumber                           0x0000546e   Section        0  ff.o(i.get_ldnumber)
    get_ldnumber                             0x0000546f   Thumb Code    74  ff.o(i.get_ldnumber)
    i.initElf                                0x000054b8   Section        0  loader.o(i.initElf)
    initElf                                  0x000054b9   Thumb Code   134  loader.o(i.initElf)
    i.init_spi                               0x00005540   Section        0  edisk.o(i.init_spi)
    init_spi                                 0x00005541   Thumb Code    32  edisk.o(i.init_spi)
    i.jumpTo                                 0x00005568   Section        0  loader.o(i.jumpTo)
    jumpTo                                   0x00005569   Thumb Code    42  loader.o(i.jumpTo)
    i.ld_clust                               0x000055b0   Section        0  ff.o(i.ld_clust)
    ld_clust                                 0x000055b1   Thumb Code    32  ff.o(i.ld_clust)
    i.loadProgram                            0x000055d0   Section        0  loader.o(i.loadProgram)
    loadProgram                              0x000055d1   Thumb Code   162  loader.o(i.loadProgram)
    i.loadSecData                            0x000056bc   Section        0  loader.o(i.loadSecData)
    loadSecData                              0x000056bd   Thumb Code   128  loader.o(i.loadSecData)
    i.loadSegData                            0x000057a8   Section        0  loader.o(i.loadSegData)
    loadSegData                              0x000057a9   Thumb Code   136  loader.o(i.loadSegData)
    i.loadSymbols                            0x0000589c   Section        0  loader.o(i.loadSymbols)
    loadSymbols                              0x0000589d   Thumb Code   118  loader.o(i.loadSymbols)
    i.main                                   0x00005960   Section        0  lab5.o(i.main)
    i.malloc                                 0x0000596c   Section        0  malloc.o(i.malloc)
    i.mem_cmp                                0x000059d8   Section        0  ff.o(i.mem_cmp)
    mem_cmp                                  0x000059d9   Thumb Code    38  ff.o(i.mem_cmp)
    i.mem_cpy                                0x000059fe   Section        0  ff.o(i.mem_cpy)
    mem_cpy                                  0x000059ff   Thumb Code    26  ff.o(i.mem_cpy)
    i.mem_set                                0x00005a18   Section        0  ff.o(i.mem_set)
    mem_set                                  0x00005a19   Thumb Code    20  ff.o(i.mem_set)
    i.move_window                            0x00005a2c   Section        0  ff.o(i.move_window)
    move_window                              0x00005a2d   Thumb Code    52  ff.o(i.move_window)
    i.placeDynamic                           0x00005a60   Section        0  loader.o(i.placeDynamic)
    placeDynamic                             0x00005a61   Thumb Code   132  loader.o(i.placeDynamic)
    i.placeInfo                              0x00005ae4   Section        0  loader.o(i.placeInfo)
    placeInfo                                0x00005ae5   Thumb Code   256  loader.o(i.placeInfo)
    i.pushColor                              0x00005c38   Section        0  st7735.o(i.pushColor)
    pushColor                                0x00005c39   Thumb Code    18  st7735.o(i.pushColor)
    i.put_fat                                0x00005c4a   Section        0  ff.o(i.put_fat)
    i.rcvr_datablock                         0x00005d8c   Section        0  edisk.o(i.rcvr_datablock)
    rcvr_datablock                           0x00005d8d   Thumb Code    66  edisk.o(i.rcvr_datablock)
    i.rcvr_spi                               0x00005dd4   Section        0  edisk.o(i.rcvr_spi)
    rcvr_spi                                 0x00005dd5   Thumb Code    42  edisk.o(i.rcvr_spi)
    i.rcvr_spi_multi                         0x00005e04   Section        0  edisk.o(i.rcvr_spi_multi)
    rcvr_spi_multi                           0x00005e05   Thumb Code    24  edisk.o(i.rcvr_spi_multi)
    i.readSecHeader                          0x00005e1c   Section        0  loader.o(i.readSecHeader)
    readSecHeader                            0x00005e1d   Thumb Code    62  loader.o(i.readSecHeader)
    i.readSection                            0x00005e5a   Section        0  loader.o(i.readSection)
    readSection                              0x00005e5b   Thumb Code    58  loader.o(i.readSection)
    i.readSectionName                        0x00005e94   Section        0  loader.o(i.readSectionName)
    readSectionName                          0x00005e95   Thumb Code    68  loader.o(i.readSectionName)
    i.readSegHeader                          0x00005ed8   Section        0  loader.o(i.readSegHeader)
    readSegHeader                            0x00005ed9   Thumb Code    58  loader.o(i.readSegHeader)
    i.readSymbol                             0x00005f12   Section        0  loader.o(i.readSymbol)
    readSymbol                               0x00005f13   Thumb Code   114  loader.o(i.readSymbol)
    i.readSymbolName                         0x00005f84   Section        0  loader.o(i.readSymbolName)
    readSymbolName                           0x00005f85   Thumb Code    68  loader.o(i.readSymbolName)
    i.realmain                               0x00005fc8   Section        0  lab5.o(i.realmain)
    i.relJmpCall                             0x00006058   Section        0  loader.o(i.relJmpCall)
    relJmpCall                               0x00006059   Thumb Code   170  loader.o(i.relJmpCall)
    i.relocate                               0x00006104   Section        0  loader.o(i.relocate)
    relocate                                 0x00006105   Thumb Code   170  loader.o(i.relocate)
    i.relocateProgram                        0x000061d0   Section        0  loader.o(i.relocateProgram)
    relocateProgram                          0x000061d1   Thumb Code    32  loader.o(i.relocateProgram)
    i.relocateSection                        0x00006210   Section        0  loader.o(i.relocateSection)
    relocateSection                          0x00006211   Thumb Code    66  loader.o(i.relocateSection)
    i.relocateSections                       0x00006294   Section        0  loader.o(i.relocateSections)
    relocateSections                         0x00006295   Thumb Code    48  loader.o(i.relocateSections)
    i.relocateSymbol                         0x000062dc   Section        0  loader.o(i.relocateSymbol)
    relocateSymbol                           0x000062dd   Thumb Code    56  loader.o(i.relocateSymbol)
    i.remove_chain                           0x00006314   Section        0  ff.o(i.remove_chain)
    remove_chain                             0x00006315   Thumb Code   108  ff.o(i.remove_chain)
    i.sectionOf                              0x00006380   Section        0  loader.o(i.sectionOf)
    sectionOf                                0x00006381   Thumb Code    70  loader.o(i.sectionOf)
    i.select                                 0x000063c8   Section        0  edisk.o(i.select)
    select                                   0x000063c9   Thumb Code    44  edisk.o(i.select)
    i.send_cmd                               0x000063f8   Section        0  edisk.o(i.send_cmd)
    send_cmd                                 0x000063f9   Thumb Code   150  edisk.o(i.send_cmd)
    i.setAddrWindow                          0x00006490   Section        0  st7735.o(i.setAddrWindow)
    setAddrWindow                            0x00006491   Thumb Code   106  st7735.o(i.setAddrWindow)
    i.st_clust                               0x00006504   Section        0  ff.o(i.st_clust)
    st_clust                                 0x00006505   Thumb Code    16  ff.o(i.st_clust)
    i.sync_fs                                0x00006514   Section        0  ff.o(i.sync_fs)
    sync_fs                                  0x00006515   Thumb Code   200  ff.o(i.sync_fs)
    i.sync_window                            0x000065dc   Section        0  ff.o(i.sync_window)
    sync_window                              0x000065dd   Thumb Code    82  ff.o(i.sync_window)
    i.validate                               0x0000662e   Section        0  ff.o(i.validate)
    validate                                 0x0000662f   Thumb Code    54  ff.o(i.validate)
    i.wait_ready                             0x00006664   Section        0  edisk.o(i.wait_ready)
    wait_ready                               0x00006665   Thumb Code    42  edisk.o(i.wait_ready)
    i.writecommand                           0x00006694   Section        0  st7735.o(i.writecommand)
    writecommand                             0x00006695   Thumb Code    68  st7735.o(i.writecommand)
    i.writedata                              0x000066e4   Section        0  st7735.o(i.writedata)
    writedata                                0x000066e5   Thumb Code    70  st7735.o(i.writedata)
    i.xchg_spi                               0x00006738   Section        0  edisk.o(i.xchg_spi)
    xchg_spi                                 0x00006739   Thumb Code    50  edisk.o(i.xchg_spi)
    i.xmit_datablock                         0x00006770   Section        0  edisk.o(i.xmit_datablock)
    xmit_datablock                           0x00006771   Thumb Code    76  edisk.o(i.xmit_datablock)
    i.xmit_spi_multi                         0x000067bc   Section        0  edisk.o(i.xmit_spi_multi)
    xmit_spi_multi                           0x000067bd   Thumb Code    42  edisk.o(i.xmit_spi_multi)
    .constdata                               0x000067ec   Section     2114  st7735.o(.constdata)
    Font                                     0x000067ec   Data        1275  st7735.o(.constdata)
    Bcmd                                     0x00006ce7   Data         103  st7735.o(.constdata)
    Rcmd1                                    0x00006d4e   Data          59  st7735.o(.constdata)
    Rcmd2green                               0x00006d89   Data          13  st7735.o(.constdata)
    Rcmd2red                                 0x00006d96   Data          13  st7735.o(.constdata)
    Rcmd3                                    0x00006da3   Data          43  st7735.o(.constdata)
    .constdata                               0x00007030   Section       16  interpreter.o(.constdata)
    symtab                                   0x00007030   Data           8  interpreter.o(.constdata)
    .constdata                               0x00007040   Section       44  ff.o(.constdata)
    vst                                      0x00007040   Data          22  ff.o(.constdata)
    cst                                      0x00007056   Data          22  ff.o(.constdata)
    .constdata                               0x0000706c   Section       69  loader.o(.constdata)
    .constdata                               0x000070b1   Section      129  ctype_o.o(.constdata)
    .constdata                               0x00007134   Section        4  ctype_o.o(.constdata)
    table                                    0x00007134   Data           4  ctype_o.o(.constdata)
    .conststring                             0x00007138   Section       15  interpreter.o(.conststring)
    .data                                    0x20000000   Section       76  lab5.o(.data)
    .data                                    0x2000004c   Section       68  os.o(.data)
    .data                                    0x20000090   Section       44  st7735.o(.data)
    ColStart                                 0x2000009a   Data           1  st7735.o(.data)
    RowStart                                 0x2000009b   Data           1  st7735.o(.data)
    Rotation                                 0x2000009c   Data           1  st7735.o(.data)
    TabColor                                 0x2000009d   Data           1  st7735.o(.data)
    _width                                   0x2000009e   Data           2  st7735.o(.data)
    _height                                  0x200000a0   Data           2  st7735.o(.data)
    .data                                    0x200000bc   Section       16  uart0int.o(.data)
    .data                                    0x200000cc   Section       13  edisk.o(.data)
    Stat                                     0x200000cc   Data           1  edisk.o(.data)
    Timer1                                   0x200000d0   Data           4  edisk.o(.data)
    Timer2                                   0x200000d4   Data           4  edisk.o(.data)
    CardType                                 0x200000d8   Data           1  edisk.o(.data)
    .data                                    0x200000dc   Section        6  ff.o(.data)
    FatFs                                    0x200000dc   Data           4  ff.o(.data)
    Fsid                                     0x200000e0   Data           2  ff.o(.data)
    .data                                    0x200000e4   Section        8  adct0atrigger.o(.data)
    .data                                    0x200000ec   Section        4  wtimer0a.o(.data)
    .data                                    0x200000f0   Section        4  timer5a.o(.data)
    .data                                    0x200000f4   Section        4  strtok.o(.data)
    state                                    0x200000f4   Data           4  strtok.o(.data)
    .data                                    0x200000f8   Section        4  mvars.o(.data)
    .data                                    0x200000fc   Section        4  mvars.o(.data)
    .data                                    0x20000100   Section        4  errno.o(.data)
    _errno                                   0x20000100   Data           4  errno.o(.data)
    .bss                                     0x20000104   Section    22880  os.o(.bss)
    .bss                                     0x20005a64   Section       12  st7735.o(.bss)
    .bss                                     0x20005a70   Section     2048  uart0int.o(.bss)
    RxFifo                                   0x20005a70   Data        1024  uart0int.o(.bss)
    TxFifo                                   0x20005e70   Data        1024  uart0int.o(.bss)
    .bss                                     0x20006270   Section     1164  efile.o(.bss)
    g_sFatFs                                 0x20006270   Data         564  efile.o(.bss)
    d                                        0x200064a4   Data          28  efile.o(.bss)
    f                                        0x200064c0   Data         548  efile.o(.bss)
    fi                                       0x200066e4   Data          24  efile.o(.bss)
    .bss                                     0x200066fc   Section     4096  heap.o(.bss)
    .bss                                     0x200076fc   Section      672  loader.o(.bss)
    fd                                       0x200076fc   Data         548  loader.o(.bss)
    exec                                     0x20007920   Data         124  loader.o(.bss)
    HEAP                                     0x200079a0   Section        0  startup.o(HEAP)
    STACK                                    0x200079a0   Section     1024  startup.o(STACK)
    StackMem                                 0x200079a0   Data           0  startup.o(STACK)

    Global Symbols

    Symbol Name                              Value     Ov Type        Size  Object(Section)

    BuildAttributes$$THM_ISAv4$E$P$D$K$B$S$7EM$PE$A:L22UL41UL21$X:L11$S22US41US21$IEEE1$IW$USESV6$~STKCKD$USESV7$~SHL$OSPACE$ROPI$EBA8$MICROLIB$REQ8$PRES8$EABIv2 0x00000000   Number         0  anon$$obj.o ABSOLUTE
    __ARM_use_no_argv                        0x00000000   Number         0  lab5.o ABSOLUTE
    __Vectors                                0x00000000   Data           0  startup.o(RESET)
    _printf_a                                0x00000000   Number         0  stubs.o ABSOLUTE
    _printf_c                                0x00000000   Number         0  stubs.o ABSOLUTE
    _printf_charcount                        0x00000000   Number         0  stubs.o ABSOLUTE
    _printf_d                                0x00000000   Number         0  stubs.o ABSOLUTE
    _printf_e                                0x00000000   Number         0  stubs.o ABSOLUTE
    _printf_f                                0x00000000   Number         0  stubs.o ABSOLUTE
    _printf_flags                            0x00000000   Number         0  stubs.o ABSOLUTE
    _printf_fp_dec                           0x00000000   Number         0  stubs.o ABSOLUTE
    _printf_fp_hex                           0x00000000   Number         0  stubs.o ABSOLUTE
    _printf_g                                0x00000000   Number         0  stubs.o ABSOLUTE
    _printf_i                                0x00000000   Number         0  stubs.o ABSOLUTE
    _printf_int_dec                          0x00000000   Number         0  stubs.o ABSOLUTE
    _printf_l                                0x00000000   Number         0  stubs.o ABSOLUTE
    _printf_lc                               0x00000000   Number         0  stubs.o ABSOLUTE
    _printf_ll                               0x00000000   Number         0  stubs.o ABSOLUTE
    _printf_lld                              0x00000000   Number         0  stubs.o ABSOLUTE
    _printf_lli                              0x00000000   Number         0  stubs.o ABSOLUTE
    _printf_llo                              0x00000000   Number         0  stubs.o ABSOLUTE
    _printf_llu                              0x00000000   Number         0  stubs.o ABSOLUTE
    _printf_llx                              0x00000000   Number         0  stubs.o ABSOLUTE
    _printf_longlong_dec                     0x00000000   Number         0  stubs.o ABSOLUTE
    _printf_longlong_hex                     0x00000000   Number         0  stubs.o ABSOLUTE
    _printf_longlong_oct                     0x00000000   Number         0  stubs.o ABSOLUTE
    _printf_ls                               0x00000000   Number         0  stubs.o ABSOLUTE
    _printf_mbtowc                           0x00000000   Number         0  stubs.o ABSOLUTE
    _printf_n                                0x00000000   Number         0  stubs.o ABSOLUTE
    _printf_o                                0x00000000   Number         0  stubs.o ABSOLUTE
    _printf_p                                0x00000000   Number         0  stubs.o ABSOLUTE
    _printf_percent                          0x00000000   Number         0  stubs.o ABSOLUTE
    _printf_pre_padding                      0x00000000   Number         0  stubs.o ABSOLUTE
    _printf_return_value                     0x00000000   Number         0  stubs.o ABSOLUTE
    _printf_s                                0x00000000   Number         0  stubs.o ABSOLUTE
    _printf_sizespec                         0x00000000   Number         0  stubs.o ABSOLUTE
    _printf_str                              0x00000000   Number         0  stubs.o ABSOLUTE
    _printf_truncate_signed                  0x00000000   Number         0  stubs.o ABSOLUTE
    _printf_truncate_unsigned                0x00000000   Number         0  stubs.o ABSOLUTE
    _printf_u                                0x00000000   Number         0  stubs.o ABSOLUTE
    _printf_wc                               0x00000000   Number         0  stubs.o ABSOLUTE
    _printf_wctomb                           0x00000000   Number         0  stubs.o ABSOLUTE
    _printf_widthprec                        0x00000000   Number         0  stubs.o ABSOLUTE
    _printf_x                                0x00000000   Number         0  stubs.o ABSOLUTE
    __cpp_initialize__aeabi_                  - Undefined Weak Reference
    __cxa_finalize                            - Undefined Weak Reference
    __decompress                              - Undefined Weak Reference
    _clock_init                               - Undefined Weak Reference
    _microlib_exit                            - Undefined Weak Reference
    Reset_Handler                            0x0000026d   Thumb Code     0  startup.o(RESET)
    NMI_Handler                              0x00000271   Thumb Code     2  startup.o(RESET)
    HardFault_Handler                        0x00000273   Thumb Code     2  startup.o(RESET)
    MemManage_Handler                        0x00000275   Thumb Code     2  startup.o(RESET)
    BusFault_Handler                         0x00000277   Thumb Code     2  startup.o(RESET)
    UsageFault_Handler                       0x00000279   Thumb Code     2  startup.o(RESET)
    DebugMon_Handler                         0x0000027d   Thumb Code     2  startup.o(RESET)
    ADC0Seq1_Handler                         0x00000283   Thumb Code     0  startup.o(RESET)
    ADC0Seq2_Handler                         0x00000283   Thumb Code     0  startup.o(RESET)
    ADC1Seq0_Handler                         0x00000283   Thumb Code     0  startup.o(RESET)
    ADC1Seq1_Handler                         0x00000283   Thumb Code     0  startup.o(RESET)
    ADC1Seq2_Handler                         0x00000283   Thumb Code     0  startup.o(RESET)
    ADC1Seq3_Handler                         0x00000283   Thumb Code     0  startup.o(RESET)
    CAN0_Handler                             0x00000283   Thumb Code     0  startup.o(RESET)
    CAN1_Handler                             0x00000283   Thumb Code     0  startup.o(RESET)
    CAN2_Handler                             0x00000283   Thumb Code     0  startup.o(RESET)
    Comp0_Handler                            0x00000283   Thumb Code     0  startup.o(RESET)
    Comp1_Handler                            0x00000283   Thumb Code     0  startup.o(RESET)
    Comp2_Handler                            0x00000283   Thumb Code     0  startup.o(RESET)
    Ethernet_Handler                         0x00000283   Thumb Code     0  startup.o(RESET)
    ExtBus_Handler                           0x00000283   Thumb Code     0  startup.o(RESET)
    FPU_Handler                              0x00000283   Thumb Code     0  startup.o(RESET)
    Fan0_Handler                             0x00000283   Thumb Code     0  startup.o(RESET)
    FlashCtl_Handler                         0x00000283   Thumb Code     0  startup.o(RESET)
    GPIOPortA_Handler                        0x00000283   Thumb Code     0  startup.o(RESET)
    GPIOPortB_Handler                        0x00000283   Thumb Code     0  startup.o(RESET)
    GPIOPortC_Handler                        0x00000283   Thumb Code     0  startup.o(RESET)
    GPIOPortD_Handler                        0x00000283   Thumb Code     0  startup.o(RESET)
    GPIOPortE_Handler                        0x00000283   Thumb Code     0  startup.o(RESET)
    GPIOPortG_Handler                        0x00000283   Thumb Code     0  startup.o(RESET)
    GPIOPortH_Handler                        0x00000283   Thumb Code     0  startup.o(RESET)
    GPIOPortJ_Handler                        0x00000283   Thumb Code     0  startup.o(RESET)
    GPIOPortK_Handler                        0x00000283   Thumb Code     0  startup.o(RESET)
    GPIOPortL_Handler                        0x00000283   Thumb Code     0  startup.o(RESET)
    GPIOPortM_Handler                        0x00000283   Thumb Code     0  startup.o(RESET)
    GPIOPortN_Handler                        0x00000283   Thumb Code     0  startup.o(RESET)
    GPIOPortP1_Handler                       0x00000283   Thumb Code     0  startup.o(RESET)
    GPIOPortP2_Handler                       0x00000283   Thumb Code     0  startup.o(RESET)
    GPIOPortP3_Handler                       0x00000283   Thumb Code     0  startup.o(RESET)
    GPIOPortP4_Handler                       0x00000283   Thumb Code     0  startup.o(RESET)
    GPIOPortP5_Handler                       0x00000283   Thumb Code     0  startup.o(RESET)
    GPIOPortP6_Handler                       0x00000283   Thumb Code     0  startup.o(RESET)
    GPIOPortP7_Handler                       0x00000283   Thumb Code     0  startup.o(RESET)
    GPIOPortP_Handler                        0x00000283   Thumb Code     0  startup.o(RESET)
    GPIOPortQ1_Handler                       0x00000283   Thumb Code     0  startup.o(RESET)
    GPIOPortQ2_Handler                       0x00000283   Thumb Code     0  startup.o(RESET)
    GPIOPortQ3_Handler                       0x00000283   Thumb Code     0  startup.o(RESET)
    GPIOPortQ4_Handler                       0x00000283   Thumb Code     0  startup.o(RESET)
    GPIOPortQ5_Handler                       0x00000283   Thumb Code     0  startup.o(RESET)
    GPIOPortQ6_Handler                       0x00000283   Thumb Code     0  startup.o(RESET)
    GPIOPortQ7_Handler                       0x00000283   Thumb Code     0  startup.o(RESET)
    GPIOPortQ_Handler                        0x00000283   Thumb Code     0  startup.o(RESET)
    GPIOPortR_Handler                        0x00000283   Thumb Code     0  startup.o(RESET)
    GPIOPortS_Handler                        0x00000283   Thumb Code     0  startup.o(RESET)
    Hibernate_Handler                        0x00000283   Thumb Code     0  startup.o(RESET)
    I2C0_Handler                             0x00000283   Thumb Code     0  startup.o(RESET)
    I2C1_Handler                             0x00000283   Thumb Code     0  startup.o(RESET)
    I2C2_Handler                             0x00000283   Thumb Code     0  startup.o(RESET)
    I2C3_Handler                             0x00000283   Thumb Code     0  startup.o(RESET)
    I2C4_Handler                             0x00000283   Thumb Code     0  startup.o(RESET)
    I2C5_Handler                             0x00000283   Thumb Code     0  startup.o(RESET)
    I2S0_Handler                             0x00000283   Thumb Code     0  startup.o(RESET)
    LPC0_Handler                             0x00000283   Thumb Code     0  startup.o(RESET)
    PECI0_Handler                            0x00000283   Thumb Code     0  startup.o(RESET)
    PWM0Fault_Handler                        0x00000283   Thumb Code     0  startup.o(RESET)
    PWM0Generator0_Handler                   0x00000283   Thumb Code     0  startup.o(RESET)
    PWM0Generator1_Handler                   0x00000283   Thumb Code     0  startup.o(RESET)
    PWM0Generator2_Handler                   0x00000283   Thumb Code     0  startup.o(RESET)
    PWM0Generator3_Handler                   0x00000283   Thumb Code     0  startup.o(RESET)
    PWM1Fault_Handler                        0x00000283   Thumb Code     0  startup.o(RESET)
    PWM1Generator0_Handler                   0x00000283   Thumb Code     0  startup.o(RESET)
    PWM1Generator1_Handler                   0x00000283   Thumb Code     0  startup.o(RESET)
    PWM1Generator2_Handler                   0x00000283   Thumb Code     0  startup.o(RESET)
    PWM1Generator3_Handler                   0x00000283   Thumb Code     0  startup.o(RESET)
    Quadrature0_Handler                      0x00000283   Thumb Code     0  startup.o(RESET)
    Quadrature1_Handler                      0x00000283   Thumb Code     0  startup.o(RESET)
    Quadrature2_Handler                      0x00000283   Thumb Code     0  startup.o(RESET)
    SSI0_Handler                             0x00000283   Thumb Code     0  startup.o(RESET)
    SSI1_Handler                             0x00000283   Thumb Code     0  startup.o(RESET)
    SSI2_Handler                             0x00000283   Thumb Code     0  startup.o(RESET)
    SSI3_Handler                             0x00000283   Thumb Code     0  startup.o(RESET)
    SysCtl_Handler                           0x00000283   Thumb Code     0  startup.o(RESET)
    Timer0A_Handler                          0x00000283   Thumb Code     0  startup.o(RESET)
    Timer0B_Handler                          0x00000283   Thumb Code     0  startup.o(RESET)
    Timer1A_Handler                          0x00000283   Thumb Code     0  startup.o(RESET)
    Timer1B_Handler                          0x00000283   Thumb Code     0  startup.o(RESET)
    Timer2A_Handler                          0x00000283   Thumb Code     0  startup.o(RESET)
    Timer2B_Handler                          0x00000283   Thumb Code     0  startup.o(RESET)
    Timer3B_Handler                          0x00000283   Thumb Code     0  startup.o(RESET)
    Timer4B_Handler                          0x00000283   Thumb Code     0  startup.o(RESET)
    Timer5B_Handler                          0x00000283   Thumb Code     0  startup.o(RESET)
    UART1_Handler                            0x00000283   Thumb Code     0  startup.o(RESET)
    UART2_Handler                            0x00000283   Thumb Code     0  startup.o(RESET)
    UART3_Handler                            0x00000283   Thumb Code     0  startup.o(RESET)
    UART4_Handler                            0x00000283   Thumb Code     0  startup.o(RESET)
    UART5_Handler                            0x00000283   Thumb Code     0  startup.o(RESET)
    UART6_Handler                            0x00000283   Thumb Code     0  startup.o(RESET)
    UART7_Handler                            0x00000283   Thumb Code     0  startup.o(RESET)
    USB0_Handler                             0x00000283   Thumb Code     0  startup.o(RESET)
    WDT_Handler                              0x00000283   Thumb Code     0  startup.o(RESET)
    WideTimer0B_Handler                      0x00000283   Thumb Code     0  startup.o(RESET)
    WideTimer1A_Handler                      0x00000283   Thumb Code     0  startup.o(RESET)
    WideTimer1B_Handler                      0x00000283   Thumb Code     0  startup.o(RESET)
    WideTimer2A_Handler                      0x00000283   Thumb Code     0  startup.o(RESET)
    WideTimer2B_Handler                      0x00000283   Thumb Code     0  startup.o(RESET)
    WideTimer3A_Handler                      0x00000283   Thumb Code     0  startup.o(RESET)
    WideTimer3B_Handler                      0x00000283   Thumb Code     0  startup.o(RESET)
    WideTimer4A_Handler                      0x00000283   Thumb Code     0  startup.o(RESET)
    WideTimer4B_Handler                      0x00000283   Thumb Code     0  startup.o(RESET)
    WideTimer5A_Handler                      0x00000283   Thumb Code     0  startup.o(RESET)
    WideTimer5B_Handler                      0x00000283   Thumb Code     0  startup.o(RESET)
    uDMA_Error                               0x00000283   Thumb Code     0  startup.o(RESET)
    uDMA_Handler                             0x00000283   Thumb Code     0  startup.o(RESET)
    __main                                   0x00000285   Thumb Code     0  entry.o(.ARM.Collect$$$$00000000)
    _main_stk                                0x00000285   Thumb Code     0  entry2.o(.ARM.Collect$$$$00000001)
    _main_scatterload                        0x00000289   Thumb Code     0  entry5.o(.ARM.Collect$$$$00000004)
    __main_after_scatterload                 0x0000028d   Thumb Code     0  entry5.o(.ARM.Collect$$$$00000004)
    _main_clock                              0x0000028d   Thumb Code     0  entry7b.o(.ARM.Collect$$$$00000008)
    _main_cpp_init                           0x0000028d   Thumb Code     0  entry8b.o(.ARM.Collect$$$$0000000A)
    _main_init                               0x0000028d   Thumb Code     0  entry9a.o(.ARM.Collect$$$$0000000B)
    __rt_final_cpp                           0x00000295   Thumb Code     0  entry10a.o(.ARM.Collect$$$$0000000D)
    __rt_final_exit                          0x00000295   Thumb Code     0  entry11a.o(.ARM.Collect$$$$0000000F)
    DisableInterrupts                        0x00000299   Thumb Code     0  startup.o(.text)
    EnableInterrupts                         0x0000029d   Thumb Code     0  startup.o(.text)
    StartCritical                            0x000002a1   Thumb Code     0  startup.o(.text)
    EndCritical                              0x000002a9   Thumb Code     0  startup.o(.text)
    WaitForInterrupt                         0x000002af   Thumb Code     0  startup.o(.text)
    StartOS                                  0x000002b5   Thumb Code     0  osasm.o(.text)
    ContextSwitch                            0x000002d7   Thumb Code     0  osasm.o(.text)
    PendSV_Handler                           0x000002e1   Thumb Code     0  osasm.o(.text)
    SVC_Handler                              0x00000301   Thumb Code     0  osasm.o(.text)
    __aeabi_memcpy                           0x0000036d   Thumb Code    36  memcpya.o(.text)
    __aeabi_memcpy4                          0x0000036d   Thumb Code     0  memcpya.o(.text)
    __aeabi_memcpy8                          0x0000036d   Thumb Code     0  memcpya.o(.text)
    strlen                                   0x00000391   Thumb Code    14  strlen.o(.text)
    strcmp                                   0x0000039f   Thumb Code    28  strcmp.o(.text)
    strtok                                   0x000003bd   Thumb Code    62  strtok.o(.text)
    strtol                                   0x00000401   Thumb Code   112  strtol.o(.text)
    __rt_ctype_table                         0x00000471   Thumb Code     4  ctype_o.o(.text)
    _strtoul                                 0x00000479   Thumb Code   158  _strtoul.o(.text)
    __scatterload                            0x00000519   Thumb Code    28  init.o(.text)
    __scatterload_rt2                        0x00000519   Thumb Code     0  init.o(.text)
    _chval                                   0x0000053d   Thumb Code    28  _chval.o(.text)
    ADC0Seq0_Handler                         0x00000559   Thumb Code    26  adct0atrigger.o(i.ADC0Seq0_Handler)
    ADC0Seq3_Handler                         0x0000057d   Thumb Code    18  adct0atrigger.o(i.ADC0Seq3_Handler)
    ADC_In                                   0x00000599   Thumb Code    38  adc.o(i.ADC_In)
    ADC_Init                                 0x000005c5   Thumb Code   954  adc.o(i.ADC_Init)
    AddtoReady                               0x000009a9   Thumb Code   194  os.o(i.AddtoReady)
    AddtoSema4                               0x00000a75   Thumb Code   120  os.o(i.AddtoSema4)
    ButtonWork                               0x00000af1   Thumb Code   118  lab5.o(i.ButtonWork)
    CS_Init                                  0x00000bad   Thumb Code   118  edisk.o(i.CS_Init)
    Delay1ms                                 0x00000c39   Thumb Code    32  st7735.o(i.Delay1ms)
    GPIOPortF_Handler                        0x00000c59   Thumb Code    52  os.o(i.GPIOPortF_Handler)
    Heap_Free                                0x00000c99   Thumb Code   166  heap.o(i.Heap_Free)
    Heap_Init                                0x00000d45   Thumb Code    72  heap.o(i.Heap_Init)
    Heap_Malloc                              0x00000d95   Thumb Code   174  heap.o(i.Heap_Malloc)
    Heap_Stats                               0x00000e49   Thumb Code   106  heap.o(i.Heap_Stats)
    Idle                                     0x00000eb9   Thumb Code    36  lab5.o(i.Idle)
    Interpreter                              0x00000ee5   Thumb Code   958  interpreter.o(i.Interpreter)
    Jitter                                   0x00001641   Thumb Code   182  interpreter.o(i.Jitter)
    Judge_Free_Space                         0x00001725   Thumb Code    14  heap.o(i.Judge_Free_Space)
    LOADER_CLEAR                             0x00001733   Thumb Code    24  loader.o(i.LOADER_CLEAR)
    LOADER_OPEN_FOR_RD                       0x0000174d   Thumb Code    24  loader.o(i.LOADER_OPEN_FOR_RD)
    LOADER_READ                              0x00001769   Thumb Code    30  loader.o(i.LOADER_READ)
    OSTtask                                  0x00001789   Thumb Code    22  os.o(i.OSTtask)
    OS_AddPeriodicThread                     0x000017a9   Thumb Code   234  os.o(i.OS_AddPeriodicThread)
    OS_AddProcess                            0x000018b5   Thumb Code   120  os.o(i.OS_AddProcess)
    OS_AddSW1Task                            0x00001941   Thumb Code   204  os.o(i.OS_AddSW1Task)
    OS_AddSW2Task                            0x00001a25   Thumb Code   220  os.o(i.OS_AddSW2Task)
    OS_AddThread                             0x00001b1d   Thumb Code   630  os.o(i.OS_AddThread)
    OS_ClearMsTime                           0x00001da5   Thumb Code    52  os.o(i.OS_ClearMsTime)
    OS_Id                                    0x00001ded   Thumb Code     4  os.o(i.OS_Id)
    OS_Init                                  0x00001df1   Thumb Code   128  os.o(i.OS_Init)
    OS_InitSemaphore                         0x00001ebd   Thumb Code     4  os.o(i.OS_InitSemaphore)
    OS_Kill                                  0x00001ec1   Thumb Code   152  os.o(i.OS_Kill)
    OS_Launch                                0x00001f6d   Thumb Code    28  os.o(i.OS_Launch)
    OS_MsTime                                0x00001f91   Thumb Code    36  os.o(i.OS_MsTime)
    OS_Signal                                0x00001fc9   Thumb Code    50  os.o(i.OS_Signal)
    OS_Sleep                                 0x00001ffd   Thumb Code    46  os.o(i.OS_Sleep)
    OS_Suspend                               0x00002035   Thumb Code    48  os.o(i.OS_Suspend)
    OS_Time                                  0x00002071   Thumb Code    26  os.o(i.OS_Time)
    OS_Wait                                  0x0000209d   Thumb Code    60  os.o(i.OS_Wait)
    OS_bSignal                               0x000020e1   Thumb Code     6  os.o(i.OS_bSignal)
    OS_bWait                                 0x000020e7   Thumb Code    34  os.o(i.OS_bWait)
    PLL_Init                                 0x00002109   Thumb Code   120  pll.o(i.PLL_Init)
    PortD_Init                               0x00002185   Thumb Code    88  lab5.o(i.PortD_Init)
    RemovefromReady                          0x000021ed   Thumb Code   100  os.o(i.RemovefromReady)
    RemovefromSema4                          0x00002259   Thumb Code    54  os.o(i.RemovefromSema4)
    RxFifo_Get                               0x00002291   Thumb Code    46  uart0int.o(i.RxFifo_Get)
    RxFifo_Init                              0x000022cd   Thumb Code    12  uart0int.o(i.RxFifo_Init)
    RxFifo_Put                               0x000022e1   Thumb Code    48  uart0int.o(i.RxFifo_Put)
    RxFifo_Size                              0x0000231d   Thumb Code    14  uart0int.o(i.RxFifo_Size)
    SSI0_Init                                0x00002335   Thumb Code   302  edisk.o(i.SSI0_Init)
    ST7735_Color565                          0x00002481   Thumb Code    24  st7735.o(i.ST7735_Color565)
    ST7735_DrawCharS                         0x00002499   Thumb Code   236  st7735.o(i.ST7735_DrawCharS)
    ST7735_DrawPixel                         0x00002591   Thumb Code    64  st7735.o(i.ST7735_DrawPixel)
    ST7735_DrawString                        0x000025d9   Thumb Code    86  st7735.o(i.ST7735_DrawString)
    ST7735_FillRect                          0x00002631   Thumb Code   164  st7735.o(i.ST7735_FillRect)
    ST7735_FillScreen                        0x000026dd   Thumb Code    28  st7735.o(i.ST7735_FillScreen)
    ST7735_InitR                             0x00002701   Thumb Code    98  st7735.o(i.ST7735_InitR)
    ST7735_Message                           0x00002789   Thumb Code   162  st7735.o(i.ST7735_Message)
    ST7735_OutChar                           0x00002831   Thumb Code   176  st7735.o(i.ST7735_OutChar)
    ST7735_OutUDec                           0x00002905   Thumb Code   118  st7735.o(i.ST7735_OutUDec)
    ST7735_SetCursor                         0x00002991   Thumb Code    22  st7735.o(i.ST7735_SetCursor)
    SW1Push                                  0x000029b1   Thumb Code    38  lab5.o(i.SW1Push)
    SW2Push                                  0x000029e1   Thumb Code    38  lab5.o(i.SW2Push)
    SysTick_Handler                          0x00002a11   Thumb Code    18  os.o(i.SysTick_Handler)
    SysTick_Init                             0x00002a2d   Thumb Code    38  os.o(i.SysTick_Init)
    Timer3A_Handler                          0x00002a59   Thumb Code    16  os.o(i.Timer3A_Handler)
    Timer4A_Handler                          0x00002a71   Thumb Code    16  os.o(i.Timer4A_Handler)
    Timer5A_Handler                          0x00002a89   Thumb Code    16  timer5a.o(i.Timer5A_Handler)
    Timer5A_Init                             0x00002aa1   Thumb Code    76  timer5a.o(i.Timer5A_Init)
    TxFifo_Get                               0x00002b01   Thumb Code    46  uart0int.o(i.TxFifo_Get)
    TxFifo_Init                              0x00002b3d   Thumb Code    12  uart0int.o(i.TxFifo_Init)
    TxFifo_Put                               0x00002b51   Thumb Code    48  uart0int.o(i.TxFifo_Put)
    TxFifo_Size                              0x00002b8d   Thumb Code    14  uart0int.o(i.TxFifo_Size)
    UART0_Handler                            0x00002ba5   Thumb Code    82  uart0int.o(i.UART0_Handler)
    UART_InChar                              0x00002bfd   Thumb Code    26  uart0int.o(i.UART_InChar)
    UART_InString                            0x00002c1d   Thumb Code    70  uart0int.o(i.UART_InString)
    UART_Init                                0x00002c65   Thumb Code   174  uart0int.o(i.UART_Init)
    UART_OutChar                             0x00002d2d   Thumb Code    52  uart0int.o(i.UART_OutChar)
    UART_OutString                           0x00002d69   Thumb Code    24  uart0int.o(i.UART_OutString)
    UART_OutUDec                             0x00002d81   Thumb Code    42  uart0int.o(i.UART_OutUDec)
    WDTimer0A_task                           0x00002dad   Thumb Code    94  os.o(i.WDTimer0A_task)
    WideTimer0A_Handler                      0x00002e15   Thumb Code    16  wtimer0a.o(i.WideTimer0A_Handler)
    WideTimer0A_Init                         0x00002e2d   Thumb Code    78  wtimer0a.o(i.WideTimer0A_Init)
    __aeabi_errno_addr                       0x00002e91   Thumb Code     4  errno.o(i.__aeabi_errno_addr)
    __rt_errno_addr                          0x00002e91   Thumb Code     0  errno.o(i.__aeabi_errno_addr)
    __scatterload_copy                       0x00002e99   Thumb Code    14  handlers.o(i.__scatterload_copy)
    __scatterload_null                       0x00002ea7   Thumb Code     2  handlers.o(i.__scatterload_null)
    __scatterload_zeroinit                   0x00002ea9   Thumb Code    14  handlers.o(i.__scatterload_zeroinit)
    clust2sect                               0x00002fb9   Thumb Code    26  ff.o(i.clust2sect)
    disk_ioctl                               0x00003809   Thumb Code   544  edisk.o(i.disk_ioctl)
    disk_timerproc                           0x00003a31   Thumb Code    52  edisk.o(i.disk_timerproc)
    eDisk_Init                               0x00003a75   Thumb Code   330  edisk.o(i.eDisk_Init)
    eDisk_Read                               0x00003bd1   Thumb Code   136  edisk.o(i.eDisk_Read)
    eDisk_Status                             0x00003c61   Thumb Code    14  edisk.o(i.eDisk_Status)
    eDisk_Write                              0x00003c75   Thumb Code   170  edisk.o(i.eDisk_Write)
    eFile_Create                             0x00003d29   Thumb Code    42  efile.o(i.eFile_Create)
    eFile_Delete                             0x00003d5d   Thumb Code    38  efile.o(i.eFile_Delete)
    eFile_Format                             0x00003d89   Thumb Code    40  efile.o(i.eFile_Format)
    eFile_Mount                              0x00003db9   Thumb Code    40  efile.o(i.eFile_Mount)
    eFile_RClose                             0x00003ded   Thumb Code    36  efile.o(i.eFile_RClose)
    eFile_ROpen                              0x00003e19   Thumb Code    42  efile.o(i.eFile_ROpen)
    eFile_ReadNext                           0x00003e4d   Thumb Code    50  efile.o(i.eFile_ReadNext)
    eFile_Unmount                            0x00003e89   Thumb Code    40  efile.o(i.eFile_Unmount)
    eFile_WClose                             0x00003eb9   Thumb Code    36  efile.o(i.eFile_WClose)
    eFile_WOpen                              0x00003ee5   Thumb Code    42  efile.o(i.eFile_WOpen)
    eFile_Write                              0x00003f19   Thumb Code    50  efile.o(i.eFile_Write)
    exec_elf                                 0x00003f55   Thumb Code   184  loader.o(i.exec_elf)
    f_close                                  0x0000403d   Thumb Code    32  ff.o(i.f_close)
    f_lseek                                  0x0000405d   Thumb Code   382  ff.o(i.f_lseek)
    f_mkfs                                   0x000041dd   Thumb Code  1582  ff.o(i.f_mkfs)
    f_mount                                  0x00004825   Thumb Code    86  ff.o(i.f_mount)
    f_open                                   0x00004881   Thumb Code   352  ff.o(i.f_open)
    f_read                                   0x000049e5   Thumb Code   416  ff.o(i.f_read)
    f_sync                                   0x00004b85   Thumb Code   172  ff.o(i.f_sync)
    f_unlink                                 0x00004c35   Thumb Code   190  ff.o(i.f_unlink)
    f_write                                  0x00004cf3   Thumb Code   472  ff.o(i.f_write)
    fillmessage                              0x00004ecd   Thumb Code    64  st7735.o(i.fillmessage)
    get_fat                                  0x0000537d   Thumb Code   242  ff.o(i.get_fat)
    main                                     0x00005961   Thumb Code    10  lab5.o(i.main)
    malloc                                   0x0000596d   Thumb Code    92  malloc.o(i.malloc)
    put_fat                                  0x00005c4b   Thumb Code   322  ff.o(i.put_fat)
    realmain                                 0x00005fc9   Thumb Code   106  lab5.o(i.realmain)
    smallCircle                              0x00006dce   Data          36  st7735.o(.constdata)
    circle                                   0x00006df2   Data          60  st7735.o(.constdata)
    dBfs                                     0x00006e2e   Data         512  st7735.o(.constdata)
    __ctype_table                            0x000070b1   Data         129  ctype_o.o(.constdata)
    Region$$Table$$Base                      0x00007148   Number         0  anon$$obj.o(Region$$Table)
    Region$$Table$$Limit                     0x00007168   Number         0  anon$$obj.o(Region$$Table)
    NumCreated                               0x20000000   Data           4  lab5.o(.data)
    IdleCount                                0x20000004   Data           4  lab5.o(.data)
    FileTestRunning                          0x20000008   Data           4  lab5.o(.data)
    Count1                                   0x2000000c   Data           4  lab5.o(.data)
    Count2                                   0x20000010   Data           4  lab5.o(.data)
    Count3                                   0x20000014   Data           4  lab5.o(.data)
    ptr                                      0x20000018   Data           4  lab5.o(.data)
    p1                                       0x2000001c   Data           4  lab5.o(.data)
    p2                                       0x20000020   Data           4  lab5.o(.data)
    p3                                       0x20000024   Data           4  lab5.o(.data)
    q1                                       0x20000028   Data           4  lab5.o(.data)
    q2                                       0x2000002c   Data           4  lab5.o(.data)
    q3                                       0x20000030   Data           4  lab5.o(.data)
    q4                                       0x20000034   Data           4  lab5.o(.data)
    q5                                       0x20000038   Data           4  lab5.o(.data)
    q6                                       0x2000003c   Data           4  lab5.o(.data)
    maxBlockSize                             0x20000040   Data           2  lab5.o(.data)
    bigBlock                                 0x20000044   Data           4  lab5.o(.data)
    line                                     0x20000048   Data           4  lab5.o(.data)
    BackCreated                              0x2000004c   Data           4  os.o(.data)
    MaxJitter                                0x20000050   Data           4  os.o(.data)
    MaxJitter2                               0x20000054   Data           4  os.o(.data)
    OStime_round                             0x20000058   Data           4  os.o(.data)
    OStime_Task1                             0x2000005c   Data           4  os.o(.data)
    OStime_ms                                0x20000060   Data           4  os.o(.data)
    SW_task1                                 0x20000064   Data           4  os.o(.data)
    SW_task2                                 0x20000068   Data           4  os.o(.data)
    PeriodicTask4                            0x2000006c   Data           4  os.o(.data)
    PeriodicTask3                            0x20000070   Data           4  os.o(.data)
    currentPCB                               0x20000074   Data           4  os.o(.data)
    PCBNum                                   0x20000078   Data           4  os.o(.data)
    ReadyCreated                             0x2000007c   Data           4  os.o(.data)
    RunPt                                    0x20000080   Data           4  os.o(.data)
    SchPt                                    0x20000084   Data           4  os.o(.data)
    processNum                               0x20000088   Data           4  os.o(.data)
    StreamToDevice                           0x2000008c   Data           4  os.o(.data)
    StX                                      0x20000090   Data           4  st7735.o(.data)
    StY                                      0x20000094   Data           4  st7735.o(.data)
    StTextColor                              0x20000098   Data           2  st7735.o(.data)
    Messageindex                             0x200000a4   Data           4  st7735.o(.data)
    Ymax                                     0x200000a8   Data           4  st7735.o(.data)
    Ymin                                     0x200000ac   Data           4  st7735.o(.data)
    X                                        0x200000b0   Data           4  st7735.o(.data)
    Yrange                                   0x200000b4   Data           4  st7735.o(.data)
    lastj                                    0x200000b8   Data           4  st7735.o(.data)
    RxPutI                                   0x200000bc   Data           4  uart0int.o(.data)
    RxGetI                                   0x200000c0   Data           4  uart0int.o(.data)
    TxPutI                                   0x200000c4   Data           4  uart0int.o(.data)
    TxGetI                                   0x200000c8   Data           4  uart0int.o(.data)
    ADCTask                                  0x200000e4   Data           4  adct0atrigger.o(.data)
    PD3data                                  0x200000e8   Data           4  adct0atrigger.o(.data)
    WidePeriodicTask0                        0x200000ec   Data           4  wtimer0a.o(.data)
    PeriodicTask5                            0x200000f0   Data           4  timer5a.o(.data)
    __microlib_freelist                      0x200000f8   Data           4  mvars.o(.data)
    __microlib_freelist_initialised          0x200000fc   Data           4  mvars.o(.data)
    JitterHistogram                          0x20000104   Data         256  os.o(.bss)
    JitterHistogram2                         0x20000204   Data         256  os.o(.bss)
    LCDFree                                  0x20000304   Data          48  os.o(.bss)
    TxRoomLeft                               0x20000334   Data          48  os.o(.bss)
    RxDataAvailable                          0x20000364   Data          48  os.o(.bss)
    OS_FIFO                                  0x20000394   Data         356  os.o(.bss)
    OS_MailBox                               0x200004f8   Data         100  os.o(.bss)
    TCB_pool                                 0x2000055c   Data         400  os.o(.bss)
    Ready_pool                               0x200006ec   Data          40  os.o(.bss)
    Block_pool                               0x20000714   Data         400  os.o(.bss)
    STACK_pool                               0x200008a4   Data       20480  os.o(.bss)
    PCB_pool                                 0x200058a4   Data         448  os.o(.bss)
    Message                                  0x20005a64   Data          12  st7735.o(.bss)
    Heap                                     0x200066fc   Data        1024  heap.o(.bss)
    Heap_Dir                                 0x20006afc   Data        3072  heap.o(.bss)
    __heap_base                              0x200079a0   Data           0  startup.o(HEAP)
    __heap_limit                             0x200079a0   Data           0  startup.o(HEAP)
    __initial_sp                             0x20007da0   Data           0  startup.o(STACK)



==============================================================================

Memory Map of the image

  Image Entry point : 0x0000026d

  Load Region LR_1 (Base: 0x00000000, Size: 0x0000726c, Max: 0xffffffff, ABSOLUTE)

    Execution Region ER_RO (Exec base: 0x00000000, Load base: 0x00000000, Size: 0x00007168, Max: 0xffffffff, ABSOLUTE)

    Exec Addr    Load Addr    Size         Type   Attr      Idx    E Section Name        Object

    0x00000000   0x00000000   0x00000284   Code   RO            3  * RESET               startup.o
    0x00000284   0x00000284   0x00000000   Code   RO         2237  * .ARM.Collect$$$$00000000  mc_w.l(entry.o)
    0x00000284   0x00000284   0x00000004   Code   RO         2547    .ARM.Collect$$$$00000001  mc_w.l(entry2.o)
    0x00000288   0x00000288   0x00000004   Code   RO         2550    .ARM.Collect$$$$00000004  mc_w.l(entry5.o)
    0x0000028c   0x0000028c   0x00000000   Code   RO         2552    .ARM.Collect$$$$00000008  mc_w.l(entry7b.o)
    0x0000028c   0x0000028c   0x00000000   Code   RO         2554    .ARM.Collect$$$$0000000A  mc_w.l(entry8b.o)
    0x0000028c   0x0000028c   0x00000008   Code   RO         2555    .ARM.Collect$$$$0000000B  mc_w.l(entry9a.o)
    0x00000294   0x00000294   0x00000000   Code   RO         2557    .ARM.Collect$$$$0000000D  mc_w.l(entry10a.o)
    0x00000294   0x00000294   0x00000000   Code   RO         2559    .ARM.Collect$$$$0000000F  mc_w.l(entry11a.o)
    0x00000294   0x00000294   0x00000004   Code   RO         2548    .ARM.Collect$$$$00002712  mc_w.l(entry2.o)
    0x00000298   0x00000298   0x0000001c   Code   RO            4    .text               startup.o
    0x000002b4   0x000002b4   0x000000b8   Code   RO         1639    .text               osasm.o
    0x0000036c   0x0000036c   0x00000024   Code   RO         2240    .text               mc_w.l(memcpya.o)
    0x00000390   0x00000390   0x0000000e   Code   RO         2242    .text               mc_w.l(strlen.o)
    0x0000039e   0x0000039e   0x0000001c   Code   RO         2244    .text               mc_w.l(strcmp.o)
    0x000003ba   0x000003ba   0x00000002   PAD
    0x000003bc   0x000003bc   0x00000044   Code   RO         2248    .text               mc_w.l(strtok.o)
    0x00000400   0x00000400   0x00000070   Code   RO         2545    .text               mc_w.l(strtol.o)
    0x00000470   0x00000470   0x00000008   Code   RO         2566    .text               mc_w.l(ctype_o.o)
    0x00000478   0x00000478   0x0000009e   Code   RO         2603    .text               mc_w.l(_strtoul.o)
    0x00000516   0x00000516   0x00000002   PAD
    0x00000518   0x00000518   0x00000024   Code   RO         2616    .text               mc_w.l(init.o)
    0x0000053c   0x0000053c   0x0000001c   Code   RO         2624    .text               mc_w.l(_chval.o)
    0x00000558   0x00000558   0x00000024   Code   RO         1642    i.ADC0Seq0_Handler  adct0atrigger.o
    0x0000057c   0x0000057c   0x0000001c   Code   RO         1643    i.ADC0Seq3_Handler  adct0atrigger.o
    0x00000598   0x00000598   0x0000002c   Code   RO         1762    i.ADC_In            adc.o
    0x000005c4   0x000005c4   0x000003e4   Code   RO         1763    i.ADC_Init          adc.o
    0x000009a8   0x000009a8   0x000000cc   Code   RO          309    i.AddtoReady        os.o
    0x00000a74   0x00000a74   0x0000007c   Code   RO          310    i.AddtoSema4        os.o
    0x00000af0   0x00000af0   0x000000bc   Code   RO           82    i.ButtonWork        lab5.o
    0x00000bac   0x00000bac   0x0000008c   Code   RO         1108    i.CS_Init           edisk.o
    0x00000c38   0x00000c38   0x00000020   Code   RO          630    i.Delay1ms          st7735.o
    0x00000c58   0x00000c58   0x00000040   Code   RO          311    i.GPIOPortF_Handler  os.o
    0x00000c98   0x00000c98   0x000000ac   Code   RO         1977    i.Heap_Free         heap.o
    0x00000d44   0x00000d44   0x00000050   Code   RO         1978    i.Heap_Init         heap.o
    0x00000d94   0x00000d94   0x000000b4   Code   RO         1979    i.Heap_Malloc       heap.o
    0x00000e48   0x00000e48   0x00000070   Code   RO         1981    i.Heap_Stats        heap.o
    0x00000eb8   0x00000eb8   0x0000002c   Code   RO           83    i.Idle              lab5.o
    0x00000ee4   0x00000ee4   0x0000075c   Code   RO          909    i.Interpreter       interpreter.o
    0x00001640   0x00001640   0x000000e4   Code   RO          910    i.Jitter            interpreter.o
    0x00001724   0x00001724   0x0000000e   Code   RO         1982    i.Judge_Free_Space  heap.o
    0x00001732   0x00001732   0x00000018   Code   RO         2027    i.LOADER_CLEAR      loader.o
    0x0000174a   0x0000174a   0x00000002   PAD
    0x0000174c   0x0000174c   0x0000001c   Code   RO         2028    i.LOADER_OPEN_FOR_RD  loader.o
    0x00001768   0x00001768   0x0000001e   Code   RO         2029    i.LOADER_READ       loader.o
    0x00001786   0x00001786   0x00000002   PAD
    0x00001788   0x00001788   0x00000020   Code   RO          312    i.OSTtask           os.o
    0x000017a8   0x000017a8   0x0000010c   Code   RO          313    i.OS_AddPeriodicThread  os.o
    0x000018b4   0x000018b4   0x0000008c   Code   RO          314    i.OS_AddProcess     os.o
    0x00001940   0x00001940   0x000000e4   Code   RO          315    i.OS_AddSW1Task     os.o
    0x00001a24   0x00001a24   0x000000f8   Code   RO          316    i.OS_AddSW2Task     os.o
    0x00001b1c   0x00001b1c   0x00000288   Code   RO          317    i.OS_AddThread      os.o
    0x00001da4   0x00001da4   0x00000048   Code   RO          318    i.OS_ClearMsTime    os.o
    0x00001dec   0x00001dec   0x00000004   Code   RO          324    i.OS_Id             os.o
    0x00001df0   0x00001df0   0x000000cc   Code   RO          325    i.OS_Init           os.o
    0x00001ebc   0x00001ebc   0x00000004   Code   RO          326    i.OS_InitSemaphore  os.o
    0x00001ec0   0x00001ec0   0x000000ac   Code   RO          327    i.OS_Kill           os.o
    0x00001f6c   0x00001f6c   0x00000024   Code   RO          328    i.OS_Launch         os.o
    0x00001f90   0x00001f90   0x00000038   Code   RO          333    i.OS_MsTime         os.o
    0x00001fc8   0x00001fc8   0x00000032   Code   RO          337    i.OS_Signal         os.o
    0x00001ffa   0x00001ffa   0x00000002   PAD
    0x00001ffc   0x00001ffc   0x00000038   Code   RO          338    i.OS_Sleep          os.o
    0x00002034   0x00002034   0x0000003c   Code   RO          339    i.OS_Suspend        os.o
    0x00002070   0x00002070   0x0000002c   Code   RO          340    i.OS_Time           os.o
    0x0000209c   0x0000209c   0x00000044   Code   RO          343    i.OS_Wait           os.o
    0x000020e0   0x000020e0   0x00000006   Code   RO          344    i.OS_bSignal        os.o
    0x000020e6   0x000020e6   0x00000022   Code   RO          345    i.OS_bWait          os.o
    0x00002108   0x00002108   0x0000007c   Code   RO           66    i.PLL_Init          pll.o
    0x00002184   0x00002184   0x00000068   Code   RO           84    i.PortD_Init        lab5.o
    0x000021ec   0x000021ec   0x0000006c   Code   RO          346    i.RemovefromReady   os.o
    0x00002258   0x00002258   0x00000036   Code   RO          347    i.RemovefromSema4   os.o
    0x0000228e   0x0000228e   0x00000002   PAD
    0x00002290   0x00002290   0x0000003c   Code   RO          948    i.RxFifo_Get        uart0int.o
    0x000022cc   0x000022cc   0x00000014   Code   RO          949    i.RxFifo_Init       uart0int.o
    0x000022e0   0x000022e0   0x0000003c   Code   RO          950    i.RxFifo_Put        uart0int.o
    0x0000231c   0x0000231c   0x00000018   Code   RO          951    i.RxFifo_Size       uart0int.o
    0x00002334   0x00002334   0x0000014c   Code   RO         1109    i.SSI0_Init         edisk.o
    0x00002480   0x00002480   0x00000018   Code   RO          631    i.ST7735_Color565   st7735.o
    0x00002498   0x00002498   0x000000f8   Code   RO          634    i.ST7735_DrawCharS  st7735.o
    0x00002590   0x00002590   0x00000048   Code   RO          638    i.ST7735_DrawPixel  st7735.o
    0x000025d8   0x000025d8   0x00000056   Code   RO          640    i.ST7735_DrawString  st7735.o
    0x0000262e   0x0000262e   0x00000002   PAD
    0x00002630   0x00002630   0x000000ac   Code   RO          641    i.ST7735_FillRect   st7735.o
    0x000026dc   0x000026dc   0x00000024   Code   RO          642    i.ST7735_FillScreen  st7735.o
    0x00002700   0x00002700   0x00000088   Code   RO          644    i.ST7735_InitR      st7735.o
    0x00002788   0x00002788   0x000000a8   Code   RO          646    i.ST7735_Message    st7735.o
    0x00002830   0x00002830   0x000000d4   Code   RO          647    i.ST7735_OutChar    st7735.o
    0x00002904   0x00002904   0x0000008c   Code   RO          649    i.ST7735_OutUDec    st7735.o
    0x00002990   0x00002990   0x00000020   Code   RO          661    i.ST7735_SetCursor  st7735.o
    0x000029b0   0x000029b0   0x00000030   Code   RO           85    i.SW1Push           lab5.o
    0x000029e0   0x000029e0   0x00000030   Code   RO           87    i.SW2Push           lab5.o
    0x00002a10   0x00002a10   0x0000001c   Code   RO          348    i.SysTick_Handler   os.o
    0x00002a2c   0x00002a2c   0x0000002c   Code   RO          349    i.SysTick_Init      os.o
    0x00002a58   0x00002a58   0x00000018   Code   RO          350    i.Timer3A_Handler   os.o
    0x00002a70   0x00002a70   0x00000018   Code   RO          351    i.Timer4A_Handler   os.o
    0x00002a88   0x00002a88   0x00000018   Code   RO         2210    i.Timer5A_Handler   timer5a.o
    0x00002aa0   0x00002aa0   0x00000060   Code   RO         2211    i.Timer5A_Init      timer5a.o
    0x00002b00   0x00002b00   0x0000003c   Code   RO          952    i.TxFifo_Get        uart0int.o
    0x00002b3c   0x00002b3c   0x00000014   Code   RO          953    i.TxFifo_Init       uart0int.o
    0x00002b50   0x00002b50   0x0000003c   Code   RO          954    i.TxFifo_Put        uart0int.o
    0x00002b8c   0x00002b8c   0x00000018   Code   RO          955    i.TxFifo_Size       uart0int.o
    0x00002ba4   0x00002ba4   0x00000058   Code   RO          956    i.UART0_Handler     uart0int.o
    0x00002bfc   0x00002bfc   0x00000020   Code   RO          958    i.UART_InChar       uart0int.o
    0x00002c1c   0x00002c1c   0x00000046   Code   RO          960    i.UART_InString     uart0int.o
    0x00002c62   0x00002c62   0x00000002   PAD
    0x00002c64   0x00002c64   0x000000c8   Code   RO          963    i.UART_Init         uart0int.o
    0x00002d2c   0x00002d2c   0x0000003c   Code   RO          964    i.UART_OutChar      uart0int.o
    0x00002d68   0x00002d68   0x00000018   Code   RO          967    i.UART_OutString    uart0int.o
    0x00002d80   0x00002d80   0x0000002a   Code   RO          968    i.UART_OutUDec      uart0int.o
    0x00002daa   0x00002daa   0x00000002   PAD
    0x00002dac   0x00002dac   0x00000068   Code   RO          352    i.WDTimer0A_task    os.o
    0x00002e14   0x00002e14   0x00000018   Code   RO         1949    i.WideTimer0A_Handler  wtimer0a.o
    0x00002e2c   0x00002e2c   0x00000064   Code   RO         1950    i.WideTimer0A_Init  wtimer0a.o
    0x00002e90   0x00002e90   0x00000008   Code   RO         2596    i.__aeabi_errno_addr  mc_w.l(errno.o)
    0x00002e98   0x00002e98   0x0000000e   Code   RO         2630    i.__scatterload_copy  mc_w.l(handlers.o)
    0x00002ea6   0x00002ea6   0x00000002   Code   RO         2631    i.__scatterload_null  mc_w.l(handlers.o)
    0x00002ea8   0x00002ea8   0x0000000e   Code   RO         2632    i.__scatterload_zeroinit  mc_w.l(handlers.o)
    0x00002eb6   0x00002eb6   0x00000058   Code   RO         2031    i.addressOf         loader.o
    0x00002f0e   0x00002f0e   0x00000002   PAD
    0x00002f10   0x00002f10   0x00000090   Code   RO         1346    i.check_fs          ff.o
    0x00002fa0   0x00002fa0   0x00000018   Code   RO         1347    i.chk_chr           ff.o
    0x00002fb8   0x00002fb8   0x0000001a   Code   RO         1348    i.clust2sect        ff.o
    0x00002fd2   0x00002fd2   0x00000056   Code   RO          665    i.commandList       st7735.o
    0x00003028   0x00003028   0x0000018c   Code   RO          666    i.commonInit        st7735.o
    0x000031b4   0x000031b4   0x00000038   Code   RO          970    i.copyHardwareToSoftware  uart0int.o
    0x000031ec   0x000031ec   0x00000034   Code   RO          971    i.copySoftwareToHardware  uart0int.o
    0x00003220   0x00003220   0x000000d6   Code   RO         1349    i.create_chain      ff.o
    0x000032f6   0x000032f6   0x00000002   PAD
    0x000032f8   0x000032f8   0x000001b4   Code   RO         1350    i.create_name       ff.o
    0x000034ac   0x000034ac   0x00000014   Code   RO         1110    i.deselect          edisk.o
    0x000034c0   0x000034c0   0x0000005c   Code   RO         1351    i.dir_alloc         ff.o
    0x0000351c   0x0000351c   0x0000005c   Code   RO         1352    i.dir_find          ff.o
    0x00003578   0x00003578   0x00000110   Code   RO         1353    i.dir_next          ff.o
    0x00003688   0x00003688   0x00000070   Code   RO         1354    i.dir_read          ff.o
    0x000036f8   0x000036f8   0x0000003a   Code   RO         1355    i.dir_register      ff.o
    0x00003732   0x00003732   0x00000036   Code   RO         1356    i.dir_remove        ff.o
    0x00003768   0x00003768   0x0000009e   Code   RO         1357    i.dir_sdi           ff.o
    0x00003806   0x00003806   0x00000002   PAD
    0x00003808   0x00003808   0x00000228   Code   RO         1111    i.disk_ioctl        edisk.o
    0x00003a30   0x00003a30   0x00000040   Code   RO         1112    i.disk_timerproc    edisk.o
    0x00003a70   0x00003a70   0x00000002   Code   RO         2032    i.dumpData          loader.o
    0x00003a72   0x00003a72   0x00000002   PAD
    0x00003a74   0x00003a74   0x0000015c   Code   RO         1113    i.eDisk_Init        edisk.o
    0x00003bd0   0x00003bd0   0x00000090   Code   RO         1114    i.eDisk_Read        edisk.o
    0x00003c60   0x00003c60   0x00000014   Code   RO         1116    i.eDisk_Status      edisk.o
    0x00003c74   0x00003c74   0x000000b4   Code   RO         1117    i.eDisk_Write       edisk.o
    0x00003d28   0x00003d28   0x00000034   Code   RO         1231    i.eFile_Create      efile.o
    0x00003d5c   0x00003d5c   0x0000002c   Code   RO         1234    i.eFile_Delete      efile.o
    0x00003d88   0x00003d88   0x00000030   Code   RO         1236    i.eFile_Format      efile.o
    0x00003db8   0x00003db8   0x00000034   Code   RO         1238    i.eFile_Mount       efile.o
    0x00003dec   0x00003dec   0x0000002c   Code   RO         1239    i.eFile_RClose      efile.o
    0x00003e18   0x00003e18   0x00000034   Code   RO         1240    i.eFile_ROpen       efile.o
    0x00003e4c   0x00003e4c   0x0000003c   Code   RO         1241    i.eFile_ReadNext    efile.o
    0x00003e88   0x00003e88   0x00000030   Code   RO         1242    i.eFile_Unmount     efile.o
    0x00003eb8   0x00003eb8   0x0000002c   Code   RO         1243    i.eFile_WClose      efile.o
    0x00003ee4   0x00003ee4   0x00000034   Code   RO         1244    i.eFile_WOpen       efile.o
    0x00003f18   0x00003f18   0x0000003c   Code   RO         1245    i.eFile_Write       efile.o
    0x00003f54   0x00003f54   0x000000e8   Code   RO         2033    i.exec_elf          loader.o
    0x0000403c   0x0000403c   0x00000020   Code   RO         1360    i.f_close           ff.o
    0x0000405c   0x0000405c   0x0000017e   Code   RO         1365    i.f_lseek           ff.o
    0x000041da   0x000041da   0x00000002   PAD
    0x000041dc   0x000041dc   0x00000648   Code   RO         1367    i.f_mkfs            ff.o
    0x00004824   0x00004824   0x0000005c   Code   RO         1368    i.f_mount           ff.o
    0x00004880   0x00004880   0x00000164   Code   RO         1369    i.f_open            ff.o
    0x000049e4   0x000049e4   0x000001a0   Code   RO         1371    i.f_read            ff.o
    0x00004b84   0x00004b84   0x000000b0   Code   RO         1376    i.f_sync            ff.o
    0x00004c34   0x00004c34   0x000000be   Code   RO         1378    i.f_unlink          ff.o
    0x00004cf2   0x00004cf2   0x000001d8   Code   RO         1380    i.f_write           ff.o
    0x00004eca   0x00004eca   0x00000002   PAD
    0x00004ecc   0x00004ecc   0x00000048   Code   RO          667    i.fillmessage       st7735.o
    0x00004f14   0x00004f14   0x0000038c   Code   RO         1381    i.find_volume       ff.o
    0x000052a0   0x000052a0   0x000000b0   Code   RO         1382    i.follow_path       ff.o
    0x00005350   0x00005350   0x0000000c   Code   RO         2034    i.freeElf           loader.o
    0x0000535c   0x0000535c   0x00000010   Code   RO         2035    i.freeSection       loader.o
    0x0000536c   0x0000536c   0x00000010   Code   RO         2036    i.freeSegment       loader.o
    0x0000537c   0x0000537c   0x000000f2   Code   RO         1383    i.get_fat           ff.o
    0x0000546e   0x0000546e   0x0000004a   Code   RO         1385    i.get_ldnumber      ff.o
    0x000054b8   0x000054b8   0x00000086   Code   RO         2037    i.initElf           loader.o
    0x0000553e   0x0000553e   0x00000002   PAD
    0x00005540   0x00005540   0x00000028   Code   RO         1119    i.init_spi          edisk.o
    0x00005568   0x00005568   0x00000048   Code   RO         2038    i.jumpTo            loader.o
    0x000055b0   0x000055b0   0x00000020   Code   RO         1386    i.ld_clust          ff.o
    0x000055d0   0x000055d0   0x000000ec   Code   RO         2039    i.loadProgram       loader.o
    0x000056bc   0x000056bc   0x000000ec   Code   RO         2040    i.loadSecData       loader.o
    0x000057a8   0x000057a8   0x000000f4   Code   RO         2041    i.loadSegData       loader.o
    0x0000589c   0x0000589c   0x000000c4   Code   RO         2042    i.loadSymbols       loader.o
    0x00005960   0x00005960   0x0000000a   Code   RO          109    i.main              lab5.o
    0x0000596a   0x0000596a   0x00000002   PAD
    0x0000596c   0x0000596c   0x0000006c   Code   RO         2518    i.malloc            mc_w.l(malloc.o)
    0x000059d8   0x000059d8   0x00000026   Code   RO         1387    i.mem_cmp           ff.o
    0x000059fe   0x000059fe   0x0000001a   Code   RO         1388    i.mem_cpy           ff.o
    0x00005a18   0x00005a18   0x00000014   Code   RO         1389    i.mem_set           ff.o
    0x00005a2c   0x00005a2c   0x00000034   Code   RO         1390    i.move_window       ff.o
    0x00005a60   0x00005a60   0x00000084   Code   RO         2043    i.placeDynamic      loader.o
    0x00005ae4   0x00005ae4   0x00000154   Code   RO         2044    i.placeInfo         loader.o
    0x00005c38   0x00005c38   0x00000012   Code   RO          670    i.pushColor         st7735.o
    0x00005c4a   0x00005c4a   0x00000142   Code   RO         1391    i.put_fat           ff.o
    0x00005d8c   0x00005d8c   0x00000048   Code   RO         1120    i.rcvr_datablock    edisk.o
    0x00005dd4   0x00005dd4   0x00000030   Code   RO         1121    i.rcvr_spi          edisk.o
    0x00005e04   0x00005e04   0x00000018   Code   RO         1122    i.rcvr_spi_multi    edisk.o
    0x00005e1c   0x00005e1c   0x0000003e   Code   RO         2045    i.readSecHeader     loader.o
    0x00005e5a   0x00005e5a   0x0000003a   Code   RO         2046    i.readSection       loader.o
    0x00005e94   0x00005e94   0x00000044   Code   RO         2047    i.readSectionName   loader.o
    0x00005ed8   0x00005ed8   0x0000003a   Code   RO         2048    i.readSegHeader     loader.o
    0x00005f12   0x00005f12   0x00000072   Code   RO         2049    i.readSymbol        loader.o
    0x00005f84   0x00005f84   0x00000044   Code   RO         2050    i.readSymbolName    loader.o
    0x00005fc8   0x00005fc8   0x00000090   Code   RO          110    i.realmain          lab5.o
    0x00006058   0x00006058   0x000000aa   Code   RO         2051    i.relJmpCall        loader.o
    0x00006102   0x00006102   0x00000002   PAD
    0x00006104   0x00006104   0x000000cc   Code   RO         2052    i.relocate          loader.o
    0x000061d0   0x000061d0   0x00000040   Code   RO         2053    i.relocateProgram   loader.o
    0x00006210   0x00006210   0x00000084   Code   RO         2054    i.relocateSection   loader.o
    0x00006294   0x00006294   0x00000048   Code   RO         2055    i.relocateSections  loader.o
    0x000062dc   0x000062dc   0x00000038   Code   RO         2056    i.relocateSymbol    loader.o
    0x00006314   0x00006314   0x0000006c   Code   RO         1392    i.remove_chain      ff.o
    0x00006380   0x00006380   0x00000046   Code   RO         2057    i.sectionOf         loader.o
    0x000063c6   0x000063c6   0x00000002   PAD
    0x000063c8   0x000063c8   0x00000030   Code   RO         1123    i.select            edisk.o
    0x000063f8   0x000063f8   0x00000096   Code   RO         1124    i.send_cmd          edisk.o
    0x0000648e   0x0000648e   0x00000002   PAD
    0x00006490   0x00006490   0x00000074   Code   RO          671    i.setAddrWindow     st7735.o
    0x00006504   0x00006504   0x00000010   Code   RO         1393    i.st_clust          ff.o
    0x00006514   0x00006514   0x000000c8   Code   RO         1394    i.sync_fs           ff.o
    0x000065dc   0x000065dc   0x00000052   Code   RO         1395    i.sync_window       ff.o
    0x0000662e   0x0000662e   0x00000036   Code   RO         1396    i.validate          ff.o
    0x00006664   0x00006664   0x00000030   Code   RO         1125    i.wait_ready        edisk.o
    0x00006694   0x00006694   0x00000050   Code   RO          672    i.writecommand      st7735.o
    0x000066e4   0x000066e4   0x00000054   Code   RO          673    i.writedata         st7735.o
    0x00006738   0x00006738   0x00000038   Code   RO         1126    i.xchg_spi          edisk.o
    0x00006770   0x00006770   0x0000004c   Code   RO         1127    i.xmit_datablock    edisk.o
    0x000067bc   0x000067bc   0x00000030   Code   RO         1128    i.xmit_spi_multi    edisk.o
    0x000067ec   0x000067ec   0x00000842   Data   RO          675    .constdata          st7735.o
    0x0000702e   0x0000702e   0x00000002   PAD
    0x00007030   0x00007030   0x00000010   Data   RO          911    .constdata          interpreter.o
    0x00007040   0x00007040   0x0000002c   Data   RO         1397    .constdata          ff.o
    0x0000706c   0x0000706c   0x00000045   Data   RO         2059    .constdata          loader.o
    0x000070b1   0x000070b1   0x00000081   Data   RO         2567    .constdata          mc_w.l(ctype_o.o)
    0x00007132   0x00007132   0x00000002   PAD
    0x00007134   0x00007134   0x00000004   Data   RO         2568    .constdata          mc_w.l(ctype_o.o)
    0x00007138   0x00007138   0x0000000f   Data   RO          912    .conststring        interpreter.o
    0x00007147   0x00007147   0x00000001   PAD
    0x00007148   0x00007148   0x00000020   Data   RO         2628    Region$$Table       anon$$obj.o


    Execution Region ER_RW (Exec base: 0x20000000, Load base: 0x00007168, Size: 0x00000104, Max: 0xffffffff, ABSOLUTE)

    Exec Addr    Load Addr    Size         Type   Attr      Idx    E Section Name        Object

    0x20000000   0x00007168   0x0000004c   Data   RW          113    .data               lab5.o
    0x2000004c   0x000071b4   0x00000044   Data   RW          357    .data               os.o
    0x20000090   0x000071f8   0x0000002c   Data   RW          676    .data               st7735.o
    0x200000bc   0x00007224   0x00000010   Data   RW          973    .data               uart0int.o
    0x200000cc   0x00007234   0x0000000d   Data   RW         1129    .data               edisk.o
    0x200000d9   0x00007241   0x00000003   PAD
    0x200000dc   0x00007244   0x00000006   Data   RW         1398    .data               ff.o
    0x200000e2   0x0000724a   0x00000002   PAD
    0x200000e4   0x0000724c   0x00000008   Data   RW         1647    .data               adct0atrigger.o
    0x200000ec   0x00007254   0x00000004   Data   RW         1952    .data               wtimer0a.o
    0x200000f0   0x00007258   0x00000004   Data   RW         2213    .data               timer5a.o
    0x200000f4   0x0000725c   0x00000004   Data   RW         2249    .data               mc_w.l(strtok.o)
    0x200000f8   0x00007260   0x00000004   Data   RW         2594    .data               mc_w.l(mvars.o)
    0x200000fc   0x00007264   0x00000004   Data   RW         2595    .data               mc_w.l(mvars.o)
    0x20000100   0x00007268   0x00000004   Data   RW         2599    .data               mc_w.l(errno.o)


    Execution Region ER_ZI (Exec base: 0x20000104, Load base: 0x0000726c, Size: 0x00007c9c, Max: 0xffffffff, ABSOLUTE)

    Exec Addr    Load Addr    Size         Type   Attr      Idx    E Section Name        Object

    0x20000104        -       0x00005960   Zero   RW          355    .bss                os.o
    0x20005a64        -       0x0000000c   Zero   RW          674    .bss                st7735.o
    0x20005a70        -       0x00000800   Zero   RW          972    .bss                uart0int.o
    0x20006270        -       0x0000048c   Zero   RW         1246    .bss                efile.o
    0x200066fc        -       0x00001000   Zero   RW         1983    .bss                heap.o
    0x200076fc        -       0x000002a0   Zero   RW         2058    .bss                loader.o
    0x2000799c   0x0000726c   0x00000004   PAD
    0x200079a0        -       0x00000000   Zero   RW            2    HEAP                startup.o
    0x200079a0        -       0x00000400   Zero   RW            1    STACK               startup.o


==============================================================================

Image component sizes


      Code (inc. data)   RO Data    RW Data    ZI Data      Debug   Object Name

      1040         72          0          0          0       1336   adc.o
        64         20          0          8          0       2412   adct0atrigger.o
      2410        160          0         13          0      13443   edisk.o
       556        100          0          0       1164       8880   efile.o
      7756        128         44          6          0      31792   ff.o
       558         26          0          0       4096       4154   heap.o
      2112        972         31          0          0       4612   interpreter.o
       586        152          0         76          0       6575   lab5.o
         0          0          0          0          0       4508   launchpad.o
      3234        690         69          0        672      32349   loader.o
      3208        402          0         68      22880      21996   os.o
       184         14          0          0          0        332   osasm.o
       124          4          0          0          0        475   pll.o
      2210        242       2114         44         12      17056   st7735.o
       672        622          0          0       1024        996   startup.o
       120         28          0          4          0       1597   timer5a.o
       952        152          0         16       2048      10351   uart0int.o
       124         30          0          4          0       1633   wtimer0a.o

    ----------------------------------------------------------------------
     25946       3814       2293        244      31900     164497   Object Totals
         0          0         32          0          0          0   (incl. Generated)
        36          0          3          5          4          0   (incl. Padding)

    ----------------------------------------------------------------------

      Code (inc. data)   RO Data    RW Data    ZI Data      Debug   Library Member Name

        28          0          0          0          0         68   _chval.o
       158          0          0          0          0         92   _strtoul.o
         8          4        133          0          0         68   ctype_o.o
         0          0          0          0          0          0   entry.o
         0          0          0          0          0          0   entry10a.o
         0          0          0          0          0          0   entry11a.o
         8          4          0          0          0          0   entry2.o
         4          0          0          0          0          0   entry5.o
         0          0          0          0          0          0   entry7b.o
         0          0          0          0          0          0   entry8b.o
         8          4          0          0          0          0   entry9a.o
         8          4          0          4          0         68   errno.o
        30          0          0          0          0          0   handlers.o
        36          8          0          0          0         68   init.o
       108         16          0          0          0         84   malloc.o
        36          0          0          0          0         68   memcpya.o
         0          0          0          8          0          0   mvars.o
        28          0          0          0          0         76   strcmp.o
        14          0          0          0          0         68   strlen.o
        68          6          0          4          0         80   strtok.o
       112          0          0          0          0         88   strtol.o

    ----------------------------------------------------------------------
       658         46        135         16          0        828   Library Totals
         4          0          2          0          0          0   (incl. Padding)

    ----------------------------------------------------------------------

      Code (inc. data)   RO Data    RW Data    ZI Data      Debug   Library Name

       654         46        133         16          0        828   mc_w.l

    ----------------------------------------------------------------------
       658         46        135         16          0        828   Library Totals

    ----------------------------------------------------------------------

==============================================================================


      Code (inc. data)   RO Data    RW Data    ZI Data      Debug   

     26604       3860       2428        260      31900     155753   Grand Totals
     26604       3860       2428        260      31900     155753   ELF Image Totals
     26604       3860       2428        260          0          0   ROM Totals

==============================================================================

    Total RO  Size (Code + RO Data)                29032 (  28.35kB)
    Total RW  Size (RW Data + ZI Data)             32160 (  31.41kB)
    Total ROM Size (Code + RO Data + RW Data)      29292 (  28.61kB)

==============================================================================

