<html>
<body>
<pre>
<h1>µVision Build Log</h1>
<h2>Tool Versions:</h2>
IDE-Version: ¦ÌVision V5.32.0.0
Copyright (C) 2020 ARM Ltd and ARM Germany GmbH. All rights reserved.
License Information: Peng Han, The University of Texas at Austin, LIC=GE73Z-3MSP8-CTHVK-HSC6D-VUYX7-SS4RH
 
Tool Versions:
Toolchain:       MDK-ARM Professional  Version: 5.32.0.0
Toolchain Path:  C:\Keil_v5\ARM\ARMCC\Bin
C Compiler:      Armcc.exe V5.06 update 7 (build 960)
Assembler:       Armasm.exe V5.06 update 7 (build 960)
Linker/Locator:  ArmLink.exe V5.06 update 7 (build 960)
Library Manager: ArmAr.exe V5.06 update 7 (build 960)
Hex Converter:   FromElf.exe V5.06 update 7 (build 960)
CPU DLL:         SARMCM3.DLL V5.32.0.0
Dialog DLL:      DCM.DLL V1.17.3.0
Target DLL:      lmidk-agdi.dll V???
Dialog DLL:      TCM.DLL V1.46.0.0
 
<h2>Project:</h2>
C:\Users\Peng Han\Documents\GitHub\lab-6-ph22637_hz6755\Codes\RTOS_Lab6_Networking\Lab6.uvprojx
Project File Date:  11/11/2020

<h2>Output:</h2>
*** Using Compiler 'V5.06 update 7 (build 960)', folder: 'C:\Keil_v5\ARM\ARMCC\Bin'
Rebuild target 'Lab6'
assembling startup.s...
compiling LaunchPad.c...
compiling PLL.c...
compiling UART0int.c...
compiling Interpreter.c...
..\RTOS_Labs_common\../RTOS_Labs_common/Interpreter.h(31): warning:  #1-D: last line of file ends without a newline
  extern int Error_Send;
..\RTOS_Labs_common\Interpreter.c: 1 warning, 0 errors
compiling Lab6.c...
../RTOS_Labs_common/Interpreter.h(31): warning:  #1-D: last line of file ends without a newline
  extern int Error_Send;
Lab6.c: 1 warning, 0 errors
compiling OS.c...
..\RTOS_Labs_common\OS.c(1458): warning:  #223-D: function "ContextSwitch" declared implicitly
    ContextSwitch();
..\RTOS_Labs_common\OS.c(1651): warning:  #223-D: function "StartOS" declared implicitly
  	StartOS(RunPt->SavedSP);
..\RTOS_Labs_common\OS.c: 2 warnings, 0 errors
compiling ST7735.c...
assembling osasm.s...
compiling eFile.c...
eFile.c(296): warning:  #550-D: variable "k"  was set but never used
  	int k;
eFile.c(502): warning:  #68-D: integer conversion resulted in a change of sign
  	Wbuffer[WNum] = -1;
eFile.c(552): warning:  #550-D: variable "Rtest"  was set but never used
  	int i=0;DRESULT Rtest;
eFile.c(586): warning:  #550-D: variable "Rtest"  was set but never used
    DRESULT Rtest;
eFile.c(667): warning:  #177-D: variable "Rtest"  was declared but never referenced
  	int i=0;DRESULT Rtest;
eFile.c: 5 warnings, 0 errors
assembling cr4_fft_64_stm32.s...
assembling PID_stm32.s...
compiling IRDistance.c...
compiling LPF.c...
compiling ff.c...
compiling heap.c...
..\RTOS_Labs_common\heap.c(233): warning:  #111-D: statement is unreachable
  	return 0;
..\RTOS_Labs_common\heap.c: 1 warning, 0 errors
compiling eDisk.c...
compiling ADCT0ATrigger.c...
compiling ADCSWTrigger.c...
compiling loader.c...
compiling ADC.c...
compiling interrupt.c...
compiling can.c...
compiling WTimer0A.c...
compiling cpu.c...
compiling Timer5A.c...
compiling can0.c...
compiling esp8266.c...
linking...
Program Size: Code=32672 RO-data=2728 RW-data=360 ZI-data=19168  
".\Lab6.axf" - 0 Error(s), 10 Warning(s).

<h2>Software Packages used:</h2>

Package Vendor: Keil
                http://www.keil.com/pack/Keil.TM4C_DFP.1.1.0.pack
                Keil.TM4C_DFP.1.1.0
                Texas Instruments Tiva C Series Device Support and Examples

<h2>Collection of Component include folders:</h2>
  .\RTE\_Lab6
  C:\Users\Peng Han\AppData\Local\Arm\Packs\Keil\TM4C_DFP\1.1.0\Device\Include\TM4C123

<h2>Collection of Component Files used:</h2>
Build Time Elapsed:  00:00:03
</pre>
</body>
</html>
