Component: ARM Compiler 5.06 update 7 (build 960) Tool: armlink [4d3601]

==============================================================================

Section Cross References

    startup.o(RESET) refers to startup.o(STACK) for StackMem
    startup.o(RESET) refers to osasm.o(.text) for SVC_Handler
    startup.o(RESET) refers to os.o(i.SysTick_Handler) for SysTick_Handler
    startup.o(RESET) refers to uart0int.o(i.UART0_Handler) for UART0_Handler
    startup.o(RESET) refers to adct0atrigger.o(i.ADC0Seq0_Handler) for ADC0Seq0_Handler
    startup.o(RESET) refers to adct0atrigger.o(i.ADC0Seq3_Handler) for ADC0Seq3_Handler
    startup.o(RESET) refers to os.o(i.GPIOPortF_Handler) for GPIOPortF_Handler
    startup.o(RESET) refers to esp8266.o(i.UART2_Handler) for UART2_Handler
    startup.o(RESET) refers to can0.o(i.CAN0_Handler) for CAN0_Handler
    startup.o(RESET) refers to os.o(i.Timer4A_Handler) for Timer4A_Handler
    startup.o(RESET) refers to timer5a.o(i.Timer5A_Handler) for Timer5A_Handler
    startup.o(RESET) refers to wtimer0a.o(i.WideTimer0A_Handler) for WideTimer0A_Handler
    startup.o(RESET) refers to entry.o(.ARM.Collect$$$$00000000) for __main
    launchpad.o(i.LaunchPad_WaitForRelease) refers to launchpad.o(i.DelayMs) for DelayMs
    launchpad.o(i.LaunchPad_WaitForTouch) refers to launchpad.o(i.DelayMs) for DelayMs
    lab6.o(i.Buck_Fun) refers to os.o(i.OS_Kill) for OS_Kill
    lab6.o(i.Buck_Fun) refers to adc.o(i.ADC_In) for ADC_In
    lab6.o(i.Buck_Fun) refers to os.o(i.OS_Sleep) for OS_Sleep
    lab6.o(i.Buck_Fun) refers to lab6.o(.data) for Error_Num
    lab6.o(i.ButtonWork1) refers to os.o(i.OS_Id) for OS_Id
    lab6.o(i.ButtonWork1) refers to st7735.o(i.ST7735_Message) for ST7735_Message
    lab6.o(i.ButtonWork1) refers to os.o(i.OS_Kill) for OS_Kill
    lab6.o(i.ButtonWork1) refers to lab6.o(.data) for sequenceNum
    lab6.o(i.CANReceiveTask) refers to can0.o(i.CAN0_GetMail) for CAN0_GetMail
    lab6.o(i.CANReceiveTask) refers to st7735.o(i.ST7735_Message) for ST7735_Message
    lab6.o(i.CANReceiveTask) refers to lab6.o(.data) for RcvData
    lab6.o(i.CANSendTask) refers to can0.o(i.CAN0_SendData) for CAN0_SendData
    lab6.o(i.CANSendTask) refers to lab6.o(.data) for XmtData
    lab6.o(i.ConnectWifi) refers to esp8266.o(i.ESP8266_Init) for ESP8266_Init
    lab6.o(i.ConnectWifi) refers to st7735.o(i.ST7735_DrawString) for ST7735_DrawString
    lab6.o(i.ConnectWifi) refers to os.o(i.OS_Kill) for OS_Kill
    lab6.o(i.ConnectWifi) refers to esp8266.o(i.ESP8266_GetVersionNumber) for ESP8266_GetVersionNumber
    lab6.o(i.ConnectWifi) refers to esp8266.o(i.ESP8266_Connect) for ESP8266_Connect
    lab6.o(i.ConnectWifi) refers to os.o(i.OS_AddThread) for OS_AddThread
    lab6.o(i.ConnectWifi) refers to lab6.o(i.FetchWeather) for FetchWeather
    lab6.o(i.ConnectWifi) refers to lab6.o(.data) for NumCreated
    lab6.o(i.FetchWeather) refers to st7735.o(i.ST7735_DrawString) for ST7735_DrawString
    lab6.o(i.FetchWeather) refers to esp8266.o(i.ESP8266_GetStatus) for ESP8266_GetStatus
    lab6.o(i.FetchWeather) refers to esp8266.o(i.ESP8266_MakeTCPConnection) for ESP8266_MakeTCPConnection
    lab6.o(i.FetchWeather) refers to os.o(i.OS_Kill) for OS_Kill
    lab6.o(i.FetchWeather) refers to esp8266.o(i.ESP8266_Send) for ESP8266_Send
    lab6.o(i.FetchWeather) refers to esp8266.o(i.ESP8266_CloseTCPConnection) for ESP8266_CloseTCPConnection
    lab6.o(i.FetchWeather) refers to esp8266.o(i.ESP8266_Receive) for ESP8266_Receive
    lab6.o(i.FetchWeather) refers to strncmp.o(.text) for strncmp
    lab6.o(i.FetchWeather) refers to atol.o(.text) for atol
    lab6.o(i.FetchWeather) refers to strlen.o(.text) for strlen
    lab6.o(i.FetchWeather) refers to heap.o(i.Heap_Malloc) for Heap_Malloc
    lab6.o(i.FetchWeather) refers to strstr.o(.text) for strstr
    lab6.o(i.FetchWeather) refers to st7735.o(i.ST7735_Message) for ST7735_Message
    lab6.o(i.FetchWeather) refers to strchr.o(.text) for strchr
    lab6.o(i.FetchWeather) refers to heap.o(i.Heap_Free) for Heap_Free
    lab6.o(i.FetchWeather) refers to lab6.o(.data) for Running
    lab6.o(i.FetchWeather) refers to lab6.o(.constdata) for Fetch
    lab6.o(i.FetchWeather) refers to lab6.o(.bss) for Response
    lab6.o(i.HTTP_ServePage) refers to memcpya.o(.text) for __aeabi_memcpy4
    lab6.o(i.HTTP_ServePage) refers to strlen.o(.text) for strlen
    lab6.o(i.HTTP_ServePage) refers to printf1.o(i.__0sprintf$1) for __2sprintf
    lab6.o(i.HTTP_ServePage) refers to esp8266.o(i.ESP8266_SendBuffered) for ESP8266_SendBuffered
    lab6.o(i.HTTP_ServePage) refers to esp8266.o(i.ESP8266_SendBufferedStatus) for ESP8266_SendBufferedStatus
    lab6.o(i.HTTP_ServePage) refers to lab6.o(.conststring) for .conststring
    lab6.o(i.Idle) refers to startup.o(.text) for WaitForInterrupt
    lab6.o(i.Idle) refers to lab6.o(.data) for IdleCount
    lab6.o(i.Init) refers to efile.o(i.eFile_Init) for eFile_Init
[...]
    relJmpCall                               0x0000780d   Thumb Code   170  loader.o(i.relJmpCall)
    i.relocate                               0x000078b8   Section        0  loader.o(i.relocate)
    relocate                                 0x000078b9   Thumb Code   170  loader.o(i.relocate)
    i.relocateProgram                        0x00007984   Section        0  loader.o(i.relocateProgram)
    relocateProgram                          0x00007985   Thumb Code    32  loader.o(i.relocateProgram)
    i.relocateSection                        0x000079c4   Section        0  loader.o(i.relocateSection)
    relocateSection                          0x000079c5   Thumb Code    66  loader.o(i.relocateSection)
    i.relocateSections                       0x00007a48   Section        0  loader.o(i.relocateSections)
    relocateSections                         0x00007a49   Thumb Code    48  loader.o(i.relocateSections)
    i.relocateSymbol                         0x00007a90   Section        0  loader.o(i.relocateSymbol)
    relocateSymbol                           0x00007a91   Thumb Code    56  loader.o(i.relocateSymbol)
    i.remove_chain                           0x00007ac8   Section        0  ff.o(i.remove_chain)
    remove_chain                             0x00007ac9   Thumb Code   108  ff.o(i.remove_chain)
    i.sectionOf                              0x00007b34   Section        0  loader.o(i.sectionOf)
    sectionOf                                0x00007b35   Thumb Code    70  loader.o(i.sectionOf)
    i.select                                 0x00007b7c   Section        0  edisk.o(i.select)
    select                                   0x00007b7d   Thumb Code    44  edisk.o(i.select)
    i.send_cmd                               0x00007bac   Section        0  edisk.o(i.send_cmd)
    send_cmd                                 0x00007bad   Thumb Code   150  edisk.o(i.send_cmd)
    i.setAddrWindow                          0x00007c44   Section        0  st7735.o(i.setAddrWindow)
    setAddrWindow                            0x00007c45   Thumb Code   106  st7735.o(i.setAddrWindow)
    i.st_clust                               0x00007cb8   Section        0  ff.o(i.st_clust)
    st_clust                                 0x00007cb9   Thumb Code    16  ff.o(i.st_clust)
    i.sync_fs                                0x00007cc8   Section        0  ff.o(i.sync_fs)
    sync_fs                                  0x00007cc9   Thumb Code   200  ff.o(i.sync_fs)
    i.sync_window                            0x00007d90   Section        0  ff.o(i.sync_window)
    sync_window                              0x00007d91   Thumb Code    82  ff.o(i.sync_window)
    i.validate                               0x00007de2   Section        0  ff.o(i.validate)
    validate                                 0x00007de3   Thumb Code    54  ff.o(i.validate)
    i.wait_ready                             0x00007e18   Section        0  edisk.o(i.wait_ready)
    wait_ready                               0x00007e19   Thumb Code    42  edisk.o(i.wait_ready)
    i.writecommand                           0x00007e48   Section        0  st7735.o(i.writecommand)
    writecommand                             0x00007e49   Thumb Code    68  st7735.o(i.writecommand)
    i.writedata                              0x00007e98   Section        0  st7735.o(i.writedata)
    writedata                                0x00007e99   Thumb Code    70  st7735.o(i.writedata)
    i.xchg_spi                               0x00007eec   Section        0  edisk.o(i.xchg_spi)
    xchg_spi                                 0x00007eed   Thumb Code    50  edisk.o(i.xchg_spi)
    i.xmit_datablock                         0x00007f24   Section        0  edisk.o(i.xmit_datablock)
    xmit_datablock                           0x00007f25   Thumb Code    76  edisk.o(i.xmit_datablock)
    i.xmit_spi_multi                         0x00007f70   Section        0  edisk.o(i.xmit_spi_multi)
    xmit_spi_multi                           0x00007f71   Thumb Code    42  edisk.o(i.xmit_spi_multi)
    .constdata                               0x00007fa0   Section     2114  st7735.o(.constdata)
    Font                                     0x00007fa0   Data        1275  st7735.o(.constdata)
    Bcmd                                     0x0000849b   Data         103  st7735.o(.constdata)
    Rcmd1                                    0x00008502   Data          59  st7735.o(.constdata)
    Rcmd2green                               0x0000853d   Data          13  st7735.o(.constdata)
    Rcmd2red                                 0x0000854a   Data          13  st7735.o(.constdata)
    Rcmd3                                    0x00008557   Data          43  st7735.o(.constdata)
    .constdata                               0x000087e4   Section       16  interpreter.o(.constdata)
    symtab                                   0x000087e4   Data           8  interpreter.o(.constdata)
    .constdata                               0x000087f4   Section       69  loader.o(.constdata)
    .constdata                               0x0000883a   Section       18  can.o(.constdata)
    g_usCANBitValues                         0x0000883a   Data          18  can.o(.constdata)
    .constdata                               0x0000884c   Section       54  esp8266.o(.constdata)
    ESP8266_READY_RESPONSE                   0x0000884c   Data          10  esp8266.o(.constdata)
    ESP8266_OK_RESPONSE                      0x00008856   Data           7  esp8266.o(.constdata)
    ESP8266_ERROR_RESPONSE                   0x0000885d   Data          10  esp8266.o(.constdata)
    ESP8266_FAIL_RESPONSE                    0x00008867   Data           9  esp8266.o(.constdata)
    ESP8266_SENDOK_RESPONSE                  0x00008870   Data          12  esp8266.o(.constdata)
    .constdata                               0x00008884   Section      268  interrupt.o(.constdata)
    g_pui32Priority                          0x00008884   Data          32  interrupt.o(.constdata)
    g_pui32Regs                              0x000088a4   Data         156  interrupt.o(.constdata)
    g_pui32EnRegs                            0x00008940   Data          20  interrupt.o(.constdata)
    g_pui32Dii16Regs                         0x00008954   Data          20  interrupt.o(.constdata)
    g_pui32PendRegs                          0x00008968   Data          20  interrupt.o(.constdata)
    g_pui32UnpendRegs                        0x0000897c   Data          20  interrupt.o(.constdata)
    .constdata                               0x00008990   Section      129  ctype_o.o(.constdata)
    .constdata                               0x00008a14   Section        4  ctype_o.o(.constdata)
    table                                    0x00008a14   Data           4  ctype_o.o(.constdata)
    .conststring                             0x00008a18   Section       15  interpreter.o(.conststring)
    .data                                    0x20000000   Section       60  lab6.o(.data)
    .data                                    0x2000003c   Section       48  os.o(.data)
    .data                                    0x2000006c   Section       44  st7735.o(.data)
    ColStart                                 0x20000076   Data           1  st7735.o(.data)
    RowStart                                 0x20000077   Data           1  st7735.o(.data)
    Rotation                                 0x20000078   Data           1  st7735.o(.data)
    TabColor                                 0x20000079   Data           1  st7735.o(.data)
    _width                                   0x2000007a   Data           2  st7735.o(.data)
    _height                                  0x2000007c   Data           2  st7735.o(.data)
    .data                                    0x20000098   Section       28  interpreter.o(.data)
    .data                                    0x200000b4   Section       16  uart0int.o(.data)
    .data                                    0x200000c4   Section       13  edisk.o(.data)
    Stat                                     0x200000c4   Data           1  edisk.o(.data)
    Timer1                                   0x200000c8   Data           4  edisk.o(.data)
    Timer2                                   0x200000cc   Data           4  edisk.o(.data)
    CardType                                 0x200000d0   Data           1  edisk.o(.data)
    .data                                    0x200000d4   Section       36  efile.o(.data)
    .data                                    0x200000f8   Section        6  ff.o(.data)
    FatFs                                    0x200000f8   Data           4  ff.o(.data)
    Fsid                                     0x200000fc   Data           2  ff.o(.data)
    .data                                    0x20000100   Section        8  adct0atrigger.o(.data)
    .data                                    0x20000108   Section        4  wtimer0a.o(.data)
    .data                                    0x2000010c   Section       16  can0.o(.data)
    RCVData                                  0x20000114   Data           4  can0.o(.data)
    MailFlag                                 0x20000118   Data           4  can0.o(.data)
    .data                                    0x2000011c   Section       60  esp8266.o(.data)
    ReceiveDataSearchIndex                   0x20000140   Data           4  esp8266.o(.data)
    ReceiveDataState                         0x20000144   Data           4  esp8266.o(.data)
    ReceiveDataStream                        0x20000148   Data           4  esp8266.o(.data)
    ReceiveDataLen                           0x2000014c   Data           4  esp8266.o(.data)
    .data                                    0x20000158   Section        4  timer5a.o(.data)
    .data                                    0x2000015c   Section        4  strtok.o(.data)
    state                                    0x2000015c   Data           4  strtok.o(.data)
    .data                                    0x20000160   Section        4  stdout.o(.data)
    .data                                    0x20000164   Section        4  errno.o(.data)
    _errno                                   0x20000164   Data           4  errno.o(.data)
    .bss                                     0x20000168   Section     7556  os.o(.bss)
    .bss                                     0x20001eec   Section       12  st7735.o(.bss)
    .bss                                     0x20001ef8   Section      144  interpreter.o(.bss)
    .bss                                     0x20001f88   Section     2048  uart0int.o(.bss)
    RxFifo                                   0x20001f88   Data        1024  uart0int.o(.bss)
    TxFifo                                   0x20002388   Data        1024  uart0int.o(.bss)
    .bss                                     0x20002788   Section     3584  efile.o(.bss)
    .bss                                     0x20003588   Section     1056  heap.o(.bss)
    .bss                                     0x200039a8   Section      672  loader.o(.bss)
    fd                                       0x200039a8   Data         548  loader.o(.bss)
    exec                                     0x20003bcc   Data         124  loader.o(.bss)
    .bss                                     0x20003c48   Section     3072  esp8266.o(.bss)
    ESP8266RxFifo                            0x20003c48   Data        1024  esp8266.o(.bss)
    ESP8266Rx0Fifo                           0x20004048   Data        1024  esp8266.o(.bss)
    ESP8266TxFifo                            0x20004448   Data        1024  esp8266.o(.bss)
    STACK                                    0x20004848   Section     1024  startup.o(STACK)
    StackMem                                 0x20004848   Data           0  startup.o(STACK)

    Global Symbols

    Symbol Name                              Value     Ov Type        Size  Object(Section)

    BuildAttributes$$THM_ISAv4$E$P$D$K$B$S$7EM$PE$A:L22UL41UL21$X:L11$S22US41US21$IEEE1$IW$USESV6$~STKCKD$USESV7$~SHL$OSPACE$ROPI$EBA8$MICROLIB$REQ8$PRES8$EABIv2 0x00000000   Number         0  anon$$obj.o ABSOLUTE
    __ARM_use_no_argv                        0x00000000   Number         0  lab6.o ABSOLUTE
    __Vectors                                0x00000000   Data           0  startup.o(RESET)
    _printf_a                                0x00000000   Number         0  stubs.o ABSOLUTE
    _printf_c                                0x00000000   Number         0  stubs.o ABSOLUTE
    _printf_charcount                        0x00000000   Number         0  stubs.o ABSOLUTE
    _printf_d                                0x00000000   Number         0  stubs.o ABSOLUTE
    _printf_e                                0x00000000   Number         0  stubs.o ABSOLUTE
    _printf_f                                0x00000000   Number         0  stubs.o ABSOLUTE
    _printf_flags                            0x00000000   Number         0  stubs.o ABSOLUTE
    _printf_fp_dec                           0x00000000   Number         0  stubs.o ABSOLUTE
    _printf_fp_hex                           0x00000000   Number         0  stubs.o ABSOLUTE
    _printf_g                                0x00000000   Number         0  stubs.o ABSOLUTE
    _printf_i                                0x00000000   Number         0  stubs.o ABSOLUTE
    _printf_int_dec                          0x00000000   Number         0  stubs.o ABSOLUTE
    _printf_l                                0x00000000   Number         0  stubs.o ABSOLUTE
    _printf_lc                               0x00000000   Number         0  stubs.o ABSOLUTE
    _printf_ll                               0x00000000   Number         0  stubs.o ABSOLUTE
    _printf_lld                              0x00000000   Number         0  stubs.o ABSOLUTE
    _printf_lli                              0x00000000   Number         0  stubs.o ABSOLUTE
    _printf_llo                              0x00000000   Number         0  stubs.o ABSOLUTE
    _printf_llu                              0x00000000   Number         0  stubs.o ABSOLUTE
    _printf_llx                              0x00000000   Number         0  stubs.o ABSOLUTE
    _printf_longlong_dec                     0x00000000   Number         0  stubs.o ABSOLUTE
    _printf_longlong_hex                     0x00000000   Number         0  stubs.o ABSOLUTE
    _printf_longlong_oct                     0x00000000   Number         0  stubs.o ABSOLUTE
    _printf_ls                               0x00000000   Number         0  stubs.o ABSOLUTE
    _printf_mbtowc                           0x00000000   Number         0  stubs.o ABSOLUTE
    _printf_n                                0x00000000   Number         0  stubs.o ABSOLUTE
    _printf_o                                0x00000000   Number         0  stubs.o ABSOLUTE
    _printf_p                                0x00000000   Number         0  stubs.o ABSOLUTE
    _printf_percent                          0x00000000   Number         0  stubs.o ABSOLUTE
    _printf_pre_padding                      0x00000000   Number         0  stubs.o ABSOLUTE
    _printf_return_value                     0x00000000   Number         0  stubs.o ABSOLUTE
    _printf_s                                0x00000000   Number         0  stubs.o ABSOLUTE
    _printf_sizespec                         0x00000000   Number         0  stubs.o ABSOLUTE
    _printf_str                              0x00000000   Number         0  stubs.o ABSOLUTE
    _printf_truncate_signed                  0x00000000   Number         0  stubs.o ABSOLUTE
    _printf_truncate_unsigned                0x00000000   Number         0  stubs.o ABSOLUTE
    _printf_u                                0x00000000   Number         0  stubs.o ABSOLUTE
    _printf_wc                               0x00000000   Number         0  stubs.o ABSOLUTE
    _printf_wctomb                           0x00000000   Number         0  stubs.o ABSOLUTE
    _printf_widthprec                        0x00000000   Number         0  stubs.o ABSOLUTE
    _printf_x                                0x00000000   Number         0  stubs.o ABSOLUTE
    __arm_fini_                               - Undefined Weak Reference
    __cpp_initialize__aeabi_                  - Undefined Weak Reference
    __cxa_finalize                            - Undefined Weak Reference
    _clock_init                               - Undefined Weak Reference
    _microlib_exit                            - Undefined Weak Reference
    Reset_Handler                            0x0000026d   Thumb Code     0  startup.o(RESET)
    NMI_Handler                              0x00000271   Thumb Code     2  startup.o(RESET)
    HardFault_Handler                        0x00000273   Thumb Code     2  startup.o(RESET)
    MemManage_Handler                        0x00000275   Thumb Code     2  startup.o(RESET)
    BusFault_Handler                         0x00000277   Thumb Code     2  startup.o(RESET)
    UsageFault_Handler                       0x00000279   Thumb Code     2  startup.o(RESET)
    DebugMon_Handler                         0x0000027d   Thumb Code     2  startup.o(RESET)
    ADC0Seq1_Handler                         0x00000283   Thumb Code     0  startup.o(RESET)
    ADC0Seq2_Handler                         0x00000283   Thumb Code     0  startup.o(RESET)
    ADC1Seq0_Handler                         0x00000283   Thumb Code     0  startup.o(RESET)
    ADC1Seq1_Handler                         0x00000283   Thumb Code     0  startup.o(RESET)
    ADC1Seq2_Handler                         0x00000283   Thumb Code     0  startup.o(RESET)
    ADC1Seq3_Handler                         0x00000283   Thumb Code     0  startup.o(RESET)
    CAN1_Handler                             0x00000283   Thumb Code     0  startup.o(RESET)
    CAN2_Handler                             0x00000283   Thumb Code     0  startup.o(RESET)
    Comp0_Handler                            0x00000283   Thumb Code     0  startup.o(RESET)
    Comp1_Handler                            0x00000283   Thumb Code     0  startup.o(RESET)
    Comp2_Handler                            0x00000283   Thumb Code     0  startup.o(RESET)
    Ethernet_Handler                         0x00000283   Thumb Code     0  startup.o(RESET)
    ExtBus_Handler                           0x00000283   Thumb Code     0  startup.o(RESET)
    FPU_Handler                              0x00000283   Thumb Code     0  startup.o(RESET)
    Fan0_Handler                             0x00000283   Thumb Code     0  startup.o(RESET)
    FlashCtl_Handler                         0x00000283   Thumb Code     0  startup.o(RESET)
    GPIOPortA_Handler                        0x00000283   Thumb Code     0  startup.o(RESET)
    GPIOPortB_Handler                        0x00000283   Thumb Code     0  startup.o(RESET)
    GPIOPortC_Handler                        0x00000283   Thumb Code     0  startup.o(RESET)
    GPIOPortD_Handler                        0x00000283   Thumb Code     0  startup.o(RESET)
    GPIOPortE_Handler                        0x00000283   Thumb Code     0  startup.o(RESET)
    GPIOPortG_Handler                        0x00000283   Thumb Code     0  startup.o(RESET)
    GPIOPortH_Handler                        0x00000283   Thumb Code     0  startup.o(RESET)
    GPIOPortJ_Handler                        0x00000283   Thumb Code     0  startup.o(RESET)
    GPIOPortK_Handler                        0x00000283   Thumb Code     0  startup.o(RESET)
    GPIOPortL_Handler                        0x00000283   Thumb Code     0  startup.o(RESET)
    GPIOPortM_Handler                        0x00000283   Thumb Code     0  startup.o(RESET)
    GPIOPortN_Handler                        0x00000283   Thumb Code     0  startup.o(RESET)
    GPIOPortP1_Handler                       0x00000283   Thumb Code     0  startup.o(RESET)
    GPIOPortP2_Handler                       0x00000283   Thumb Code     0  startup.o(RESET)
    GPIOPortP3_Handler                       0x00000283   Thumb Code     0  startup.o(RESET)
    GPIOPortP4_Handler                       0x00000283   Thumb Code     0  startup.o(RESET)
    GPIOPortP5_Handler                       0x00000283   Thumb Code     0  startup.o(RESET)
    GPIOPortP6_Handler                       0x00000283   Thumb Code     0  startup.o(RESET)
    GPIOPortP7_Handler                       0x00000283   Thumb Code     0  startup.o(RESET)
    GPIOPortP_Handler                        0x00000283   Thumb Code     0  startup.o(RESET)
    GPIOPortQ1_Handler                       0x00000283   Thumb Code     0  startup.o(RESET)
    GPIOPortQ2_Handler                       0x00000283   Thumb Code     0  startup.o(RESET)
    GPIOPortQ3_Handler                       0x00000283   Thumb Code     0  startup.o(RESET)
    GPIOPortQ4_Handler                       0x00000283   Thumb Code     0  startup.o(RESET)
    GPIOPortQ5_Handler                       0x00000283   Thumb Code     0  startup.o(RESET)
    GPIOPortQ6_Handler                       0x00000283   Thumb Code     0  startup.o(RESET)
    GPIOPortQ7_Handler                       0x00000283   Thumb Code     0  startup.o(RESET)
    GPIOPortQ_Handler                        0x00000283   Thumb Code     0  startup.o(RESET)
    GPIOPortR_Handler                        0x00000283   Thumb Code     0  startup.o(RESET)
    GPIOPortS_Handler                        0x00000283   Thumb Code     0  startup.o(RESET)
    Hibernate_Handler                        0x00000283   Thumb Code     0  startup.o(RESET)
    I2C0_Handler                             0x00000283   Thumb Code     0  startup.o(RESET)
    I2C1_Handler                             0x00000283   Thumb Code     0  startup.o(RESET)
    I2C2_Handler                             0x00000283   Thumb Code     0  startup.o(RESET)
    I2C3_Handler                             0x00000283   Thumb Code     0  startup.o(RESET)
    I2C4_Handler                             0x00000283   Thumb Code     0  startup.o(RESET)
    I2C5_Handler                             0x00000283   Thumb Code     0  startup.o(RESET)
    I2S0_Handler                             0x00000283   Thumb Code     0  startup.o(RESET)
    LPC0_Handler                             0x00000283   Thumb Code     0  startup.o(RESET)
    PECI0_Handler                            0x00000283   Thumb Code     0  startup.o(RESET)
    PWM0Fault_Handler                        0x00000283   Thumb Code     0  startup.o(RESET)
    PWM0Generator0_Handler                   0x00000283   Thumb Code     0  startup.o(RESET)
    PWM0Generator1_Handler                   0x00000283   Thumb Code     0  startup.o(RESET)
    PWM0Generator2_Handler                   0x00000283   Thumb Code     0  startup.o(RESET)
    PWM0Generator3_Handler                   0x00000283   Thumb Code     0  startup.o(RESET)
    PWM1Fault_Handler                        0x00000283   Thumb Code     0  startup.o(RESET)
    PWM1Generator0_Handler                   0x00000283   Thumb Code     0  startup.o(RESET)
    PWM1Generator1_Handler                   0x00000283   Thumb Code     0  startup.o(RESET)
    PWM1Generator2_Handler                   0x00000283   Thumb Code     0  startup.o(RESET)
    PWM1Generator3_Handler                   0x00000283   Thumb Code     0  startup.o(RESET)
    Quadrature0_Handler                      0x00000283   Thumb Code     0  startup.o(RESET)
    Quadrature1_Handler                      0x00000283   Thumb Code     0  startup.o(RESET)
    Quadrature2_Handler                      0x00000283   Thumb Code     0  startup.o(RESET)
    SSI0_Handler                             0x00000283   Thumb Code     0  startup.o(RESET)
    SSI1_Handler                             0x00000283   Thumb Code     0  startup.o(RESET)
    SSI2_Handler                             0x00000283   Thumb Code     0  startup.o(RESET)
    SSI3_Handler                             0x00000283   Thumb Code     0  startup.o(RESET)
    SysCtl_Handler                           0x00000283   Thumb Code     0  startup.o(RESET)
    Timer0A_Handler                          0x00000283   Thumb Code     0  startup.o(RESET)
    Timer0B_Handler                          0x00000283   Thumb Code     0  startup.o(RESET)
    Timer1A_Handler                          0x00000283   Thumb Code     0  startup.o(RESET)
    Timer1B_Handler                          0x00000283   Thumb Code     0  startup.o(RESET)
    Timer2A_Handler                          0x00000283   Thumb Code     0  startup.o(RESET)
    Timer2B_Handler                          0x00000283   Thumb Code     0  startup.o(RESET)
    Timer3A_Handler                          0x00000283   Thumb Code     0  startup.o(RESET)
    Timer3B_Handler                          0x00000283   Thumb Code     0  startup.o(RESET)
    Timer4B_Handler                          0x00000283   Thumb Code     0  startup.o(RESET)
    Timer5B_Handler                          0x00000283   Thumb Code     0  startup.o(RESET)
    UART1_Handler                            0x00000283   Thumb Code     0  startup.o(RESET)
    UART3_Handler                            0x00000283   Thumb Code     0  startup.o(RESET)
    UART4_Handler                            0x00000283   Thumb Code     0  startup.o(RESET)
    UART5_Handler                            0x00000283   Thumb Code     0  startup.o(RESET)
    UART6_Handler                            0x00000283   Thumb Code     0  startup.o(RESET)
    UART7_Handler                            0x00000283   Thumb Code     0  startup.o(RESET)
    USB0_Handler                             0x00000283   Thumb Code     0  startup.o(RESET)
    WDT_Handler                              0x00000283   Thumb Code     0  startup.o(RESET)
    WideTimer0B_Handler                      0x00000283   Thumb Code     0  startup.o(RESET)
    WideTimer1A_Handler                      0x00000283   Thumb Code     0  startup.o(RESET)
    WideTimer1B_Handler                      0x00000283   Thumb Code     0  startup.o(RESET)
    WideTimer2A_Handler                      0x00000283   Thumb Code     0  startup.o(RESET)
    WideTimer2B_Handler                      0x00000283   Thumb Code     0  startup.o(RESET)
    WideTimer3A_Handler                      0x00000283   Thumb Code     0  startup.o(RESET)
    WideTimer3B_Handler                      0x00000283   Thumb Code     0  startup.o(RESET)
    WideTimer4A_Handler                      0x00000283   Thumb Code     0  startup.o(RESET)
    WideTimer4B_Handler                      0x00000283   Thumb Code     0  startup.o(RESET)
    WideTimer5A_Handler                      0x00000283   Thumb Code     0  startup.o(RESET)
    WideTimer5B_Handler                      0x00000283   Thumb Code     0  startup.o(RESET)
    uDMA_Error                               0x00000283   Thumb Code     0  startup.o(RESET)
    uDMA_Handler                             0x00000283   Thumb Code     0  startup.o(RESET)
    __main                                   0x00000285   Thumb Code     0  entry.o(.ARM.Collect$$$$00000000)
    _main_stk                                0x00000285   Thumb Code     0  entry2.o(.ARM.Collect$$$$00000001)
    _main_scatterload                        0x00000289   Thumb Code     0  entry5.o(.ARM.Collect$$$$00000004)
    __main_after_scatterload                 0x0000028d   Thumb Code     0  entry5.o(.ARM.Collect$$$$00000004)
    _main_clock                              0x0000028d   Thumb Code     0  entry7b.o(.ARM.Collect$$$$00000008)
    _main_cpp_init                           0x0000028d   Thumb Code     0  entry8b.o(.ARM.Collect$$$$0000000A)
    _main_init                               0x0000028d   Thumb Code     0  entry9a.o(.ARM.Collect$$$$0000000B)
    __rt_lib_shutdown_fini                   0x00000295   Thumb Code     0  entry12b.o(.ARM.Collect$$$$0000000E)
    __rt_final_cpp                           0x00000299   Thumb Code     0  entry10a.o(.ARM.Collect$$$$0000000F)
    __rt_final_exit                          0x00000299   Thumb Code     0  entry11a.o(.ARM.Collect$$$$00000011)
    DisableInterrupts                        0x0000029d   Thumb Code     0  startup.o(.text)
    EnableInterrupts                         0x000002a1   Thumb Code     0  startup.o(.text)
    StartCritical                            0x000002a5   Thumb Code     0  startup.o(.text)
    EndCritical                              0x000002ad   Thumb Code     0  startup.o(.text)
    WaitForInterrupt                         0x000002b3   Thumb Code     0  startup.o(.text)
    StartOS                                  0x000002b9   Thumb Code     0  osasm.o(.text)
    ContextSwitch                            0x000002db   Thumb Code     0  osasm.o(.text)
    PendSV_Handler                           0x000002e5   Thumb Code     0  osasm.o(.text)
    SVC_Handler                              0x00000305   Thumb Code     0  osasm.o(.text)
    __aeabi_memcpy                           0x00000371   Thumb Code    36  memcpya.o(.text)
    __aeabi_memcpy4                          0x00000371   Thumb Code     0  memcpya.o(.text)
    __aeabi_memcpy8                          0x00000371   Thumb Code     0  memcpya.o(.text)
    strcat                                   0x00000395   Thumb Code    24  strcat.o(.text)
    strlen                                   0x000003ad   Thumb Code    14  strlen.o(.text)
    strcmp                                   0x000003bb   Thumb Code    28  strcmp.o(.text)
    memcmp                                   0x000003d7   Thumb Code    26  memcmp.o(.text)
    strcpy                                   0x000003f1   Thumb Code    18  strcpy.o(.text)
    strtok                                   0x00000405   Thumb Code    62  strtok.o(.text)
    strtol                                   0x00000449   Thumb Code   112  strtol.o(.text)
    __aeabi_uidiv                            0x000004b9   Thumb Code     0  uidiv.o(.text)
    __aeabi_uidivmod                         0x000004b9   Thumb Code    44  uidiv.o(.text)
    __rt_ctype_table                         0x000004e5   Thumb Code     4  ctype_o.o(.text)
    _strtoul                                 0x000004ed   Thumb Code   158  _strtoul.o(.text)
    __scatterload                            0x0000058d   Thumb Code    28  init.o(.text)
    __scatterload_rt2                        0x0000058d   Thumb Code     0  init.o(.text)
    _chval                                   0x000005b1   Thumb Code    28  _chval.o(.text)
    __decompress                             0x000005cd   Thumb Code     0  __dczerorl.o(.text)
    __decompress0                            0x000005cd   Thumb Code    58  __dczerorl.o(.text)
    ADC0Seq0_Handler                         0x00000609   Thumb Code    26  adct0atrigger.o(i.ADC0Seq0_Handler)
    ADC0Seq3_Handler                         0x0000062d   Thumb Code    18  adct0atrigger.o(i.ADC0Seq3_Handler)
    ADC_In                                   0x00000649   Thumb Code    38  adc.o(i.ADC_In)
    ADC_Init                                 0x00000675   Thumb Code   954  adc.o(i.ADC_Init)
    Buck_Fun                                 0x00000a59   Thumb Code   156  lab6.o(i.Buck_Fun)
    CAN0_Handler                             0x00000b05   Thumb Code   118  can0.o(i.CAN0_Handler)
    CAN0_Open                                0x00000b8d   Thumb Code   188  can0.o(i.CAN0_Open)
    CANBitRateSet                            0x00000ca1   Thumb Code   142  can.o(i.CANBitRateSet)
    CANEnable                                0x00000da1   Thumb Code    24  can.o(i.CANEnable)
    CANInit                                  0x00000db9   Thumb Code   154  can.o(i.CANInit)
    CANIntClear                              0x00000e53   Thumb Code    80  can.o(i.CANIntClear)
    CANIntEnable                             0x00000ea3   Thumb Code    26  can.o(i.CANIntEnable)
    CANIntStatus                             0x00000ee5   Thumb Code    60  can.o(i.CANIntStatus)
    CANMessageGet                            0x00000f21   Thumb Code   438  can.o(i.CANMessageGet)
    CANMessageSet                            0x000010d7   Thumb Code   436  can.o(i.CANMessageSet)
    CANStatusGet                             0x000012f1   Thumb Code   124  can.o(i.CANStatusGet)
    CS_Init                                  0x0000136d   Thumb Code   118  edisk.o(i.CS_Init)
    Client                                   0x000013f9   Thumb Code  1470  interpreter.o(i.Client)
    ClientSend                               0x00001b09   Thumb Code    98  interpreter.o(i.ClientSend)
    Delay1ms                                 0x00001b8d   Thumb Code    32  st7735.o(i.Delay1ms)
    DelayMs                                  0x00001bad   Thumb Code    32  esp8266.o(i.DelayMs)
    ESP8266Rx0Fifo_Get                       0x00001c09   Thumb Code    46  esp8266.o(i.ESP8266Rx0Fifo_Get)
    ESP8266Rx0Fifo_Init                      0x00001c45   Thumb Code    12  esp8266.o(i.ESP8266Rx0Fifo_Init)
    ESP8266Rx0Fifo_Put                       0x00001c59   Thumb Code    48  esp8266.o(i.ESP8266Rx0Fifo_Put)
    ESP8266Rx0Fifo_Size                      0x00001c95   Thumb Code    14  esp8266.o(i.ESP8266Rx0Fifo_Size)
    ESP8266RxFifo_Get                        0x00001cad   Thumb Code    46  esp8266.o(i.ESP8266RxFifo_Get)
    ESP8266RxFifo_Init                       0x00001ce9   Thumb Code    12  esp8266.o(i.ESP8266RxFifo_Init)
    ESP8266RxFifo_Put                        0x00001cfd   Thumb Code    48  esp8266.o(i.ESP8266RxFifo_Put)
    ESP8266RxFifo_Size                       0x00001d39   Thumb Code    14  esp8266.o(i.ESP8266RxFifo_Size)
    ESP8266TxFifo_Get                        0x00001d95   Thumb Code    46  esp8266.o(i.ESP8266TxFifo_Get)
    ESP8266TxFifo_Init                       0x00001dd1   Thumb Code    12  esp8266.o(i.ESP8266TxFifo_Init)
    ESP8266TxFifo_Put                        0x00001de5   Thumb Code    48  esp8266.o(i.ESP8266TxFifo_Put)
    ESP8266TxFifo_Size                       0x00001e21   Thumb Code    14  esp8266.o(i.ESP8266TxFifo_Size)
    ESP8266_CloseTCPConnection               0x00001e39   Thumb Code    54  esp8266.o(i.ESP8266_CloseTCPConnection)
    ESP8266_Connect                          0x00001e9d   Thumb Code    80  esp8266.o(i.ESP8266_Connect)
    ESP8266_DisableInterrupt                 0x00001f09   Thumb Code     8  esp8266.o(i.ESP8266_DisableInterrupt)
    ESP8266_EnableInterrupt                  0x00001f15   Thumb Code    26  esp8266.o(i.ESP8266_EnableInterrupt)
    ESP8266_GetIPAddress                     0x00001f39   Thumb Code    36  esp8266.o(i.ESP8266_GetIPAddress)
    ESP8266_GetMACAddress                    0x00001f71   Thumb Code    36  esp8266.o(i.ESP8266_GetMACAddress)
    ESP8266_GetVersionNumber                 0x00001fa9   Thumb Code    36  esp8266.o(i.ESP8266_GetVersionNumber)
    ESP8266_InChar                           0x00001fdd   Thumb Code    20  esp8266.o(i.ESP8266_InChar)
    ESP8266_Init                             0x00001ff1   Thumb Code   190  esp8266.o(i.ESP8266_Init)
    ESP8266_InitUART                         0x000020c9   Thumb Code   226  esp8266.o(i.ESP8266_InitUART)
    ESP8266_JoinAccessPoint                  0x000021cd   Thumb Code    64  esp8266.o(i.ESP8266_JoinAccessPoint)
    ESP8266_ListAccessPoints                 0x00002229   Thumb Code    36  esp8266.o(i.ESP8266_ListAccessPoints)
    ESP8266_MakeTCPConnection                0x00002261   Thumb Code    82  esp8266.o(i.ESP8266_MakeTCPConnection)
    ESP8266_OutChar                          0x000022d9   Thumb Code    46  esp8266.o(i.ESP8266_OutChar)
    ESP8266_Receive                          0x0000230d   Thumb Code   146  esp8266.o(i.ESP8266_Receive)
    ESP8266_Reset                            0x000023c1   Thumb Code    36  esp8266.o(i.ESP8266_Reset)
    ESP8266_Send                             0x000023f5   Thumb Code    98  esp8266.o(i.ESP8266_Send)
    ESP8266_SendCommand                      0x0000248d   Thumb Code    26  esp8266.o(i.ESP8266_SendCommand)
    ESP8266_SetWifiMode                      0x000024a9   Thumb Code    52  esp8266.o(i.ESP8266_SetWifiMode)
    ESP8266_WaitForResponse                  0x000024f1   Thumb Code   108  esp8266.o(i.ESP8266_WaitForResponse)
    GPIOPortF_Handler                        0x0000255d   Thumb Code    16  os.o(i.GPIOPortF_Handler)
    Heap_Free                                0x00002575   Thumb Code   166  heap.o(i.Heap_Free)
    Heap_Init                                0x00002621   Thumb Code    72  heap.o(i.Heap_Init)
    Heap_Malloc                              0x00002671   Thumb Code   174  heap.o(i.Heap_Malloc)
    Idle                                     0x00002725   Thumb Code    24  lab6.o(i.Idle)
    Init                                     0x00002741   Thumb Code    32  lab6.o(i.Init)
    IntDisable                               0x000027a5   Thumb Code   108  interrupt.o(i.IntDisable)
    IntEnable                                0x00002819   Thumb Code   108  interrupt.o(i.IntEnable)
    Interpreter                              0x0000288d   Thumb Code  2004  interpreter.o(i.Interpreter)
    Jitter                                   0x000031f5   Thumb Code   182  interpreter.o(i.Jitter)
    Judge_Free_Space                         0x000032d9   Thumb Code    14  heap.o(i.Judge_Free_Space)
    LOADER_CLEAR                             0x000032e7   Thumb Code    24  loader.o(i.LOADER_CLEAR)
    LOADER_OPEN_FOR_RD                       0x00003301   Thumb Code    24  loader.o(i.LOADER_OPEN_FOR_RD)
    LOADER_READ                              0x0000331d   Thumb Code    30  loader.o(i.LOADER_READ)
    OSTtask                                  0x0000333d   Thumb Code    22  os.o(i.OSTtask)
    OS_AddPeriodicThread                     0x0000335d   Thumb Code    80  os.o(i.OS_AddPeriodicThread)
    OS_AddProcess                            0x000033c1   Thumb Code    10  os.o(i.OS_AddProcess)
    OS_AddThread                             0x000033cd   Thumb Code   752  os.o(i.OS_AddThread)
    OS_ClearMsTime                           0x000036c9   Thumb Code    52  os.o(i.OS_ClearMsTime)
    OS_EndRedirectToFile                     0x00003711   Thumb Code    22  os.o(i.OS_EndRedirectToFile)
    OS_Id                                    0x0000372d   Thumb Code     4  os.o(i.OS_Id)
    OS_Init                                  0x00003731   Thumb Code   106  os.o(i.OS_Init)
    OS_InitSemaphore                         0x000037e5   Thumb Code     4  os.o(i.OS_InitSemaphore)
    OS_Kill                                  0x000037e9   Thumb Code    90  os.o(i.OS_Kill)
    OS_Launch                                0x00003855   Thumb Code    40  os.o(i.OS_Launch)
    OS_MsTime                                0x00003889   Thumb Code    36  os.o(i.OS_MsTime)
    OS_Signal                                0x000038c1   Thumb Code    24  os.o(i.OS_Signal)
    OS_Sleep                                 0x000038d9   Thumb Code    64  os.o(i.OS_Sleep)
    OS_Time                                  0x00003925   Thumb Code    26  os.o(i.OS_Time)
    OS_Wait                                  0x00003951   Thumb Code    36  os.o(i.OS_Wait)
    PLL_Init                                 0x00003975   Thumb Code   120  pll.o(i.PLL_Init)
    PortD_Init                               0x000039f1   Thumb Code   216  lab6.o(i.PortD_Init)
    ReceiveDataFilter                        0x00003ae5   Thumb Code   306  esp8266.o(i.ReceiveDataFilter)
    RxFifo_Get                               0x00003c39   Thumb Code    46  uart0int.o(i.RxFifo_Get)
    RxFifo_Init                              0x00003c75   Thumb Code    12  uart0int.o(i.RxFifo_Init)
    RxFifo_Put                               0x00003c89   Thumb Code    48  uart0int.o(i.RxFifo_Put)
    RxFifo_Size                              0x00003cc5   Thumb Code    14  uart0int.o(i.RxFifo_Size)
    SSI0_Init                                0x00003cdd   Thumb Code   302  edisk.o(i.SSI0_Init)
    ST7735_Color565                          0x00003e29   Thumb Code    24  st7735.o(i.ST7735_Color565)
    ST7735_DrawCharS                         0x00003e41   Thumb Code   236  st7735.o(i.ST7735_DrawCharS)
    ST7735_DrawPixel                         0x00003f39   Thumb Code    64  st7735.o(i.ST7735_DrawPixel)
    ST7735_DrawString                        0x00003f81   Thumb Code    86  st7735.o(i.ST7735_DrawString)
    ST7735_FillRect                          0x00003fd9   Thumb Code   164  st7735.o(i.ST7735_FillRect)
    ST7735_FillScreen                        0x00004085   Thumb Code    28  st7735.o(i.ST7735_FillScreen)
    ST7735_InitR                             0x000040a9   Thumb Code    98  st7735.o(i.ST7735_InitR)
    ST7735_Message                           0x00004131   Thumb Code   162  st7735.o(i.ST7735_Message)
    ST7735_OutChar                           0x000041d9   Thumb Code   176  st7735.o(i.ST7735_OutChar)
    ST7735_OutUDec                           0x000042ad   Thumb Code   118  st7735.o(i.ST7735_OutUDec)
    ST7735_SetCursor                         0x00004339   Thumb Code    22  st7735.o(i.ST7735_SetCursor)
    SysTick_Handler                          0x00004359   Thumb Code    42  os.o(i.SysTick_Handler)
    SysTick_Init                             0x00004391   Thumb Code    38  os.o(i.SysTick_Init)
    Timer4A_Handler                          0x000043bd   Thumb Code    16  os.o(i.Timer4A_Handler)
    Timer5A_Handler                          0x000043d5   Thumb Code    16  timer5a.o(i.Timer5A_Handler)
    Timer5A_Init                             0x000043ed   Thumb Code    76  timer5a.o(i.Timer5A_Init)
    TxFifo_Get                               0x0000444d   Thumb Code    46  uart0int.o(i.TxFifo_Get)
    TxFifo_Init                              0x00004489   Thumb Code    12  uart0int.o(i.TxFifo_Init)
    TxFifo_Put                               0x0000449d   Thumb Code    48  uart0int.o(i.TxFifo_Put)
    TxFifo_Size                              0x000044d9   Thumb Code    14  uart0int.o(i.TxFifo_Size)
    UART0_Handler                            0x000044f1   Thumb Code    82  uart0int.o(i.UART0_Handler)
    UART2_Handler                            0x00004549   Thumb Code    82  esp8266.o(i.UART2_Handler)
    UART_InChar                              0x000045a1   Thumb Code    26  uart0int.o(i.UART_InChar)
    UART_InString                            0x000045c1   Thumb Code    70  uart0int.o(i.UART_InString)
    UART_Init                                0x00004609   Thumb Code   174  uart0int.o(i.UART_Init)
    UART_OutChar                             0x000046d1   Thumb Code    52  uart0int.o(i.UART_OutChar)
    UART_OutCharNonBlock                     0x0000470d   Thumb Code    46  uart0int.o(i.UART_OutCharNonBlock)
    UART_OutString                           0x00004741   Thumb Code    24  uart0int.o(i.UART_OutString)
    UART_OutUDec                             0x00004759   Thumb Code    42  uart0int.o(i.UART_OutUDec)
    WDTimer0A_task                           0x00004785   Thumb Code    66  os.o(i.WDTimer0A_task)
    WideTimer0A_Handler                      0x000047d1   Thumb Code    16  wtimer0a.o(i.WideTimer0A_Handler)
    WideTimer0A_Init                         0x000047e9   Thumb Code    78  wtimer0a.o(i.WideTimer0A_Init)
    __0printf$1                              0x0000484d   Thumb Code    22  printf1.o(i.__0printf$1)
    __1printf$1                              0x0000484d   Thumb Code     0  printf1.o(i.__0printf$1)
    __2printf                                0x0000484d   Thumb Code     0  printf1.o(i.__0printf$1)
    __0sprintf$1                             0x0000486d   Thumb Code    34  printf1.o(i.__0sprintf$1)
    __1sprintf$1                             0x0000486d   Thumb Code     0  printf1.o(i.__0sprintf$1)
    __2sprintf                               0x0000486d   Thumb Code     0  printf1.o(i.__0sprintf$1)
    __aeabi_errno_addr                       0x00004895   Thumb Code     4  errno.o(i.__aeabi_errno_addr)
    __rt_errno_addr                          0x00004895   Thumb Code     0  errno.o(i.__aeabi_errno_addr)
    __scatterload_copy                       0x0000489d   Thumb Code    14  handlers.o(i.__scatterload_copy)
    __scatterload_null                       0x000048ab   Thumb Code     2  handlers.o(i.__scatterload_null)
    __scatterload_zeroinit                   0x000048ad   Thumb Code    14  handlers.o(i.__scatterload_zeroinit)
    clust2sect                               0x00004b1d   Thumb Code    26  ff.o(i.clust2sect)
    disk_ioctl                               0x000052c5   Thumb Code   544  edisk.o(i.disk_ioctl)
    disk_timerproc                           0x000054ed   Thumb Code    52  edisk.o(i.disk_timerproc)
    eDisk_Init                               0x00005531   Thumb Code   330  edisk.o(i.eDisk_Init)
    eDisk_Read                               0x0000568d   Thumb Code   136  edisk.o(i.eDisk_Read)
    eDisk_ReadBlock                          0x0000571d   Thumb Code    20  edisk.o(i.eDisk_ReadBlock)
    eDisk_Status                             0x00005731   Thumb Code    14  edisk.o(i.eDisk_Status)
    eDisk_Write                              0x00005745   Thumb Code   170  edisk.o(i.eDisk_Write)
    eDisk_WriteBlock                         0x000057f9   Thumb Code    20  edisk.o(i.eDisk_WriteBlock)
    eFile_Create                             0x0000580d   Thumb Code    88  efile.o(i.eFile_Create)
    eFile_Delete                             0x00005871   Thumb Code   248  efile.o(i.eFile_Delete)
    eFile_Format                             0x00005985   Thumb Code   194  efile.o(i.eFile_Format)
    eFile_Init                               0x00005a61   Thumb Code    12  efile.o(i.eFile_Init)
    eFile_Mount                              0x00005a6d   Thumb Code   236  efile.o(i.eFile_Mount)
    eFile_RClose                             0x00005b65   Thumb Code    52  efile.o(i.eFile_RClose)
    eFile_ROpen                              0x00005ba9   Thumb Code   100  efile.o(i.eFile_ROpen)
    eFile_ReadNext                           0x00005c25   Thumb Code   178  efile.o(i.eFile_ReadNext)
    eFile_Unmount                            0x00005ce9   Thumb Code   212  efile.o(i.eFile_Unmount)
    eFile_WClose                             0x00005dc5   Thumb Code   226  efile.o(i.eFile_WClose)
    eFile_WOpen                              0x00005ec5   Thumb Code   124  efile.o(i.eFile_WOpen)
    eFile_Write                              0x00005f61   Thumb Code   230  efile.o(i.eFile_Write)
    exec_elf                                 0x00006061   Thumb Code   184  loader.o(i.exec_elf)
    f_close                                  0x00006149   Thumb Code    32  ff.o(i.f_close)
    f_lseek                                  0x00006169   Thumb Code   382  ff.o(i.f_lseek)
    f_open                                   0x000062e9   Thumb Code   352  ff.o(i.f_open)
    f_read                                   0x0000644d   Thumb Code   416  ff.o(i.f_read)
    f_sync                                   0x000065ed   Thumb Code   172  ff.o(i.f_sync)
    fillmessage                              0x0000669d   Thumb Code    64  st7735.o(i.fillmessage)
    fputc                                    0x00006b21   Thumb Code    44  os.o(i.fputc)
    get_fat                                  0x00006b7d   Thumb Code   242  ff.o(i.get_fat)
    main                                     0x00007161   Thumb Code    10  lab6.o(i.main)
    put_fat                                  0x000073df   Thumb Code   322  ff.o(i.put_fat)
    realmain                                 0x0000775d   Thumb Code   138  lab6.o(i.realmain)
    smallCircle                              0x00008582   Data          36  st7735.o(.constdata)
    circle                                   0x000085a6   Data          60  st7735.o(.constdata)
    dBfs                                     0x000085e2   Data         512  st7735.o(.constdata)
    ReceiveDataSearchString                  0x0000887c   Data           6  esp8266.o(.constdata)
    __ctype_table                            0x00008990   Data         129  ctype_o.o(.constdata)
    Region$$Table$$Base                      0x00008a28   Number         0  anon$$obj.o(Region$$Table)
    Region$$Table$$Limit                     0x00008a48   Number         0  anon$$obj.o(Region$$Table)
    IntTerm                                  0x20000000   Data           2  lab6.o(.data)
    PrevError                                0x20000002   Data           2  lab6.o(.data)
    NumCreated                               0x20000004   Data           4  lab6.o(.data)
    IdleCount                                0x20000008   Data           4  lab6.o(.data)
    Error_Type                               0x2000000c   Data           4  lab6.o(.data)
    Error_Num                                0x20000010   Data           4  lab6.o(.data)
    Error_Send                               0x20000014   Data           4  lab6.o(.data)
    Count1                                   0x20000018   Data           4  lab6.o(.data)
    Count2                                   0x2000001c   Data           4  lab6.o(.data)
    Count3                                   0x20000020   Data           4  lab6.o(.data)
    XmtData                                  0x20000024   Data           4  lab6.o(.data)
    RcvData                                  0x20000028   Data           4  lab6.o(.data)
    RcvCount                                 0x2000002c   Data           4  lab6.o(.data)
    sequenceNum                              0x20000030   Data           1  lab6.o(.data)
    Running                                  0x20000034   Data           4  lab6.o(.data)
    WebServerSema                            0x20000038   Data           4  lab6.o(.data)
    MaxJitter                                0x2000003c   Data           4  os.o(.data)
    OStime_round                             0x20000040   Data           4  os.o(.data)
    OStime_Task1                             0x20000044   Data           4  os.o(.data)
    OStime_ms                                0x20000048   Data           4  os.o(.data)
    LCDFree                                  0x2000004c   Data           4  os.o(.data)
    TxRoomLeft                               0x20000050   Data           4  os.o(.data)
    RxDataAvailable                          0x20000054   Data           4  os.o(.data)
    SW_task                                  0x20000058   Data           4  os.o(.data)
    PeriodicTask4                            0x2000005c   Data           4  os.o(.data)
    RunPt                                    0x20000060   Data           4  os.o(.data)
    SchPt                                    0x20000064   Data           4  os.o(.data)
    StreamToDevice                           0x20000068   Data           4  os.o(.data)
    StX                                      0x2000006c   Data           4  st7735.o(.data)
    StY                                      0x20000070   Data           4  st7735.o(.data)
    StTextColor                              0x20000074   Data           2  st7735.o(.data)
    Messageindex                             0x20000080   Data           4  st7735.o(.data)
    Ymax                                     0x20000084   Data           4  st7735.o(.data)
    Ymin                                     0x20000088   Data           4  st7735.o(.data)
    X                                        0x2000008c   Data           4  st7735.o(.data)
    Yrange                                   0x20000090   Data           4  st7735.o(.data)
    lastj                                    0x20000094   Data           4  st7735.o(.data)
    max_length                               0x20000098   Data           4  interpreter.o(.data)
    command_counter                          0x2000009c   Data           4  interpreter.o(.data)
    pt_input_temp                            0x200000a0   Data           4  interpreter.o(.data)
    output_temp                              0x200000a4   Data           4  interpreter.o(.data)
    Client_pt_input_temp                     0x200000a8   Data           4  interpreter.o(.data)
    FileName                                 0x200000ac   Data           8  interpreter.o(.data)
    RxPutI                                   0x200000b4   Data           4  uart0int.o(.data)
    RxGetI                                   0x200000b8   Data           4  uart0int.o(.data)
    TxPutI                                   0x200000bc   Data           4  uart0int.o(.data)
    TxGetI                                   0x200000c0   Data           4  uart0int.o(.data)
    FileCreated                              0x200000d4   Data           4  efile.o(.data)
    MAX_FILE                                 0x200000d8   Data           4  efile.o(.data)
    WBlock                                   0x200000dc   Data           1  efile.o(.data)
    RBlock                                   0x200000dd   Data           1  efile.o(.data)
    WDir                                     0x200000e0   Data           4  efile.o(.data)
    RDir                                     0x200000e4   Data           4  efile.o(.data)
    WNum                                     0x200000e8   Data           4  efile.o(.data)
    RNum                                     0x200000ec   Data           4  efile.o(.data)
    WFinal                                   0x200000f0   Data           4  efile.o(.data)
    RFinal                                   0x200000f4   Data           4  efile.o(.data)
    ADCTask                                  0x20000100   Data           4  adct0atrigger.o(.data)
    PD3data                                  0x20000104   Data           4  adct0atrigger.o(.data)
    WidePeriodicTask0                        0x20000108   Data           4  wtimer0a.o(.data)
    RCV_ID                                   0x2000010c   Data           4  can0.o(.data)
    XMT_ID                                   0x20000110   Data           4  can0.o(.data)
    ESP8266_EchoResponse                     0x2000011c   Data           1  esp8266.o(.data)
    ESP8266_EchoCommand                      0x2000011d   Data           1  esp8266.o(.data)
    ESP8266RxPutI                            0x20000120   Data           4  esp8266.o(.data)
    ESP8266RxGetI                            0x20000124   Data           4  esp8266.o(.data)
    ESP8266Rx0PutI                           0x20000128   Data           4  esp8266.o(.data)
    ESP8266Rx0GetI                           0x2000012c   Data           4  esp8266.o(.data)
    ESP8266TxPutI                            0x20000130   Data           4  esp8266.o(.data)
    ESP8266TxGetI                            0x20000134   Data           4  esp8266.o(.data)
    ESP8266_Server                           0x20000138   Data           2  esp8266.o(.data)
    ESP8266_ConnectionMux                    0x2000013a   Data           2  esp8266.o(.data)
    ESP8266_Segment                          0x2000013c   Data           2  esp8266.o(.data)
    ESP8266_DataAvailable                    0x20000150   Data           4  esp8266.o(.data)
    ESP8266_DataLoss                         0x20000154   Data           4  esp8266.o(.data)
    PeriodicTask5                            0x20000158   Data           4  timer5a.o(.data)
    __stdout                                 0x20000160   Data           4  stdout.o(.data)
    JitterHistogram                          0x20000168   Data         256  os.o(.bss)
    OS_FIFO                                  0x20000268   Data         268  os.o(.bss)
    OS_MailBox                               0x20000374   Data          12  os.o(.bss)
    TCB_pool                                 0x20000380   Data         364  os.o(.bss)
    STACK_pool                               0x200004ec   Data        6656  os.o(.bss)
    Message                                  0x20001eec   Data          12  st7735.o(.bss)
    input_temp                               0x20001ef8   Data          32  interpreter.o(.bss)
    command                                  0x20001f18   Data          16  interpreter.o(.bss)
    Client_input_temp                        0x20001f28   Data          32  interpreter.o(.bss)
    ClientTX                                 0x20001f48   Data          32  interpreter.o(.bss)
    ClientRX                                 0x20001f68   Data          32  interpreter.o(.bss)
    FAT                                      0x20002788   Data         512  efile.o(.bss)
    Wbuffer                                  0x20002988   Data         512  efile.o(.bss)
    Rbuffer                                  0x20002b88   Data         512  efile.o(.bss)
    Dir                                      0x20002d88   Data        2048  efile.o(.bss)
    Heap                                     0x20003588   Data         264  heap.o(.bss)
    Heap_Dir                                 0x20003690   Data         792  heap.o(.bss)
    __initial_sp                             0x20004c48   Data           0  startup.o(STACK)



==============================================================================

Memory Map of the image

  Image Entry point : 0x0000026d

  Load Region LR_1 (Base: 0x00000000, Size: 0x00008bb0, Max: 0xffffffff, ABSOLUTE, COMPRESSED[0x00008a74])

    Execution Region ER_RO (Exec base: 0x00000000, Load base: 0x00000000, Size: 0x00008a48, Max: 0xffffffff, ABSOLUTE)

    Exec Addr    Load Addr    Size         Type   Attr      Idx    E Section Name        Object

    0x00000000   0x00000000   0x00000284   Code   RO            3  * RESET               startup.o
    0x00000284   0x00000284   0x00000000   Code   RO         2911  * .ARM.Collect$$$$00000000  mc_w.l(entry.o)
    0x00000284   0x00000284   0x00000004   Code   RO         3205    .ARM.Collect$$$$00000001  mc_w.l(entry2.o)
    0x00000288   0x00000288   0x00000004   Code   RO         3208    .ARM.Collect$$$$00000004  mc_w.l(entry5.o)
    0x0000028c   0x0000028c   0x00000000   Code   RO         3210    .ARM.Collect$$$$00000008  mc_w.l(entry7b.o)
    0x0000028c   0x0000028c   0x00000000   Code   RO         3212    .ARM.Collect$$$$0000000A  mc_w.l(entry8b.o)
    0x0000028c   0x0000028c   0x00000008   Code   RO         3213    .ARM.Collect$$$$0000000B  mc_w.l(entry9a.o)
    0x00000294   0x00000294   0x00000004   Code   RO         3220    .ARM.Collect$$$$0000000E  mc_w.l(entry12b.o)
    0x00000298   0x00000298   0x00000000   Code   RO         3215    .ARM.Collect$$$$0000000F  mc_w.l(entry10a.o)
    0x00000298   0x00000298   0x00000000   Code   RO         3217    .ARM.Collect$$$$00000011  mc_w.l(entry11a.o)
    0x00000298   0x00000298   0x00000004   Code   RO         3206    .ARM.Collect$$$$00002712  mc_w.l(entry2.o)
    0x0000029c   0x0000029c   0x0000001c   Code   RO            4    .text               startup.o
    0x000002b8   0x000002b8   0x000000b8   Code   RO         1606    .text               osasm.o
    0x00000370   0x00000370   0x00000024   Code   RO         2914    .text               mc_w.l(memcpya.o)
    0x00000394   0x00000394   0x00000018   Code   RO         2916    .text               mc_w.l(strcat.o)
    0x000003ac   0x000003ac   0x0000000e   Code   RO         2922    .text               mc_w.l(strlen.o)
    0x000003ba   0x000003ba   0x0000001c   Code   RO         2924    .text               mc_w.l(strcmp.o)
    0x000003d6   0x000003d6   0x0000001a   Code   RO         2926    .text               mc_w.l(memcmp.o)
    0x000003f0   0x000003f0   0x00000012   Code   RO         2928    .text               mc_w.l(strcpy.o)
    0x00000402   0x00000402   0x00000002   PAD
    0x00000404   0x00000404   0x00000044   Code   RO         2932    .text               mc_w.l(strtok.o)
    0x00000448   0x00000448   0x00000070   Code   RO         3201    .text               mc_w.l(strtol.o)
    0x000004b8   0x000004b8   0x0000002c   Code   RO         3222    .text               mc_w.l(uidiv.o)
    0x000004e4   0x000004e4   0x00000008   Code   RO         3226    .text               mc_w.l(ctype_o.o)
    0x000004ec   0x000004ec   0x0000009e   Code   RO         3261    .text               mc_w.l(_strtoul.o)
    0x0000058a   0x0000058a   0x00000002   PAD
    0x0000058c   0x0000058c   0x00000024   Code   RO         3274    .text               mc_w.l(init.o)
    0x000005b0   0x000005b0   0x0000001c   Code   RO         3282    .text               mc_w.l(_chval.o)
    0x000005cc   0x000005cc   0x0000003a   Code   RO         3294    .text               mc_w.l(__dczerorl.o)
    0x00000606   0x00000606   0x00000002   PAD
    0x00000608   0x00000608   0x00000024   Code   RO         1609    i.ADC0Seq0_Handler  adct0atrigger.o
    0x0000062c   0x0000062c   0x0000001c   Code   RO         1610    i.ADC0Seq3_Handler  adct0atrigger.o
    0x00000648   0x00000648   0x0000002c   Code   RO         1735    i.ADC_In            adc.o
    0x00000674   0x00000674   0x000003e4   Code   RO         1736    i.ADC_Init          adc.o
    0x00000a58   0x00000a58   0x000000ac   Code   RO           81    i.Buck_Fun          lab6.o
    0x00000b04   0x00000b04   0x00000088   Code   RO         2345    i.CAN0_Handler      can0.o
    0x00000b8c   0x00000b8c   0x000000e4   Code   RO         2346    i.CAN0_Open         can0.o
    0x00000c70   0x00000c70   0x00000030   Code   RO         2348    i.CAN0_Setup_Message_Object  can0.o
    0x00000ca0   0x00000ca0   0x00000094   Code   RO         2180    i.CANBitRateSet     can.o
    0x00000d34   0x00000d34   0x00000036   Code   RO         2181    i.CANDataRegRead    can.o
    0x00000d6a   0x00000d6a   0x00000036   Code   RO         2182    i.CANDataRegWrite   can.o
    0x00000da0   0x00000da0   0x00000018   Code   RO         2184    i.CANEnable         can.o
    0x00000db8   0x00000db8   0x0000009a   Code   RO         2186    i.CANInit           can.o
    0x00000e52   0x00000e52   0x00000050   Code   RO         2187    i.CANIntClear       can.o
    0x00000ea2   0x00000ea2   0x0000001a   Code   RO         2189    i.CANIntEnable      can.o
    0x00000ebc   0x00000ebc   0x00000028   Code   RO         2190    i.CANIntNumberGet   can.o
    0x00000ee4   0x00000ee4   0x0000003c   Code   RO         2192    i.CANIntStatus      can.o
    0x00000f20   0x00000f20   0x000001b6   Code   RO         2195    i.CANMessageGet     can.o
    0x000010d6   0x000010d6   0x000001b4   Code   RO         2196    i.CANMessageSet     can.o
    0x0000128a   0x0000128a   0x00000002   PAD
    0x0000128c   0x0000128c   0x0000004c   Code   RO         2197    i.CANRegRead        can.o
    0x000012d8   0x000012d8   0x00000018   Code   RO         2198    i.CANRegWrite       can.o
    0x000012f0   0x000012f0   0x0000007c   Code   RO         2201    i.CANStatusGet      can.o
    0x0000136c   0x0000136c   0x0000008c   Code   RO         1071    i.CS_Init           edisk.o
    0x000013f8   0x000013f8   0x00000710   Code   RO          849    i.Client            interpreter.o
    0x00001b08   0x00001b08   0x00000084   Code   RO          850    i.ClientSend        interpreter.o
    0x00001b8c   0x00001b8c   0x00000020   Code   RO          573    i.Delay1ms          st7735.o
    0x00001bac   0x00001bac   0x00000020   Code   RO         2419    i.DelayMs           esp8266.o
    0x00001bcc   0x00001bcc   0x0000003c   Code   RO         2420    i.ESP8266BufferToTx  esp8266.o
    0x00001c08   0x00001c08   0x0000003c   Code   RO         2421    i.ESP8266Rx0Fifo_Get  esp8266.o
    0x00001c44   0x00001c44   0x00000014   Code   RO         2422    i.ESP8266Rx0Fifo_Init  esp8266.o
    0x00001c58   0x00001c58   0x0000003c   Code   RO         2423    i.ESP8266Rx0Fifo_Put  esp8266.o
    0x00001c94   0x00001c94   0x00000018   Code   RO         2424    i.ESP8266Rx0Fifo_Size  esp8266.o
    0x00001cac   0x00001cac   0x0000003c   Code   RO         2425    i.ESP8266RxFifo_Get  esp8266.o
    0x00001ce8   0x00001ce8   0x00000014   Code   RO         2426    i.ESP8266RxFifo_Init  esp8266.o
    0x00001cfc   0x00001cfc   0x0000003c   Code   RO         2427    i.ESP8266RxFifo_Put  esp8266.o
    0x00001d38   0x00001d38   0x00000018   Code   RO         2428    i.ESP8266RxFifo_Size  esp8266.o
    0x00001d50   0x00001d50   0x00000044   Code   RO         2429    i.ESP8266RxToBuffer  esp8266.o
    0x00001d94   0x00001d94   0x0000003c   Code   RO         2430    i.ESP8266TxFifo_Get  esp8266.o
    0x00001dd0   0x00001dd0   0x00000014   Code   RO         2431    i.ESP8266TxFifo_Init  esp8266.o
    0x00001de4   0x00001de4   0x0000003c   Code   RO         2432    i.ESP8266TxFifo_Put  esp8266.o
    0x00001e20   0x00001e20   0x00000018   Code   RO         2433    i.ESP8266TxFifo_Size  esp8266.o
    0x00001e38   0x00001e38   0x00000064   Code   RO         2434    i.ESP8266_CloseTCPConnection  esp8266.o
    0x00001e9c   0x00001e9c   0x0000006c   Code   RO         2436    i.ESP8266_Connect   esp8266.o
    0x00001f08   0x00001f08   0x0000000c   Code   RO         2437    i.ESP8266_DisableInterrupt  esp8266.o
    0x00001f14   0x00001f14   0x00000024   Code   RO         2439    i.ESP8266_EnableInterrupt  esp8266.o
    0x00001f38   0x00001f38   0x00000038   Code   RO         2441    i.ESP8266_GetIPAddress  esp8266.o
    0x00001f70   0x00001f70   0x00000038   Code   RO         2442    i.ESP8266_GetMACAddress  esp8266.o
    0x00001fa8   0x00001fa8   0x00000034   Code   RO         2444    i.ESP8266_GetVersionNumber  esp8266.o
    0x00001fdc   0x00001fdc   0x00000014   Code   RO         2445    i.ESP8266_InChar    esp8266.o
    0x00001ff0   0x00001ff0   0x000000d8   Code   RO         2446    i.ESP8266_Init      esp8266.o
    0x000020c8   0x000020c8   0x00000104   Code   RO         2447    i.ESP8266_InitUART  esp8266.o
    0x000021cc   0x000021cc   0x0000005c   Code   RO         2448    i.ESP8266_JoinAccessPoint  esp8266.o
    0x00002228   0x00002228   0x00000038   Code   RO         2449    i.ESP8266_ListAccessPoints  esp8266.o
    0x00002260   0x00002260   0x00000078   Code   RO         2450    i.ESP8266_MakeTCPConnection  esp8266.o
    0x000022d8   0x000022d8   0x00000034   Code   RO         2451    i.ESP8266_OutChar   esp8266.o
    0x0000230c   0x0000230c   0x000000b4   Code   RO         2453    i.ESP8266_Receive   esp8266.o
    0x000023c0   0x000023c0   0x00000034   Code   RO         2454    i.ESP8266_Reset     esp8266.o
    0x000023f4   0x000023f4   0x00000098   Code   RO         2456    i.ESP8266_Send      esp8266.o
    0x0000248c   0x0000248c   0x0000001a   Code   RO         2459    i.ESP8266_SendCommand  esp8266.o
    0x000024a6   0x000024a6   0x00000002   PAD
    0x000024a8   0x000024a8   0x00000048   Code   RO         2463    i.ESP8266_SetWifiMode  esp8266.o
    0x000024f0   0x000024f0   0x0000006c   Code   RO         2467    i.ESP8266_WaitForResponse  esp8266.o
    0x0000255c   0x0000255c   0x00000018   Code   RO          285    i.GPIOPortF_Handler  os.o
    0x00002574   0x00002574   0x000000ac   Code   RO         1950    i.Heap_Free         heap.o
    0x00002620   0x00002620   0x00000050   Code   RO         1951    i.Heap_Init         heap.o
    0x00002670   0x00002670   0x000000b4   Code   RO         1952    i.Heap_Malloc       heap.o
    0x00002724   0x00002724   0x0000001c   Code   RO           88    i.Idle              lab6.o
    0x00002740   0x00002740   0x00000064   Code   RO           89    i.Init              lab6.o
    0x000027a4   0x000027a4   0x00000074   Code   RO         2743    i.IntDisable        interrupt.o
    0x00002818   0x00002818   0x00000074   Code   RO         2744    i.IntEnable         interrupt.o
    0x0000288c   0x0000288c   0x00000968   Code   RO          851    i.Interpreter       interpreter.o
    0x000031f4   0x000031f4   0x000000e4   Code   RO          852    i.Jitter            interpreter.o
    0x000032d8   0x000032d8   0x0000000e   Code   RO         1955    i.Judge_Free_Space  heap.o
    0x000032e6   0x000032e6   0x00000018   Code   RO         2000    i.LOADER_CLEAR      loader.o
    0x000032fe   0x000032fe   0x00000002   PAD
    0x00003300   0x00003300   0x0000001c   Code   RO         2001    i.LOADER_OPEN_FOR_RD  loader.o
    0x0000331c   0x0000331c   0x0000001e   Code   RO         2002    i.LOADER_READ       loader.o
    0x0000333a   0x0000333a   0x00000002   PAD
    0x0000333c   0x0000333c   0x00000020   Code   RO          286    i.OSTtask           os.o
    0x0000335c   0x0000335c   0x00000064   Code   RO          287    i.OS_AddPeriodicThread  os.o
    0x000033c0   0x000033c0   0x0000000a   Code   RO          288    i.OS_AddProcess     os.o
    0x000033ca   0x000033ca   0x00000002   PAD
    0x000033cc   0x000033cc   0x000002fc   Code   RO          291    i.OS_AddThread      os.o
    0x000036c8   0x000036c8   0x00000048   Code   RO          292    i.OS_ClearMsTime    os.o
    0x00003710   0x00003710   0x0000001c   Code   RO          293    i.OS_EndRedirectToFile  os.o
    0x0000372c   0x0000372c   0x00000004   Code   RO          298    i.OS_Id             os.o
    0x00003730   0x00003730   0x000000b4   Code   RO          299    i.OS_Init           os.o
    0x000037e4   0x000037e4   0x00000004   Code   RO          300    i.OS_InitSemaphore  os.o
    0x000037e8   0x000037e8   0x0000006c   Code   RO          301    i.OS_Kill           os.o
    0x00003854   0x00003854   0x00000034   Code   RO          302    i.OS_Launch         os.o
    0x00003888   0x00003888   0x00000038   Code   RO          307    i.OS_MsTime         os.o
    0x000038c0   0x000038c0   0x00000018   Code   RO          311    i.OS_Signal         os.o
    0x000038d8   0x000038d8   0x0000004c   Code   RO          312    i.OS_Sleep          os.o
    0x00003924   0x00003924   0x0000002c   Code   RO          314    i.OS_Time           os.o
    0x00003950   0x00003950   0x00000024   Code   RO          317    i.OS_Wait           os.o
    0x00003974   0x00003974   0x0000007c   Code   RO           66    i.PLL_Init          pll.o
    0x000039f0   0x000039f0   0x000000f4   Code   RO           90    i.PortD_Init        lab6.o
    0x00003ae4   0x00003ae4   0x00000154   Code   RO         2468    i.ReceiveDataFilter  esp8266.o
    0x00003c38   0x00003c38   0x0000003c   Code   RO          911    i.RxFifo_Get        uart0int.o
    0x00003c74   0x00003c74   0x00000014   Code   RO          912    i.RxFifo_Init       uart0int.o
    0x00003c88   0x00003c88   0x0000003c   Code   RO          913    i.RxFifo_Put        uart0int.o
    0x00003cc4   0x00003cc4   0x00000018   Code   RO          914    i.RxFifo_Size       uart0int.o
    0x00003cdc   0x00003cdc   0x0000014c   Code   RO         1072    i.SSI0_Init         edisk.o
    0x00003e28   0x00003e28   0x00000018   Code   RO          574    i.ST7735_Color565   st7735.o
    0x00003e40   0x00003e40   0x000000f8   Code   RO          577    i.ST7735_DrawCharS  st7735.o
    0x00003f38   0x00003f38   0x00000048   Code   RO          581    i.ST7735_DrawPixel  st7735.o
    0x00003f80   0x00003f80   0x00000056   Code   RO          583    i.ST7735_DrawString  st7735.o
    0x00003fd6   0x00003fd6   0x00000002   PAD
    0x00003fd8   0x00003fd8   0x000000ac   Code   RO          584    i.ST7735_FillRect   st7735.o
    0x00004084   0x00004084   0x00000024   Code   RO          585    i.ST7735_FillScreen  st7735.o
    0x000040a8   0x000040a8   0x00000088   Code   RO          587    i.ST7735_InitR      st7735.o
    0x00004130   0x00004130   0x000000a8   Code   RO          589    i.ST7735_Message    st7735.o
    0x000041d8   0x000041d8   0x000000d4   Code   RO          590    i.ST7735_OutChar    st7735.o
    0x000042ac   0x000042ac   0x0000008c   Code   RO          592    i.ST7735_OutUDec    st7735.o
    0x00004338   0x00004338   0x00000020   Code   RO          604    i.ST7735_SetCursor  st7735.o
    0x00004358   0x00004358   0x00000038   Code   RO          320    i.SysTick_Handler   os.o
    0x00004390   0x00004390   0x0000002c   Code   RO          321    i.SysTick_Init      os.o
    0x000043bc   0x000043bc   0x00000018   Code   RO          322    i.Timer4A_Handler   os.o
    0x000043d4   0x000043d4   0x00000018   Code   RO         2884    i.Timer5A_Handler   timer5a.o
    0x000043ec   0x000043ec   0x00000060   Code   RO         2885    i.Timer5A_Init      timer5a.o
    0x0000444c   0x0000444c   0x0000003c   Code   RO          915    i.TxFifo_Get        uart0int.o
    0x00004488   0x00004488   0x00000014   Code   RO          916    i.TxFifo_Init       uart0int.o
    0x0000449c   0x0000449c   0x0000003c   Code   RO          917    i.TxFifo_Put        uart0int.o
    0x000044d8   0x000044d8   0x00000018   Code   RO          918    i.TxFifo_Size       uart0int.o
    0x000044f0   0x000044f0   0x00000058   Code   RO          919    i.UART0_Handler     uart0int.o
    0x00004548   0x00004548   0x00000058   Code   RO         2469    i.UART2_Handler     esp8266.o
    0x000045a0   0x000045a0   0x00000020   Code   RO          921    i.UART_InChar       uart0int.o
    0x000045c0   0x000045c0   0x00000046   Code   RO          923    i.UART_InString     uart0int.o
    0x00004606   0x00004606   0x00000002   PAD
    0x00004608   0x00004608   0x000000c8   Code   RO          926    i.UART_Init         uart0int.o
    0x000046d0   0x000046d0   0x0000003c   Code   RO          927    i.UART_OutChar      uart0int.o
    0x0000470c   0x0000470c   0x00000034   Code   RO          928    i.UART_OutCharNonBlock  uart0int.o
    0x00004740   0x00004740   0x00000018   Code   RO          930    i.UART_OutString    uart0int.o
    0x00004758   0x00004758   0x0000002a   Code   RO          931    i.UART_OutUDec      uart0int.o
    0x00004782   0x00004782   0x00000002   PAD
    0x00004784   0x00004784   0x0000004c   Code   RO          323    i.WDTimer0A_task    os.o
    0x000047d0   0x000047d0   0x00000018   Code   RO         1922    i.WideTimer0A_Handler  wtimer0a.o
    0x000047e8   0x000047e8   0x00000064   Code   RO         1923    i.WideTimer0A_Init  wtimer0a.o
    0x0000484c   0x0000484c   0x00000020   Code   RO         2985    i.__0printf$1       mc_w.l(printf1.o)
    0x0000486c   0x0000486c   0x00000028   Code   RO         2987    i.__0sprintf$1      mc_w.l(printf1.o)
    0x00004894   0x00004894   0x00000008   Code   RO         3254    i.__aeabi_errno_addr  mc_w.l(errno.o)
    0x0000489c   0x0000489c   0x0000000e   Code   RO         3288    i.__scatterload_copy  mc_w.l(handlers.o)
    0x000048aa   0x000048aa   0x00000002   Code   RO         3289    i.__scatterload_null  mc_w.l(handlers.o)
    0x000048ac   0x000048ac   0x0000000e   Code   RO         3290    i.__scatterload_zeroinit  mc_w.l(handlers.o)
    0x000048ba   0x000048ba   0x00000002   PAD
    0x000048bc   0x000048bc   0x00000154   Code   RO         2992    i._printf_core      mc_w.l(printf1.o)
    0x00004a10   0x00004a10   0x0000000a   Code   RO         2994    i._sputc            mc_w.l(printf1.o)
    0x00004a1a   0x00004a1a   0x00000058   Code   RO         2004    i.addressOf         loader.o
    0x00004a72   0x00004a72   0x00000002   PAD
    0x00004a74   0x00004a74   0x00000090   Code   RO         1304    i.check_fs          ff.o
    0x00004b04   0x00004b04   0x00000018   Code   RO         1305    i.chk_chr           ff.o
    0x00004b1c   0x00004b1c   0x0000001a   Code   RO         1306    i.clust2sect        ff.o
    0x00004b36   0x00004b36   0x00000056   Code   RO          608    i.commandList       st7735.o
    0x00004b8c   0x00004b8c   0x0000018c   Code   RO          609    i.commonInit        st7735.o
    0x00004d18   0x00004d18   0x00000038   Code   RO          933    i.copyHardwareToSoftware  uart0int.o
    0x00004d50   0x00004d50   0x00000034   Code   RO          934    i.copySoftwareToHardware  uart0int.o
    0x00004d84   0x00004d84   0x000000d6   Code   RO         1307    i.create_chain      ff.o
    0x00004e5a   0x00004e5a   0x00000002   PAD
    0x00004e5c   0x00004e5c   0x000001b4   Code   RO         1308    i.create_name       ff.o
    0x00005010   0x00005010   0x00000014   Code   RO         1073    i.deselect          edisk.o
    0x00005024   0x00005024   0x0000005c   Code   RO         1309    i.dir_alloc         ff.o
    0x00005080   0x00005080   0x0000005c   Code   RO         1310    i.dir_find          ff.o
    0x000050dc   0x000050dc   0x00000110   Code   RO         1311    i.dir_next          ff.o
    0x000051ec   0x000051ec   0x0000003a   Code   RO         1313    i.dir_register      ff.o
    0x00005226   0x00005226   0x0000009e   Code   RO         1315    i.dir_sdi           ff.o
    0x000052c4   0x000052c4   0x00000228   Code   RO         1074    i.disk_ioctl        edisk.o
    0x000054ec   0x000054ec   0x00000040   Code   RO         1075    i.disk_timerproc    edisk.o
    0x0000552c   0x0000552c   0x00000002   Code   RO         2005    i.dumpData          loader.o
    0x0000552e   0x0000552e   0x00000002   PAD
    0x00005530   0x00005530   0x0000015c   Code   RO         1076    i.eDisk_Init        edisk.o
    0x0000568c   0x0000568c   0x00000090   Code   RO         1077    i.eDisk_Read        edisk.o
    0x0000571c   0x0000571c   0x00000014   Code   RO         1078    i.eDisk_ReadBlock   edisk.o
    0x00005730   0x00005730   0x00000014   Code   RO         1079    i.eDisk_Status      edisk.o
    0x00005744   0x00005744   0x000000b4   Code   RO         1080    i.eDisk_Write       edisk.o
    0x000057f8   0x000057f8   0x00000014   Code   RO         1081    i.eDisk_WriteBlock  edisk.o
    0x0000580c   0x0000580c   0x00000064   Code   RO         1195    i.eFile_Create      efile.o
    0x00005870   0x00005870   0x00000114   Code   RO         1198    i.eFile_Delete      efile.o
    0x00005984   0x00005984   0x000000dc   Code   RO         1200    i.eFile_Format      efile.o
    0x00005a60   0x00005a60   0x0000000c   Code   RO         1201    i.eFile_Init        efile.o
    0x00005a6c   0x00005a6c   0x000000f8   Code   RO         1202    i.eFile_Mount       efile.o
    0x00005b64   0x00005b64   0x00000044   Code   RO         1203    i.eFile_RClose      efile.o
    0x00005ba8   0x00005ba8   0x0000007c   Code   RO         1204    i.eFile_ROpen       efile.o
    0x00005c24   0x00005c24   0x000000c4   Code   RO         1205    i.eFile_ReadNext    efile.o
    0x00005ce8   0x00005ce8   0x000000dc   Code   RO         1206    i.eFile_Unmount     efile.o
    0x00005dc4   0x00005dc4   0x00000100   Code   RO         1207    i.eFile_WClose      efile.o
    0x00005ec4   0x00005ec4   0x0000009c   Code   RO         1208    i.eFile_WOpen       efile.o
    0x00005f60   0x00005f60   0x00000100   Code   RO         1209    i.eFile_Write       efile.o
    0x00006060   0x00006060   0x000000e8   Code   RO         2006    i.exec_elf          loader.o
    0x00006148   0x00006148   0x00000020   Code   RO         1318    i.f_close           ff.o
    0x00006168   0x00006168   0x0000017e   Code   RO         1323    i.f_lseek           ff.o
    0x000062e6   0x000062e6   0x00000002   PAD
    0x000062e8   0x000062e8   0x00000164   Code   RO         1327    i.f_open            ff.o
    0x0000644c   0x0000644c   0x000001a0   Code   RO         1329    i.f_read            ff.o
    0x000065ec   0x000065ec   0x000000b0   Code   RO         1334    i.f_sync            ff.o
    0x0000669c   0x0000669c   0x00000048   Code   RO          610    i.fillmessage       st7735.o
    0x000066e4   0x000066e4   0x0000038c   Code   RO         1339    i.find_volume       ff.o
    0x00006a70   0x00006a70   0x000000b0   Code   RO         1340    i.follow_path       ff.o
    0x00006b20   0x00006b20   0x00000030   Code   RO          325    i.fputc             os.o
    0x00006b50   0x00006b50   0x0000000c   Code   RO         2007    i.freeElf           loader.o
    0x00006b5c   0x00006b5c   0x00000010   Code   RO         2008    i.freeSection       loader.o
    0x00006b6c   0x00006b6c   0x00000010   Code   RO         2009    i.freeSegment       loader.o
    0x00006b7c   0x00006b7c   0x000000f2   Code   RO         1341    i.get_fat           ff.o
    0x00006c6e   0x00006c6e   0x0000004a   Code   RO         1343    i.get_ldnumber      ff.o
    0x00006cb8   0x00006cb8   0x00000086   Code   RO         2010    i.initElf           loader.o
    0x00006d3e   0x00006d3e   0x00000002   PAD
    0x00006d40   0x00006d40   0x00000028   Code   RO         1082    i.init_spi          edisk.o
    0x00006d68   0x00006d68   0x00000048   Code   RO         2011    i.jumpTo            loader.o
    0x00006db0   0x00006db0   0x00000020   Code   RO         1344    i.ld_clust          ff.o
    0x00006dd0   0x00006dd0   0x000000ec   Code   RO         2012    i.loadProgram       loader.o
    0x00006ebc   0x00006ebc   0x000000ec   Code   RO         2013    i.loadSecData       loader.o
    0x00006fa8   0x00006fa8   0x000000f4   Code   RO         2014    i.loadSegData       loader.o
    0x0000709c   0x0000709c   0x000000c4   Code   RO         2015    i.loadSymbols       loader.o
    0x00007160   0x00007160   0x0000000a   Code   RO          102    i.main              lab6.o
    0x0000716a   0x0000716a   0x00000026   Code   RO         1345    i.mem_cmp           ff.o
    0x00007190   0x00007190   0x0000001a   Code   RO         1346    i.mem_cpy           ff.o
    0x000071aa   0x000071aa   0x00000014   Code   RO         1347    i.mem_set           ff.o
    0x000071be   0x000071be   0x00000034   Code   RO         1348    i.move_window       ff.o
    0x000071f2   0x000071f2   0x00000084   Code   RO         2016    i.placeDynamic      loader.o
    0x00007276   0x00007276   0x00000002   PAD
    0x00007278   0x00007278   0x00000154   Code   RO         2017    i.placeInfo         loader.o
    0x000073cc   0x000073cc   0x00000012   Code   RO          613    i.pushColor         st7735.o
    0x000073de   0x000073de   0x00000142   Code   RO         1349    i.put_fat           ff.o
    0x00007520   0x00007520   0x00000048   Code   RO         1083    i.rcvr_datablock    edisk.o
    0x00007568   0x00007568   0x00000030   Code   RO         1084    i.rcvr_spi          edisk.o
    0x00007598   0x00007598   0x00000018   Code   RO         1085    i.rcvr_spi_multi    edisk.o
    0x000075b0   0x000075b0   0x0000003e   Code   RO         2018    i.readSecHeader     loader.o
    0x000075ee   0x000075ee   0x0000003a   Code   RO         2019    i.readSection       loader.o
    0x00007628   0x00007628   0x00000044   Code   RO         2020    i.readSectionName   loader.o
    0x0000766c   0x0000766c   0x0000003a   Code   RO         2021    i.readSegHeader     loader.o
    0x000076a6   0x000076a6   0x00000072   Code   RO         2022    i.readSymbol        loader.o
    0x00007718   0x00007718   0x00000044   Code   RO         2023    i.readSymbolName    loader.o
    0x0000775c   0x0000775c   0x000000b0   Code   RO          103    i.realmain          lab6.o
    0x0000780c   0x0000780c   0x000000aa   Code   RO         2024    i.relJmpCall        loader.o
    0x000078b6   0x000078b6   0x00000002   PAD
    0x000078b8   0x000078b8   0x000000cc   Code   RO         2025    i.relocate          loader.o
    0x00007984   0x00007984   0x00000040   Code   RO         2026    i.relocateProgram   loader.o
    0x000079c4   0x000079c4   0x00000084   Code   RO         2027    i.relocateSection   loader.o
    0x00007a48   0x00007a48   0x00000048   Code   RO         2028    i.relocateSections  loader.o
    0x00007a90   0x00007a90   0x00000038   Code   RO         2029    i.relocateSymbol    loader.o
    0x00007ac8   0x00007ac8   0x0000006c   Code   RO         1350    i.remove_chain      ff.o
    0x00007b34   0x00007b34   0x00000046   Code   RO         2030    i.sectionOf         loader.o
    0x00007b7a   0x00007b7a   0x00000002   PAD
    0x00007b7c   0x00007b7c   0x00000030   Code   RO         1086    i.select            edisk.o
    0x00007bac   0x00007bac   0x00000096   Code   RO         1087    i.send_cmd          edisk.o
    0x00007c42   0x00007c42   0x00000002   PAD
    0x00007c44   0x00007c44   0x00000074   Code   RO          614    i.setAddrWindow     st7735.o
    0x00007cb8   0x00007cb8   0x00000010   Code   RO         1351    i.st_clust          ff.o
    0x00007cc8   0x00007cc8   0x000000c8   Code   RO         1352    i.sync_fs           ff.o
    0x00007d90   0x00007d90   0x00000052   Code   RO         1353    i.sync_window       ff.o
    0x00007de2   0x00007de2   0x00000036   Code   RO         1354    i.validate          ff.o
    0x00007e18   0x00007e18   0x00000030   Code   RO         1088    i.wait_ready        edisk.o
    0x00007e48   0x00007e48   0x00000050   Code   RO          615    i.writecommand      st7735.o
    0x00007e98   0x00007e98   0x00000054   Code   RO          616    i.writedata         st7735.o
    0x00007eec   0x00007eec   0x00000038   Code   RO         1089    i.xchg_spi          edisk.o
    0x00007f24   0x00007f24   0x0000004c   Code   RO         1090    i.xmit_datablock    edisk.o
    0x00007f70   0x00007f70   0x00000030   Code   RO         1091    i.xmit_spi_multi    edisk.o
    0x00007fa0   0x00007fa0   0x00000842   Data   RO          618    .constdata          st7735.o
    0x000087e2   0x000087e2   0x00000002   PAD
    0x000087e4   0x000087e4   0x00000010   Data   RO          854    .constdata          interpreter.o
    0x000087f4   0x000087f4   0x00000045   Data   RO         2032    .constdata          loader.o
    0x00008839   0x00008839   0x00000001   PAD
    0x0000883a   0x0000883a   0x00000012   Data   RO         2202    .constdata          can.o
    0x0000884c   0x0000884c   0x00000036   Data   RO         2472    .constdata          esp8266.o
    0x00008882   0x00008882   0x00000002   PAD
    0x00008884   0x00008884   0x0000010c   Data   RO         2760    .constdata          interrupt.o
    0x00008990   0x00008990   0x00000081   Data   RO         3227    .constdata          mc_w.l(ctype_o.o)
    0x00008a11   0x00008a11   0x00000003   PAD
    0x00008a14   0x00008a14   0x00000004   Data   RO         3228    .constdata          mc_w.l(ctype_o.o)
    0x00008a18   0x00008a18   0x0000000f   Data   RO          855    .conststring        interpreter.o
    0x00008a27   0x00008a27   0x00000001   PAD
    0x00008a28   0x00008a28   0x00000020   Data   RO         3286    Region$$Table       anon$$obj.o


    Execution Region ER_RW (Exec base: 0x20000000, Load base: 0x00008a48, Size: 0x00000168, Max: 0xffffffff, ABSOLUTE, COMPRESSED[0x0000002c])

    Exec Addr    Load Addr    Size         Type   Attr      Idx    E Section Name        Object

    0x20000000   COMPRESSED   0x0000003c   Data   RW          107    .data               lab6.o
    0x2000003c   COMPRESSED   0x00000030   Data   RW          328    .data               os.o
    0x2000006c   COMPRESSED   0x0000002c   Data   RW          619    .data               st7735.o
    0x20000098   COMPRESSED   0x0000001c   Data   RW          856    .data               interpreter.o
    0x200000b4   COMPRESSED   0x00000010   Data   RW          936    .data               uart0int.o
    0x200000c4   COMPRESSED   0x0000000d   Data   RW         1092    .data               edisk.o
    0x200000d1   COMPRESSED   0x00000003   PAD
    0x200000d4   COMPRESSED   0x00000024   Data   RW         1211    .data               efile.o
    0x200000f8   COMPRESSED   0x00000006   Data   RW         1356    .data               ff.o
    0x200000fe   COMPRESSED   0x00000002   PAD
    0x20000100   COMPRESSED   0x00000008   Data   RW         1614    .data               adct0atrigger.o
    0x20000108   COMPRESSED   0x00000004   Data   RW         1925    .data               wtimer0a.o
    0x2000010c   COMPRESSED   0x00000010   Data   RW         2349    .data               can0.o
    0x2000011c   COMPRESSED   0x0000003c   Data   RW         2473    .data               esp8266.o
    0x20000158   COMPRESSED   0x00000004   Data   RW         2887    .data               timer5a.o
    0x2000015c   COMPRESSED   0x00000004   Data   RW         2933    .data               mc_w.l(strtok.o)
    0x20000160   COMPRESSED   0x00000004   Data   RW         3221    .data               mc_w.l(stdout.o)
    0x20000164   COMPRESSED   0x00000004   Data   RW         3257    .data               mc_w.l(errno.o)


    Execution Region ER_ZI (Exec base: 0x20000168, Load base: 0x00008a74, Size: 0x00004ae0, Max: 0xffffffff, ABSOLUTE)

    Exec Addr    Load Addr    Size         Type   Attr      Idx    E Section Name        Object

    0x20000168        -       0x00001d84   Zero   RW          326    .bss                os.o
    0x20001eec        -       0x0000000c   Zero   RW          617    .bss                st7735.o
    0x20001ef8        -       0x00000090   Zero   RW          853    .bss                interpreter.o
    0x20001f88        -       0x00000800   Zero   RW          935    .bss                uart0int.o
    0x20002788        -       0x00000e00   Zero   RW         1210    .bss                efile.o
    0x20003588        -       0x00000420   Zero   RW         1956    .bss                heap.o
    0x200039a8        -       0x000002a0   Zero   RW         2031    .bss                loader.o
    0x20003c48        -       0x00000c00   Zero   RW         2471    .bss                esp8266.o
    0x20004848        -       0x00000400   Zero   RW            1    STACK               startup.o


==============================================================================

Image component sizes


      Code (inc. data)   RO Data    RW Data    ZI Data      Debug   Object Name

      1040         72          0          0          0       1380   adc.o
        64         20          0          8          0       2496   adct0atrigger.o
      1738         22         18          0          0      15153   can.o
       412         62          0         16          0       5163   can0.o
      2450        160          0         13          0      15124   edisk.o
      2132        232          0         36       3584      10324   efile.o
      2906        608         54         60       3072      25160   esp8266.o
      5228         48          0          6          0      28956   ff.o
       446         20          0          0       1056       3693   heap.o
      4576       1792         31         28        144       8430   interpreter.o
       232         16        268          0          0       2121   interrupt.o
       730        154          0         60          0       8009   lab6.o
         0          0          0          0          0       4508   launchpad.o
      3234        690         69          0        672      33121   loader.o
      1862        272          0         48       7556      15705   os.o
       184         14          0          0          0        356   osasm.o
       124          4          0          0          0        495   pll.o
      2210        242       2114         44         12      17556   st7735.o
       672        622          0          0       1024       1036   startup.o
       120         28          0          4          0       1685   timer5a.o
      1004        158          0         16       2048      11334   uart0int.o
       124         30          0          4          0       1717   wtimer0a.o

    ----------------------------------------------------------------------
     31522       5266       2592        348      19168     213522   Object Totals
         0          0         32          0          0          0   (incl. Generated)
        34          0          6          5          0          0   (incl. Padding)

    ----------------------------------------------------------------------

      Code (inc. data)   RO Data    RW Data    ZI Data      Debug   Library Member Name

        58          0          0          0          0          0   __dczerorl.o
        28          0          0          0          0         68   _chval.o
       158          0          0          0          0         92   _strtoul.o
         8          4        133          0          0         68   ctype_o.o
         0          0          0          0          0          0   entry.o
         0          0          0          0          0          0   entry10a.o
         0          0          0          0          0          0   entry11a.o
         4          0          0          0          0          0   entry12b.o
         8          4          0          0          0          0   entry2.o
         4          0          0          0          0          0   entry5.o
         0          0          0          0          0          0   entry7b.o
         0          0          0          0          0          0   entry8b.o
         8          4          0          0          0          0   entry9a.o
         8          4          0          4          0         68   errno.o
        30          0          0          0          0          0   handlers.o
        36          8          0          0          0         68   init.o
        26          0          0          0          0         80   memcmp.o
        36          0          0          0          0         68   memcpya.o
       422         20          0          0          0        336   printf1.o
         0          0          0          4          0          0   stdout.o
        24          0          0          0          0         68   strcat.o
        28          0          0          0          0         76   strcmp.o
        18          0          0          0          0         68   strcpy.o
        14          0          0          0          0         68   strlen.o
        68          6          0          4          0         80   strtok.o
       112          0          0          0          0         88   strtol.o
        44          0          0          0          0         80   uidiv.o

    ----------------------------------------------------------------------
      1150         50        136         12          0       1376   Library Totals
         8          0          3          0          0          0   (incl. Padding)

    ----------------------------------------------------------------------

      Code (inc. data)   RO Data    RW Data    ZI Data      Debug   Library Name

      1142         50        133         12          0       1376   mc_w.l

    ----------------------------------------------------------------------
      1150         50        136         12          0       1376   Library Totals

    ----------------------------------------------------------------------

==============================================================================


      Code (inc. data)   RO Data    RW Data    ZI Data      Debug   

     32672       5316       2728        360      19168     202650   Grand Totals
     32672       5316       2728         44      19168     202650   ELF Image Totals (compressed)
     32672       5316       2728         44          0          0   ROM Totals

==============================================================================

    Total RO  Size (Code + RO Data)                35400 (  34.57kB)
    Total RW  Size (RW Data + ZI Data)             19528 (  19.07kB)
    Total ROM Size (Code + RO Data + RW Data)      35444 (  34.61kB)

==============================================================================

