Component: ARM Compiler 5.06 update 7 (build 960) Tool: armlink [4d3601]

==============================================================================

Section Cross References

    startup.o(RESET) refers to startup.o(STACK) for StackMem
    startup.o(RESET) refers to osasm.o(.text) for SVC_Handler
    startup.o(RESET) refers to os.o(i.SysTick_Handler) for SysTick_Handler
    startup.o(RESET) refers to uart0int.o(i.UART0_Handler) for UART0_Handler
    startup.o(RESET) refers to adct0atrigger.o(i.ADC0Seq0_Handler) for ADC0Seq0_Handler
    startup.o(RESET) refers to adct0atrigger.o(i.ADC0Seq3_Handler) for ADC0Seq3_Handler
    startup.o(RESET) refers to os.o(i.GPIOPortF_Handler) for GPIOPortF_Handler
    startup.o(RESET) refers to os.o(i.Timer3A_Handler) for Timer3A_Handler
    startup.o(RESET) refers to os.o(i.Timer4A_Handler) for Timer4A_Handler
    startup.o(RESET) refers to timer5a.o(i.Timer5A_Handler) for Timer5A_Handler
    startup.o(RESET) refers to wtimer0a.o(i.WideTimer0A_Handler) for WideTimer0A_Handler
    startup.o(RESET) refers to entry.o(.ARM.Collect$$$$00000000) for __main
    os.o(i.AddtoReady) refers to os.o(.data) for ReadyCreated
    os.o(i.AddtoReady) refers to os.o(.bss) for Ready_pool
    os.o(i.AddtoSema4) refers to os.o(.data) for RunPt
    os.o(i.GPIOPortF_Handler) refers to os.o(.data) for SW_task1
    os.o(i.OSTtask) refers to os.o(.data) for OStime_round
    os.o(i.OS_AddPeriodicThread) refers to startup.o(.text) for StartCritical
    os.o(i.OS_AddPeriodicThread) refers to lab3.o(.data) for BackCreated
    os.o(i.OS_AddPeriodicThread) refers to os.o(.data) for PeriodicTask4
    os.o(i.OS_AddSW1Task) refers to startup.o(.text) for StartCritical
    os.o(i.OS_AddSW1Task) refers to os.o(.data) for SW_task1
    os.o(i.OS_AddSW2Task) refers to startup.o(.text) for StartCritical
    os.o(i.OS_AddSW2Task) refers to os.o(.data) for SW_task2
    os.o(i.OS_AddThread) refers to startup.o(.text) for StartCritical
    os.o(i.OS_AddThread) refers to os.o(i.AddtoReady) for AddtoReady
    os.o(i.OS_AddThread) refers to lab3.o(.data) for NumCreated
    os.o(i.OS_AddThread) refers to os.o(.bss) for TCB_pool
    os.o(i.OS_ClearMsTime) refers to os.o(.data) for OStime_round
    os.o(i.OS_EndRedirectToFile) refers to efile.o(i.eFile_WClose) for eFile_WClose
    os.o(i.OS_EndRedirectToFile) refers to os.o(.data) for StreamToDevice
    os.o(i.OS_Fifo_Get) refers to os.o(i.OS_Wait) for OS_Wait
    os.o(i.OS_Fifo_Get) refers to startup.o(.text) for DisableInterrupts
    os.o(i.OS_Fifo_Get) refers to os.o(i.OS_Signal) for OS_Signal
    os.o(i.OS_Fifo_Get) refers to os.o(.bss) for OS_FIFO
    os.o(i.OS_Fifo_Init) refers to os.o(.bss) for OS_FIFO
    os.o(i.OS_Fifo_Put) refers to os.o(i.OS_Wait) for OS_Wait
    os.o(i.OS_Fifo_Put) refers to startup.o(.text) for DisableInterrupts
    os.o(i.OS_Fifo_Put) refers to os.o(i.OS_Signal) for OS_Signal
    os.o(i.OS_Fifo_Put) refers to os.o(.bss) for OS_FIFO
    os.o(i.OS_Init) refers to pll.o(i.PLL_Init) for PLL_Init
    os.o(i.OS_Init) refers to uart0int.o(i.UART_Init) for UART_Init
    os.o(i.OS_Init) refers to st7735.o(i.ST7735_InitR) for ST7735_InitR
    os.o(i.OS_Init) refers to st7735.o(i.ST7735_Message) for ST7735_Message
    os.o(i.OS_Init) refers to wtimer0a.o(i.WideTimer0A_Init) for WideTimer0A_Init
    os.o(i.OS_Init) refers to timer5a.o(i.Timer5A_Init) for Timer5A_Init
    os.o(i.OS_Init) refers to os.o(i.OS_InitSemaphore) for OS_InitSemaphore
    os.o(i.OS_Init) refers to os.o(.bss) for TCB_pool
    os.o(i.OS_Init) refers to os.o(i.WDTimer0A_task) for WDTimer0A_task
    os.o(i.OS_Init) refers to os.o(i.OSTtask) for OSTtask
    os.o(i.OS_Kill) refers to startup.o(.text) for DisableInterrupts
    os.o(i.OS_Kill) refers to os.o(i.RemovefromReady) for RemovefromReady
    os.o(i.OS_Kill) refers to os.o(i.OS_Suspend) for OS_Suspend
    os.o(i.OS_Kill) refers to os.o(.data) for RunPt
    os.o(i.OS_Kill) refers to lab3.o(.data) for NumCreated
    os.o(i.OS_Launch) refers to os.o(i.SysTick_Init) for SysTick_Init
    os.o(i.OS_Launch) refers to osasm.o(.text) for StartOS
    os.o(i.OS_Launch) refers to os.o(.bss) for Ready_pool
    os.o(i.OS_Launch) refers to os.o(.data) for RunPt
    os.o(i.OS_MailBox_Init) refers to os.o(.bss) for OS_MailBox
    os.o(i.OS_MailBox_Recv) refers to os.o(i.OS_Wait) for OS_Wait
    os.o(i.OS_MailBox_Recv) refers to os.o(i.OS_Signal) for OS_Signal
    os.o(i.OS_MailBox_Recv) refers to os.o(.bss) for OS_MailBox
    os.o(i.OS_MailBox_Send) refers to os.o(i.OS_Wait) for OS_Wait
    os.o(i.OS_MailBox_Send) refers to os.o(i.OS_Signal) for OS_Signal
    os.o(i.OS_MailBox_Send) refers to os.o(.bss) for OS_MailBox
    os.o(i.OS_MsTime) refers to os.o(.data) for OStime_round
    os.o(i.OS_RedirectToFile) refers to efile.o(i.eFile_Create) for eFile_Create
    os.o(i.OS_RedirectToFile) refers to efile.o(i.eFile_WOpen) for eFile_WOpen
    os.o(i.OS_RedirectToFile) refers to os.o(.data) for StreamToDevice
[...]
    strtol.o(.text) refers to errno.o(i.__aeabi_errno_addr) for __aeabi_errno_addr
    entry2.o(.ARM.Collect$$$$00000001) refers to entry2.o(.ARM.Collect$$$$00002712) for __lit__00000000
    entry2.o(.ARM.Collect$$$$00002712) refers to startup.o(STACK) for __initial_sp
    entry2.o(__vectab_stack_and_reset_area) refers to startup.o(STACK) for __initial_sp
    entry2.o(__vectab_stack_and_reset_area) refers to entry.o(.ARM.Collect$$$$00000000) for __main
    entry5.o(.ARM.Collect$$$$00000004) refers to init.o(.text) for __scatterload
    entry9a.o(.ARM.Collect$$$$0000000B) refers to lab3.o(i.main) for main
    entry9b.o(.ARM.Collect$$$$0000000C) refers to lab3.o(i.main) for main
    ctype_o.o(.text) refers to ctype_o.o(.constdata) for .constdata
    ctype_o.o(.constdata) refers to ctype_o.o(.constdata) for __ctype_table
    isalnum_o.o(.text) refers to ctype_o.o(.text) for __rt_ctype_table
    isalpha_o.o(.text) refers to ctype_o.o(.text) for __rt_ctype_table
    isblank_o.o(.text) refers to ctype_o.o(.constdata) for __ctype_table
    iscntrl_o.o(.text) refers to ctype_o.o(.text) for __rt_ctype_table
    isdigit_o.o(.text) refers to ctype_o.o(.text) for __rt_ctype_table
    isgraph_o.o(.text) refers to ctype_o.o(.text) for __rt_ctype_table
    islower_o.o(.text) refers to ctype_o.o(.text) for __rt_ctype_table
    isprint_o.o(.text) refers to ctype_o.o(.text) for __rt_ctype_table
    ispunct_o.o(.text) refers to ctype_o.o(.text) for __rt_ctype_table
    isspace_o.o(.text) refers to ctype_o.o(.text) for __rt_ctype_table
    isupper_o.o(.text) refers to ctype_o.o(.text) for __rt_ctype_table
    isxdigit_o.o(.text) refers to ctype_o.o(.text) for __rt_ctype_table
    errno.o(i.__aeabi_errno_addr) refers to errno.o(.data) for .data
    errno.o(i.__read_errno) refers to errno.o(.data) for .data
    errno.o(i.__set_errno) refers to errno.o(.data) for .data
    _strtoul.o(.text) refers to _chval.o(.text) for _chval
    _strtoul.o(.text) refers to errno.o(i.__aeabi_errno_addr) for __aeabi_errno_addr
    init.o(.text) refers to entry5.o(.ARM.Collect$$$$00000004) for __main_after_scatterload


==============================================================================

Removing Unused input sections from the image.

    Removing os.o(i.OS_AddProcess), (10 bytes).
    Removing os.o(i.OS_EndRedirectToFile), (28 bytes).
    Removing os.o(i.OS_Fifo_Size), (4 bytes).
    Removing os.o(i.OS_LockScheduler), (4 bytes).
    Removing os.o(i.OS_RedirectToFile), (36 bytes).
    Removing os.o(i.OS_RedirectToST7735), (4 bytes).
    Removing os.o(i.OS_RedirectToUART), (12 bytes).
    Removing os.o(i.OS_UnLockScheduler), (2 bytes).
    Removing os.o(i.OS_bSignal), (6 bytes).
    Removing os.o(i.OS_bWait), (34 bytes).
    Removing os.o(i.fgetc), (20 bytes).
    Removing os.o(i.fputc), (48 bytes).
    Removing launchpad.o(i.DelayMs), (32 bytes).
    Removing launchpad.o(i.LaunchPad_Init), (92 bytes).
    Removing launchpad.o(i.LaunchPad_Input), (24 bytes).
    Removing launchpad.o(i.LaunchPad_Output), (12 bytes).
    Removing launchpad.o(i.LaunchPad_WaitForRelease), (56 bytes).
    Removing launchpad.o(i.LaunchPad_WaitForTouch), (32 bytes).
    Removing st7735.o(i.ST7735_DrawBitmap), (288 bytes).
    Removing st7735.o(i.ST7735_DrawChar), (272 bytes).
    Removing st7735.o(i.ST7735_DrawCircle), (168 bytes).
    Removing st7735.o(i.ST7735_DrawFastHLine), (124 bytes).
    Removing st7735.o(i.ST7735_DrawFastVLine), (124 bytes).
    Removing st7735.o(i.ST7735_DrawSmallCircle), (168 bytes).
    Removing st7735.o(i.ST7735_InitB), (52 bytes).
    Removing st7735.o(i.ST7735_InvertDisplay), (22 bytes).
    Removing st7735.o(i.ST7735_OutString), (24 bytes).
    Removing st7735.o(i.ST7735_OutUDec2), (80 bytes).
    Removing st7735.o(i.ST7735_OutUDec4), (140 bytes).
    Removing st7735.o(i.ST7735_OutUDec5), (140 bytes).
    Removing st7735.o(i.ST7735_PlotBar), (88 bytes).
    Removing st7735.o(i.ST7735_PlotClear), (92 bytes).
    Removing st7735.o(i.ST7735_PlotLine), (264 bytes).
    Removing st7735.o(i.ST7735_PlotNext), (32 bytes).
    Removing st7735.o(i.ST7735_PlotNextErase), (64 bytes).
    Removing st7735.o(i.ST7735_PlotPoint), (152 bytes).
    Removing st7735.o(i.ST7735_PlotPoints), (172 bytes).
    Removing st7735.o(i.ST7735_PlotdBfs), (60 bytes).
    Removing st7735.o(i.ST7735_SetRotation), (212 bytes).
    Removing st7735.o(i.ST7735_SetTextColor), (12 bytes).
    Removing st7735.o(i.ST7735_SwapColor), (18 bytes).
    Removing st7735.o(i.fillmessage4), (100 bytes).
    Removing st7735.o(i.fillmessage5), (128 bytes).
    Removing adcswtrigger.o(i.ADC0_InSeq2), (80 bytes).
    Removing adcswtrigger.o(i.ADC0_InSeq3), (44 bytes).
    Removing adcswtrigger.o(i.ADC0_InSeq3_InternalTemperature), (64 bytes).
    Removing adcswtrigger.o(i.ADC0_InitSWTriggerSeq2), (224 bytes).
    Removing adcswtrigger.o(i.ADC0_InitSWTriggerSeq3), (1016 bytes).
    Removing adcswtrigger.o(i.ADC0_InitSWTriggerSeq3_Ch7), (248 bytes).
    Removing adcswtrigger.o(i.ADC0_InitSWTriggerSeq3_Ch9), (248 bytes).
    Removing adcswtrigger.o(i.ADC0_InitSWTriggerSeq3_InternalTemperature), (128 bytes).
    Removing adcswtrigger.o(i.ADC_In3210), (80 bytes).
    Removing adcswtrigger.o(i.ADC_In89), (56 bytes).
    Removing adcswtrigger.o(i.ADC_Init3210), (248 bytes).
    Removing adcswtrigger.o(i.ADC_Init89), (220 bytes).
    Removing adcswtrigger.o(.data), (4 bytes).
    Removing adct0atrigger.o(i.ADC0_InitTimer0ATriggerSeq3PD3), (296 bytes).
    Removing lpf.o(i.LPF_Calc), (92 bytes).
    Removing lpf.o(i.LPF_Calc2), (92 bytes).
    Removing lpf.o(i.LPF_Calc3), (92 bytes).
    Removing lpf.o(i.LPF_Calc4), (92 bytes).
    Removing lpf.o(i.LPF_Calc5), (92 bytes).
    Removing lpf.o(i.LPF_Calc6), (92 bytes).
    Removing lpf.o(i.LPF_Calc7), (92 bytes).
    Removing lpf.o(i.LPF_Init), (72 bytes).
    Removing lpf.o(i.LPF_Init2), (72 bytes).
    Removing lpf.o(i.LPF_Init3), (72 bytes).
    Removing lpf.o(i.LPF_Init4), (72 bytes).
    Removing lpf.o(i.LPF_Init5), (72 bytes).
    Removing lpf.o(i.LPF_Init6), (72 bytes).
    Removing lpf.o(i.LPF_Init7), (72 bytes).
    Removing lpf.o(i.Median), (128 bytes).
    Removing lpf.o(i.Noise), (136 bytes).
    Removing lpf.o(i.Noise2), (136 bytes).
    Removing lpf.o(i.Noise3), (136 bytes).
    Removing lpf.o(i.Noise4), (136 bytes).
    Removing lpf.o(i.Noise5), (136 bytes).
    Removing lpf.o(i.Noise6), (136 bytes).
    Removing lpf.o(i.Noise7), (136 bytes).
    Removing lpf.o(i.sqrt2), (32 bytes).
    Removing wtimer0a.o(i.WideTimer0_Stop), (24 bytes).
    Removing edisk.o(i.SSI0_Init), (332 bytes).
    Removing edisk.o(i.deselect), (20 bytes).
    Removing edisk.o(i.disk_ioctl), (552 bytes).
    Removing edisk.o(i.disk_timerproc), (64 bytes).
    Removing edisk.o(i.eDisk_Init), (348 bytes).
    Removing edisk.o(i.eDisk_Read), (144 bytes).
    Removing edisk.o(i.eDisk_ReadBlock), (20 bytes).
    Removing edisk.o(i.eDisk_Status), (20 bytes).
    Removing edisk.o(i.eDisk_Write), (180 bytes).
    Removing edisk.o(i.eDisk_WriteBlock), (20 bytes).
    Removing edisk.o(i.init_spi), (40 bytes).
    Removing edisk.o(i.rcvr_datablock), (72 bytes).
    Removing edisk.o(i.rcvr_spi), (48 bytes).
    Removing edisk.o(i.rcvr_spi_multi), (24 bytes).
    Removing edisk.o(i.select), (48 bytes).
    Removing edisk.o(i.send_cmd), (150 bytes).
    Removing edisk.o(i.wait_ready), (48 bytes).
    Removing edisk.o(i.xchg_spi), (56 bytes).
    Removing edisk.o(i.xmit_datablock), (76 bytes).
    Removing edisk.o(i.xmit_spi_multi), (48 bytes).
    Removing edisk.o(.data), (13 bytes).
    Removing efile.o(i.eFile_Create), (6 bytes).
    Removing efile.o(i.eFile_DClose), (4 bytes).
    Removing efile.o(i.eFile_DOpen), (6 bytes).
    Removing efile.o(i.eFile_Delete), (6 bytes).
    Removing efile.o(i.eFile_DirNext), (6 bytes).
    Removing efile.o(i.eFile_Format), (4 bytes).
    Removing efile.o(i.eFile_Init), (4 bytes).
    Removing efile.o(i.eFile_Mount), (4 bytes).
    Removing efile.o(i.eFile_RClose), (4 bytes).
    Removing efile.o(i.eFile_ROpen), (6 bytes).
    Removing efile.o(i.eFile_ReadNext), (6 bytes).
    Removing efile.o(i.eFile_Unmount), (4 bytes).
    Removing efile.o(i.eFile_WClose), (4 bytes).
    Removing efile.o(i.eFile_WOpen), (6 bytes).
    Removing efile.o(i.eFile_Write), (6 bytes).
    Removing uart0int.o(i.Fixed_Fix2Str), (252 bytes).
    Removing uart0int.o(i.UART_Fix2), (20 bytes).
    Removing uart0int.o(i.UART_InCharNonBlock), (20 bytes).
    Removing uart0int.o(i.UART_InUDec), (76 bytes).
    Removing uart0int.o(i.UART_InUHex), (108 bytes).
    Removing uart0int.o(i.UART_OutCharNonBlock), (52 bytes).
    Removing uart0int.o(i.UART_OutSDec), (24 bytes).
    Removing uart0int.o(i.UART_OutUHex), (52 bytes).
    Removing lab3.o(i.BackgroundThread1d), (28 bytes).
    Removing lab3.o(i.BackgroundThread1e), (56 bytes).
    Removing lab3.o(i.BackgroundThread5d), (32 bytes).
    Removing lab3.o(i.BackgroundThread5e), (32 bytes).
    Removing lab3.o(i.BackgroundThreadFIFOProducer), (44 bytes).
    Removing lab3.o(i.ConsumerThreadFIFO), (76 bytes).
    Removing lab3.o(i.FillerThreadFIFO), (24 bytes).
    Removing lab3.o(i.OutputThread), (224 bytes).
    Removing lab3.o(i.PseudoWork), (32 bytes).
    Removing lab3.o(i.Signal1), (40 bytes).
    Removing lab3.o(i.Signal2), (40 bytes).
    Removing lab3.o(i.Signal3), (48 bytes).
    Removing lab3.o(i.TaskA), (148 bytes).
    Removing lab3.o(i.TaskB), (152 bytes).
    Removing lab3.o(i.Testmain1), (108 bytes).
    Removing lab3.o(i.Testmain2), (108 bytes).
    Removing lab3.o(i.Testmain3), (84 bytes).
    Removing lab3.o(i.Testmain4), (124 bytes).
    Removing lab3.o(i.Testmain5), (140 bytes).
    Removing lab3.o(i.Testmain6), (132 bytes).
    Removing lab3.o(i.Testmain7), (284 bytes).
    Removing lab3.o(i.TestmainCS), (56 bytes).
    Removing lab3.o(i.TestmainFIFO), (136 bytes).
    Removing lab3.o(i.Thread1), (44 bytes).
    Removing lab3.o(i.Thread1b), (40 bytes).
    Removing lab3.o(i.Thread1c), (60 bytes).
    Removing lab3.o(i.Thread2), (44 bytes).
    Removing lab3.o(i.Thread2b), (40 bytes).
    Removing lab3.o(i.Thread2c), (76 bytes).
    Removing lab3.o(i.Thread2d), (128 bytes).
    Removing lab3.o(i.Thread2e), (52 bytes).
    Removing lab3.o(i.Thread3), (44 bytes).
    Removing lab3.o(i.Thread3b), (40 bytes).
    Removing lab3.o(i.Thread3c), (40 bytes).
    Removing lab3.o(i.Thread3d), (24 bytes).
    Removing lab3.o(i.Thread3e), (24 bytes).
    Removing lab3.o(i.Thread4d), (44 bytes).
    Removing lab3.o(i.Thread4e), (40 bytes).
    Removing lab3.o(i.Thread5d), (60 bytes).
    Removing lab3.o(i.Thread6), (40 bytes).
    Removing lab3.o(i.Thread7), (104 bytes).
    Removing lab3.o(i.ThreadCS), (20 bytes).
    Removing lab3.o(i.Wait1), (28 bytes).
    Removing lab3.o(i.Wait2), (28 bytes).
    Removing lab3.o(i.Wait3), (28 bytes).
    Removing lab3.o(i.add), (20 bytes).
    Removing timer5a.o(i.Timer5_Stop), (24 bytes).

172 unused section(s) (total 14935 bytes) removed from the image.

==============================================================================

Image Symbol Table

    Local Symbols

    Symbol Name                              Value     Ov Type        Size  Object(Section)

    RESET                                    0x00000000   Section      644  startup.o(RESET)
    ../clib/../cmprslib/zerorunl.c           0x00000000   Number         0  __dczerorl.o ABSOLUTE
    ../clib/microlib/ctype/ctype.c           0x00000000   Number         0  isalnum_o.o ABSOLUTE
    ../clib/microlib/ctype/ctype.c           0x00000000   Number         0  isupper_o.o ABSOLUTE
    ../clib/microlib/ctype/ctype.c           0x00000000   Number         0  iscntrl_o.o ABSOLUTE
    ../clib/microlib/ctype/ctype.c           0x00000000   Number         0  ctype_o.o ABSOLUTE
    ../clib/microlib/ctype/ctype.c           0x00000000   Number         0  isalpha_o.o ABSOLUTE
    ../clib/microlib/ctype/ctype.c           0x00000000   Number         0  isgraph_o.o ABSOLUTE
    ../clib/microlib/ctype/ctype.c           0x00000000   Number         0  isxdigit_o.o ABSOLUTE
    ../clib/microlib/ctype/ctype.c           0x00000000   Number         0  islower_o.o ABSOLUTE
    ../clib/microlib/ctype/ctype.c           0x00000000   Number         0  isprint_o.o ABSOLUTE
    ../clib/microlib/ctype/ctype.c           0x00000000   Number         0  isdigit_o.o ABSOLUTE
    ../clib/microlib/ctype/ctype.c           0x00000000   Number         0  ispunct_o.o ABSOLUTE
    ../clib/microlib/ctype/ctype.c           0x00000000   Number         0  isspace_o.o ABSOLUTE
    ../clib/microlib/ctype/ctype.c           0x00000000   Number         0  isblank_o.o ABSOLUTE
    ../clib/microlib/errno.c                 0x00000000   Number         0  errno.o ABSOLUTE
    ../clib/microlib/init/entry.s            0x00000000   Number         0  entry8a.o ABSOLUTE
    ../clib/microlib/init/entry.s            0x00000000   Number         0  entry12b.o ABSOLUTE
    ../clib/microlib/init/entry.s            0x00000000   Number         0  entry12a.o ABSOLUTE
    ../clib/microlib/init/entry.s            0x00000000   Number         0  entry11b.o ABSOLUTE
    ../clib/microlib/init/entry.s            0x00000000   Number         0  entry8b.o ABSOLUTE
    ../clib/microlib/init/entry.s            0x00000000   Number         0  entry10b.o ABSOLUTE
    ../clib/microlib/init/entry.s            0x00000000   Number         0  entry9a.o ABSOLUTE
    ../clib/microlib/init/entry.s            0x00000000   Number         0  entry10a.o ABSOLUTE
    ../clib/microlib/init/entry.s            0x00000000   Number         0  entry9b.o ABSOLUTE
    ../clib/microlib/init/entry.s            0x00000000   Number         0  entry.o ABSOLUTE
    ../clib/microlib/init/entry.s            0x00000000   Number         0  entry11a.o ABSOLUTE
    ../clib/microlib/init/entry.s            0x00000000   Number         0  entry2.o ABSOLUTE
    ../clib/microlib/init/entry.s            0x00000000   Number         0  entry5.o ABSOLUTE
    ../clib/microlib/init/entry.s            0x00000000   Number         0  entry7a.o ABSOLUTE
    ../clib/microlib/init/entry.s            0x00000000   Number         0  entry7b.o ABSOLUTE
    ../clib/microlib/malloc/malloc.c         0x00000000   Number         0  mallocr.o ABSOLUTE
    ../clib/microlib/malloc/malloc.c         0x00000000   Number         0  malloca.o ABSOLUTE
    ../clib/microlib/malloc/malloc.c         0x00000000   Number         0  mallocra.o ABSOLUTE
    ../clib/microlib/malloc/malloc.c         0x00000000   Number         0  malloc.o ABSOLUTE
    ../clib/microlib/malloc/mvars.c          0x00000000   Number         0  mvars.o ABSOLUTE
    ../clib/microlib/string/memcpy.c         0x00000000   Number         0  memcpyb.o ABSOLUTE
    ../clib/microlib/string/memcpy.c         0x00000000   Number         0  memcpya.o ABSOLUTE
    ../clib/microlib/string/strcmp.c         0x00000000   Number         0  strcmp.o ABSOLUTE
    ../clib/microlib/string/strcpy.c         0x00000000   Number         0  strcpy.o ABSOLUTE
    ../clib/microlib/string/strlen.c         0x00000000   Number         0  strlen.o ABSOLUTE
    ../clib/microlib/string/strtok.c         0x00000000   Number         0  strtok.o ABSOLUTE
    ../clib/microlib/string/strtok.c         0x00000000   Number         0  strtok_r.o ABSOLUTE
    ../clib/scanf.c                          0x00000000   Number         0  _chval.o ABSOLUTE
    ../clib/scanf.c                          0x00000000   Number         0  strtol.o ABSOLUTE
    ../clib/scanf.c                          0x00000000   Number         0  _strtoul.o ABSOLUTE
    ..\RTOS_Labs_common\ADC.c                0x00000000   Number         0  adc.o ABSOLUTE
    ..\RTOS_Labs_common\Interpreter.c        0x00000000   Number         0  interpreter.o ABSOLUTE
    ..\RTOS_Labs_common\OS.c                 0x00000000   Number         0  os.o ABSOLUTE
    ..\RTOS_Labs_common\ST7735.c             0x00000000   Number         0  st7735.o ABSOLUTE
    ..\RTOS_Labs_common\UART0int.c           0x00000000   Number         0  uart0int.o ABSOLUTE
    ..\RTOS_Labs_common\eDisk.c              0x00000000   Number         0  edisk.o ABSOLUTE
    ..\RTOS_Labs_common\efile.c              0x00000000   Number         0  efile.o ABSOLUTE
    ..\RTOS_Labs_common\osasm.s              0x00000000   Number         0  osasm.o ABSOLUTE
    ..\inc\ADCSWTrigger.c                    0x00000000   Number         0  adcswtrigger.o ABSOLUTE
    ..\inc\ADCT0ATrigger.c                   0x00000000   Number         0  adct0atrigger.o ABSOLUTE
    ..\inc\IRDistance.c                      0x00000000   Number         0  irdistance.o ABSOLUTE
    ..\inc\LPF.c                             0x00000000   Number         0  lpf.o ABSOLUTE
    ..\inc\LaunchPad.c                       0x00000000   Number         0  launchpad.o ABSOLUTE
    ..\inc\PID_stm32.s                       0x00000000   Number         0  pid_stm32.o ABSOLUTE
    ..\inc\PLL.c                             0x00000000   Number         0  pll.o ABSOLUTE
    ..\inc\Timer5A.c                         0x00000000   Number         0  timer5a.o ABSOLUTE
    ..\inc\WTimer0A.c                        0x00000000   Number         0  wtimer0a.o ABSOLUTE
    ..\inc\cr4_fft_64_stm32.s                0x00000000   Number         0  cr4_fft_64_stm32.o ABSOLUTE
    Lab3.c                                   0x00000000   Number         0  lab3.o ABSOLUTE
    dc.s                                     0x00000000   Number         0  dc.o ABSOLUTE
    handlers.s                               0x00000000   Number         0  handlers.o ABSOLUTE
    init.s                                   0x00000000   Number         0  init.o ABSOLUTE
    startup.s                                0x00000000   Number         0  startup.o ABSOLUTE
    .ARM.Collect$$$$00000000                 0x00000284   Section        0  entry.o(.ARM.Collect$$$$00000000)
    .ARM.Collect$$$$00000001                 0x00000284   Section        4  entry2.o(.ARM.Collect$$$$00000001)
    .ARM.Collect$$$$00000004                 0x00000288   Section        4  entry5.o(.ARM.Collect$$$$00000004)
    .ARM.Collect$$$$00000008                 0x0000028c   Section        0  entry7b.o(.ARM.Collect$$$$00000008)
    .ARM.Collect$$$$0000000A                 0x0000028c   Section        0  entry8b.o(.ARM.Collect$$$$0000000A)
    .ARM.Collect$$$$0000000B                 0x0000028c   Section        8  entry9a.o(.ARM.Collect$$$$0000000B)
    .ARM.Collect$$$$0000000E                 0x00000294   Section        4  entry12b.o(.ARM.Collect$$$$0000000E)
    .ARM.Collect$$$$0000000F                 0x00000298   Section        0  entry10a.o(.ARM.Collect$$$$0000000F)
    .ARM.Collect$$$$00000011                 0x00000298   Section        0  entry11a.o(.ARM.Collect$$$$00000011)
    .ARM.Collect$$$$00002712                 0x00000298   Section        4  entry2.o(.ARM.Collect$$$$00002712)
    __lit__00000000                          0x00000298   Data           4  entry2.o(.ARM.Collect$$$$00002712)
    .text                                    0x0000029c   Section       28  startup.o(.text)
    .text                                    0x000002b8   Section      718  cr4_fft_64_stm32.o(.text)
    .text                                    0x00000588   Section       72  pid_stm32.o(.text)
    .text                                    0x000005d0   Section       92  osasm.o(.text)
    .text                                    0x0000062c   Section        0  strlen.o(.text)
    .text                                    0x0000063a   Section        0  strcmp.o(.text)
    .text                                    0x00000658   Section        0  strtok.o(.text)
    .text                                    0x0000069c   Section        0  strtol.o(.text)
    .text                                    0x0000070c   Section        0  ctype_o.o(.text)
    .text                                    0x00000714   Section        0  _strtoul.o(.text)
    .text                                    0x000007b4   Section       36  init.o(.text)
    .text                                    0x000007d8   Section        0  _chval.o(.text)
    .text                                    0x000007f4   Section        0  __dczerorl.o(.text)
    i.ADC0Seq0_Handler                       0x00000830   Section        0  adct0atrigger.o(i.ADC0Seq0_Handler)
    i.ADC0Seq3_Handler                       0x00000854   Section        0  adct0atrigger.o(i.ADC0Seq3_Handler)
    i.ADC0_InitTimer0ATriggerSeq0            0x00000870   Section        0  adct0atrigger.o(i.ADC0_InitTimer0ATriggerSeq0)
    i.ADC_In                                 0x00000cd0   Section        0  adc.o(i.ADC_In)
    i.ADC_Init                               0x00000cfc   Section        0  adc.o(i.ADC_Init)
    i.AddtoReady                             0x000010e0   Section        0  os.o(i.AddtoReady)
    i.AddtoSema4                             0x000011ac   Section        0  os.o(i.AddtoSema4)
    i.ButtonWork                             0x00001228   Section        0  lab3.o(i.ButtonWork)
    i.CS_Init                                0x000012ec   Section        0  edisk.o(i.CS_Init)
    i.Consumer                               0x00001378   Section        0  lab3.o(i.Consumer)
    i.DAS                                    0x00001400   Section        0  lab3.o(i.DAS)
    i.Delay1ms                               0x000014d4   Section        0  st7735.o(i.Delay1ms)
    i.Display                                0x000014f4   Section        0  lab3.o(i.Display)
    i.Filter                                 0x00001578   Section        0  lpf.o(i.Filter)
    i.GPIOPortF_Handler                      0x00001640   Section        0  os.o(i.GPIOPortF_Handler)
    i.IRDistance_Convert                     0x00001680   Section        0  irdistance.o(i.IRDistance_Convert)
    i.Idle                                   0x000016c0   Section        0  lab3.o(i.Idle)
    i.Interpreter                            0x00001714   Section        0  interpreter.o(i.Interpreter)
    i.Jitter                                 0x00001b60   Section        0  interpreter.o(i.Jitter)
    i.OSTtask                                0x00001c44   Section        0  os.o(i.OSTtask)
    i.OS_AddPeriodicThread                   0x00001c64   Section        0  os.o(i.OS_AddPeriodicThread)
    i.OS_AddSW1Task                          0x00001d70   Section        0  os.o(i.OS_AddSW1Task)
    i.OS_AddSW2Task                          0x00001e54   Section        0  os.o(i.OS_AddSW2Task)
    i.OS_AddThread                           0x00001f4c   Section        0  os.o(i.OS_AddThread)
    i.OS_ClearMsTime                         0x00002180   Section        0  os.o(i.OS_ClearMsTime)
    i.OS_Fifo_Get                            0x000021c8   Section        0  os.o(i.OS_Fifo_Get)
    i.OS_Fifo_Init                           0x00002220   Section        0  os.o(i.OS_Fifo_Init)
    i.OS_Fifo_Put                            0x00002250   Section        0  os.o(i.OS_Fifo_Put)
    i.OS_Id                                  0x00002290   Section        0  os.o(i.OS_Id)
    i.OS_Init                                0x00002294   Section        0  os.o(i.OS_Init)
    i.OS_InitSemaphore                       0x00002364   Section        0  os.o(i.OS_InitSemaphore)
    i.OS_Kill                                0x00002368   Section        0  os.o(i.OS_Kill)
    i.OS_Launch                              0x000023a8   Section        0  os.o(i.OS_Launch)
    i.OS_MailBox_Init                        0x000023cc   Section        0  os.o(i.OS_MailBox_Init)
    i.OS_MailBox_Recv                        0x000023e0   Section        0  os.o(i.OS_MailBox_Recv)
    i.OS_MailBox_Send                        0x000023fc   Section        0  os.o(i.OS_MailBox_Send)
    i.OS_MsTime                              0x00002418   Section        0  os.o(i.OS_MsTime)
    i.OS_Signal                              0x00002450   Section        0  os.o(i.OS_Signal)
    i.OS_Sleep                               0x00002484   Section        0  os.o(i.OS_Sleep)
    i.OS_Suspend                             0x000024bc   Section        0  os.o(i.OS_Suspend)
    i.OS_Time                                0x000024f8   Section        0  os.o(i.OS_Time)
    i.OS_TimeDifference                      0x00002524   Section        0  os.o(i.OS_TimeDifference)
    i.OS_Wait                                0x00002530   Section        0  os.o(i.OS_Wait)
    i.PID                                    0x00002574   Section        0  lab3.o(i.PID)
    i.PLL_Init                               0x000025cc   Section        0  pll.o(i.PLL_Init)
    i.PortD_Init                             0x00002648   Section        0  lab3.o(i.PortD_Init)
    i.Producer                               0x000026b0   Section        0  lab3.o(i.Producer)
    i.RemovefromReady                        0x000026e4   Section        0  os.o(i.RemovefromReady)
    i.RemovefromSema4                        0x00002750   Section        0  os.o(i.RemovefromSema4)
    i.RxFifo_Get                             0x00002788   Section        0  uart0int.o(i.RxFifo_Get)
    i.RxFifo_Init                            0x000027c4   Section        0  uart0int.o(i.RxFifo_Init)
    i.RxFifo_Put                             0x000027d8   Section        0  uart0int.o(i.RxFifo_Put)
    i.RxFifo_Size                            0x00002814   Section        0  uart0int.o(i.RxFifo_Size)
    i.ST7735_Color565                        0x0000282c   Section        0  st7735.o(i.ST7735_Color565)
    i.ST7735_DrawCharS                       0x00002844   Section        0  st7735.o(i.ST7735_DrawCharS)
    i.ST7735_DrawPixel                       0x0000293c   Section        0  st7735.o(i.ST7735_DrawPixel)
    i.ST7735_DrawString                      0x00002984   Section        0  st7735.o(i.ST7735_DrawString)
    i.ST7735_FillRect                        0x000029dc   Section        0  st7735.o(i.ST7735_FillRect)
    i.ST7735_FillScreen                      0x00002a88   Section        0  st7735.o(i.ST7735_FillScreen)
    i.ST7735_InitR                           0x00002aac   Section        0  st7735.o(i.ST7735_InitR)
    i.ST7735_Message                         0x00002b34   Section        0  st7735.o(i.ST7735_Message)
    i.ST7735_OutChar                         0x00002bdc   Section        0  st7735.o(i.ST7735_OutChar)
    i.ST7735_OutUDec                         0x00002cb0   Section        0  st7735.o(i.ST7735_OutUDec)
    i.ST7735_SetCursor                       0x00002d3c   Section        0  st7735.o(i.ST7735_SetCursor)
    i.SW1Push                                0x00002d5c   Section        0  lab3.o(i.SW1Push)
    i.SW2Push                                0x00002d88   Section        0  lab3.o(i.SW2Push)
    i.SysTick_Handler                        0x00002db4   Section        0  os.o(i.SysTick_Handler)
    i.SysTick_Init                           0x00002dd0   Section        0  os.o(i.SysTick_Init)
    i.Timer3A_Handler                        0x00002dfc   Section        0  os.o(i.Timer3A_Handler)
    i.Timer4A_Handler                        0x00002e14   Section        0  os.o(i.Timer4A_Handler)
    i.Timer5A_Handler                        0x00002e2c   Section        0  timer5a.o(i.Timer5A_Handler)
    i.Timer5A_Init                           0x00002e44   Section        0  timer5a.o(i.Timer5A_Init)
    i.TxFifo_Get                             0x00002ea4   Section        0  uart0int.o(i.TxFifo_Get)
    i.TxFifo_Init                            0x00002ee0   Section        0  uart0int.o(i.TxFifo_Init)
    i.TxFifo_Put                             0x00002ef4   Section        0  uart0int.o(i.TxFifo_Put)
    i.TxFifo_Size                            0x00002f30   Section        0  uart0int.o(i.TxFifo_Size)
    i.UART0_Handler                          0x00002f48   Section        0  uart0int.o(i.UART0_Handler)
    i.UART_InChar                            0x00002fa0   Section        0  uart0int.o(i.UART_InChar)
    i.UART_InString                          0x00002fc0   Section        0  uart0int.o(i.UART_InString)
    i.UART_Init                              0x00003008   Section        0  uart0int.o(i.UART_Init)
    i.UART_OutChar                           0x000030d0   Section        0  uart0int.o(i.UART_OutChar)
    i.UART_OutString                         0x0000310c   Section        0  uart0int.o(i.UART_OutString)
    i.UART_OutUDec                           0x00003124   Section        0  uart0int.o(i.UART_OutUDec)
    i.WDTimer0A_task                         0x00003150   Section        0  os.o(i.WDTimer0A_task)
    i.WideTimer0A_Handler                    0x000031b8   Section        0  wtimer0a.o(i.WideTimer0A_Handler)
    i.WideTimer0A_Init                       0x000031d0   Section        0  wtimer0a.o(i.WideTimer0A_Init)
    i.__aeabi_errno_addr                     0x00003234   Section        0  errno.o(i.__aeabi_errno_addr)
    i.__scatterload_copy                     0x0000323c   Section       14  handlers.o(i.__scatterload_copy)
    i.__scatterload_null                     0x0000324a   Section        2  handlers.o(i.__scatterload_null)
    i.__scatterload_zeroinit                 0x0000324c   Section       14  handlers.o(i.__scatterload_zeroinit)
    i.commandList                            0x0000325a   Section        0  st7735.o(i.commandList)
    commandList                              0x0000325b   Thumb Code    86  st7735.o(i.commandList)
    i.commonInit                             0x000032b0   Section        0  st7735.o(i.commonInit)
    commonInit                               0x000032b1   Thumb Code   346  st7735.o(i.commonInit)
    i.copyHardwareToSoftware                 0x0000343c   Section        0  uart0int.o(i.copyHardwareToSoftware)
    copyHardwareToSoftware                   0x0000343d   Thumb Code    46  uart0int.o(i.copyHardwareToSoftware)
    i.copySoftwareToHardware                 0x00003474   Section        0  uart0int.o(i.copySoftwareToHardware)
    copySoftwareToHardware                   0x00003475   Thumb Code    44  uart0int.o(i.copySoftwareToHardware)
    i.dummyADC                               0x000034a8   Section        0  adct0atrigger.o(i.dummyADC)
    i.fillmessage                            0x000034ac   Section        0  st7735.o(i.fillmessage)
    i.main                                   0x000034f4   Section        0  lab3.o(i.main)
    i.malloc                                 0x00003500   Section        0  malloc.o(i.malloc)
    i.pushColor                              0x0000356c   Section        0  st7735.o(i.pushColor)
    pushColor                                0x0000356d   Thumb Code    18  st7735.o(i.pushColor)
    i.realmain                               0x00003580   Section        0  lab3.o(i.realmain)
    i.setAddrWindow                          0x00003670   Section        0  st7735.o(i.setAddrWindow)
    setAddrWindow                            0x00003671   Thumb Code   106  st7735.o(i.setAddrWindow)
    i.writecommand                           0x000036e4   Section        0  st7735.o(i.writecommand)
    writecommand                             0x000036e5   Thumb Code    68  st7735.o(i.writecommand)
    i.writedata                              0x00003734   Section        0  st7735.o(i.writedata)
    writedata                                0x00003735   Thumb Code    70  st7735.o(i.writedata)
    .constdata                               0x00003788   Section        8  os.o(.constdata)
    .constdata                               0x00003790   Section     2114  st7735.o(.constdata)
    Font                                     0x00003790   Data        1275  st7735.o(.constdata)
    Bcmd                                     0x00003c8b   Data         103  st7735.o(.constdata)
    Rcmd1                                    0x00003cf2   Data          59  st7735.o(.constdata)
    Rcmd2green                               0x00003d2d   Data          13  st7735.o(.constdata)
    Rcmd2red                                 0x00003d3a   Data          13  st7735.o(.constdata)
    Rcmd3                                    0x00003d47   Data          43  st7735.o(.constdata)
    .constdata                               0x00003fd4   Section       64  irdistance.o(.constdata)
    .constdata                               0x00004014   Section      129  ctype_o.o(.constdata)
    .constdata                               0x00004098   Section        4  ctype_o.o(.constdata)
    table                                    0x00004098   Data           4  ctype_o.o(.constdata)
    .data                                    0x20000000   Section       52  os.o(.data)
    .data                                    0x20000034   Section       44  st7735.o(.data)
    ColStart                                 0x2000003e   Data           1  st7735.o(.data)
    RowStart                                 0x2000003f   Data           1  st7735.o(.data)
    Rotation                                 0x20000040   Data           1  st7735.o(.data)
    TabColor                                 0x20000041   Data           1  st7735.o(.data)
    _width                                   0x20000042   Data           2  st7735.o(.data)
    _height                                  0x20000044   Data           2  st7735.o(.data)
    .data                                    0x20000060   Section        8  adct0atrigger.o(.data)
    .data                                    0x20000068   Section      156  lpf.o(.data)
    n                                        0x20000100   Data           4  lpf.o(.data)
    .data                                    0x20000104   Section        4  wtimer0a.o(.data)
    .data                                    0x20000108   Section       16  uart0int.o(.data)
    .data                                    0x20000118   Section      148  lab3.o(.data)
    LastTime                                 0x20000194   Data           4  lab3.o(.data)
    err                                      0x20000198   Data           2  lab3.o(.data)
    i                                        0x2000019c   Data           4  lab3.o(.data)
    LastTime                                 0x200001a0   Data           4  lab3.o(.data)
    LastTime                                 0x200001a4   Data           4  lab3.o(.data)
    result                                   0x200001a8   Data           4  lab3.o(.data)
    .data                                    0x200001ac   Section        4  timer5a.o(.data)
    .data                                    0x200001b0   Section        4  strtok.o(.data)
    state                                    0x200001b0   Data           4  strtok.o(.data)
    .data                                    0x200001b4   Section        4  mvars.o(.data)
    .data                                    0x200001b8   Section        4  mvars.o(.data)
    .data                                    0x200001bc   Section        4  errno.o(.data)
    _errno                                   0x200001bc   Data           4  errno.o(.data)
    .bss                                     0x200001c0   Section    22352  os.o(.bss)
    .bss                                     0x20005910   Section       12  st7735.o(.bss)
    .bss                                     0x2000591c   Section      496  lpf.o(.bss)
    x                                        0x20005adc   Data          24  lpf.o(.bss)
    y                                        0x20005af4   Data          24  lpf.o(.bss)
    .bss                                     0x20005b0c   Section     2048  uart0int.o(.bss)
    RxFifo                                   0x20005b0c   Data        1024  uart0int.o(.bss)
    TxFifo                                   0x20005f0c   Data        1024  uart0int.o(.bss)
    .bss                                     0x2000630c   Section      656  lab3.o(.bss)
    HEAP                                     0x200065a0   Section        0  startup.o(HEAP)
    STACK                                    0x200065a0   Section     1024  startup.o(STACK)
    StackMem                                 0x200065a0   Data           0  startup.o(STACK)

    Global Symbols

    Symbol Name                              Value     Ov Type        Size  Object(Section)

    BuildAttributes$$THM_ISAv4$E$P$D$K$B$S$7EM$PE$A:L22UL41UL21$X:L11$S22US41US21$IEEE1$IW$USESV6$~STKCKD$USESV7$~SHL$OSPACE$EBA8$MICROLIB$REQ8$PRES8$EABIv2 0x00000000   Number         0  anon$$obj.o ABSOLUTE
    __ARM_use_no_argv                        0x00000000   Number         0  lab3.o ABSOLUTE
    __Vectors                                0x00000000   Data           0  startup.o(RESET)
    __arm_fini_                               - Undefined Weak Reference
    __cpp_initialize__aeabi_                  - Undefined Weak Reference
    __cxa_finalize                            - Undefined Weak Reference
    _clock_init                               - Undefined Weak Reference
    _microlib_exit                            - Undefined Weak Reference
    Reset_Handler                            0x0000026d   Thumb Code     0  startup.o(RESET)
    NMI_Handler                              0x00000271   Thumb Code     2  startup.o(RESET)
    HardFault_Handler                        0x00000273   Thumb Code     2  startup.o(RESET)
    MemManage_Handler                        0x00000275   Thumb Code     2  startup.o(RESET)
    BusFault_Handler                         0x00000277   Thumb Code     2  startup.o(RESET)
    UsageFault_Handler                       0x00000279   Thumb Code     2  startup.o(RESET)
    DebugMon_Handler                         0x0000027d   Thumb Code     2  startup.o(RESET)
    ADC0Seq1_Handler                         0x00000283   Thumb Code     0  startup.o(RESET)
    ADC0Seq2_Handler                         0x00000283   Thumb Code     0  startup.o(RESET)
    ADC1Seq0_Handler                         0x00000283   Thumb Code     0  startup.o(RESET)
    ADC1Seq1_Handler                         0x00000283   Thumb Code     0  startup.o(RESET)
    ADC1Seq2_Handler                         0x00000283   Thumb Code     0  startup.o(RESET)
    ADC1Seq3_Handler                         0x00000283   Thumb Code     0  startup.o(RESET)
    CAN0_Handler                             0x00000283   Thumb Code     0  startup.o(RESET)
    CAN1_Handler                             0x00000283   Thumb Code     0  startup.o(RESET)
    CAN2_Handler                             0x00000283   Thumb Code     0  startup.o(RESET)
    Comp0_Handler                            0x00000283   Thumb Code     0  startup.o(RESET)
    Comp1_Handler                            0x00000283   Thumb Code     0  startup.o(RESET)
    Comp2_Handler                            0x00000283   Thumb Code     0  startup.o(RESET)
    Ethernet_Handler                         0x00000283   Thumb Code     0  startup.o(RESET)
    ExtBus_Handler                           0x00000283   Thumb Code     0  startup.o(RESET)
    FPU_Handler                              0x00000283   Thumb Code     0  startup.o(RESET)
    Fan0_Handler                             0x00000283   Thumb Code     0  startup.o(RESET)
    FlashCtl_Handler                         0x00000283   Thumb Code     0  startup.o(RESET)
    GPIOPortA_Handler                        0x00000283   Thumb Code     0  startup.o(RESET)
    GPIOPortB_Handler                        0x00000283   Thumb Code     0  startup.o(RESET)
    GPIOPortC_Handler                        0x00000283   Thumb Code     0  startup.o(RESET)
    GPIOPortD_Handler                        0x00000283   Thumb Code     0  startup.o(RESET)
    GPIOPortE_Handler                        0x00000283   Thumb Code     0  startup.o(RESET)
    GPIOPortG_Handler                        0x00000283   Thumb Code     0  startup.o(RESET)
    GPIOPortH_Handler                        0x00000283   Thumb Code     0  startup.o(RESET)
    GPIOPortJ_Handler                        0x00000283   Thumb Code     0  startup.o(RESET)
    GPIOPortK_Handler                        0x00000283   Thumb Code     0  startup.o(RESET)
    GPIOPortL_Handler                        0x00000283   Thumb Code     0  startup.o(RESET)
    GPIOPortM_Handler                        0x00000283   Thumb Code     0  startup.o(RESET)
    GPIOPortN_Handler                        0x00000283   Thumb Code     0  startup.o(RESET)
    GPIOPortP1_Handler                       0x00000283   Thumb Code     0  startup.o(RESET)
    GPIOPortP2_Handler                       0x00000283   Thumb Code     0  startup.o(RESET)
    GPIOPortP3_Handler                       0x00000283   Thumb Code     0  startup.o(RESET)
    GPIOPortP4_Handler                       0x00000283   Thumb Code     0  startup.o(RESET)
    GPIOPortP5_Handler                       0x00000283   Thumb Code     0  startup.o(RESET)
    GPIOPortP6_Handler                       0x00000283   Thumb Code     0  startup.o(RESET)
    GPIOPortP7_Handler                       0x00000283   Thumb Code     0  startup.o(RESET)
    GPIOPortP_Handler                        0x00000283   Thumb Code     0  startup.o(RESET)
    GPIOPortQ1_Handler                       0x00000283   Thumb Code     0  startup.o(RESET)
    GPIOPortQ2_Handler                       0x00000283   Thumb Code     0  startup.o(RESET)
    GPIOPortQ3_Handler                       0x00000283   Thumb Code     0  startup.o(RESET)
    GPIOPortQ4_Handler                       0x00000283   Thumb Code     0  startup.o(RESET)
    GPIOPortQ5_Handler                       0x00000283   Thumb Code     0  startup.o(RESET)
    GPIOPortQ6_Handler                       0x00000283   Thumb Code     0  startup.o(RESET)
    GPIOPortQ7_Handler                       0x00000283   Thumb Code     0  startup.o(RESET)
    GPIOPortQ_Handler                        0x00000283   Thumb Code     0  startup.o(RESET)
    GPIOPortR_Handler                        0x00000283   Thumb Code     0  startup.o(RESET)
    GPIOPortS_Handler                        0x00000283   Thumb Code     0  startup.o(RESET)
    Hibernate_Handler                        0x00000283   Thumb Code     0  startup.o(RESET)
    I2C0_Handler                             0x00000283   Thumb Code     0  startup.o(RESET)
    I2C1_Handler                             0x00000283   Thumb Code     0  startup.o(RESET)
    I2C2_Handler                             0x00000283   Thumb Code     0  startup.o(RESET)
    I2C3_Handler                             0x00000283   Thumb Code     0  startup.o(RESET)
    I2C4_Handler                             0x00000283   Thumb Code     0  startup.o(RESET)
    I2C5_Handler                             0x00000283   Thumb Code     0  startup.o(RESET)
    I2S0_Handler                             0x00000283   Thumb Code     0  startup.o(RESET)
    LPC0_Handler                             0x00000283   Thumb Code     0  startup.o(RESET)
    PECI0_Handler                            0x00000283   Thumb Code     0  startup.o(RESET)
    PWM0Fault_Handler                        0x00000283   Thumb Code     0  startup.o(RESET)
    PWM0Generator0_Handler                   0x00000283   Thumb Code     0  startup.o(RESET)
    PWM0Generator1_Handler                   0x00000283   Thumb Code     0  startup.o(RESET)
    PWM0Generator2_Handler                   0x00000283   Thumb Code     0  startup.o(RESET)
    PWM0Generator3_Handler                   0x00000283   Thumb Code     0  startup.o(RESET)
    PWM1Fault_Handler                        0x00000283   Thumb Code     0  startup.o(RESET)
    PWM1Generator0_Handler                   0x00000283   Thumb Code     0  startup.o(RESET)
    PWM1Generator1_Handler                   0x00000283   Thumb Code     0  startup.o(RESET)
    PWM1Generator2_Handler                   0x00000283   Thumb Code     0  startup.o(RESET)
    PWM1Generator3_Handler                   0x00000283   Thumb Code     0  startup.o(RESET)
    Quadrature0_Handler                      0x00000283   Thumb Code     0  startup.o(RESET)
    Quadrature1_Handler                      0x00000283   Thumb Code     0  startup.o(RESET)
    Quadrature2_Handler                      0x00000283   Thumb Code     0  startup.o(RESET)
    SSI0_Handler                             0x00000283   Thumb Code     0  startup.o(RESET)
    SSI1_Handler                             0x00000283   Thumb Code     0  startup.o(RESET)
    SSI2_Handler                             0x00000283   Thumb Code     0  startup.o(RESET)
    SSI3_Handler                             0x00000283   Thumb Code     0  startup.o(RESET)
    SysCtl_Handler                           0x00000283   Thumb Code     0  startup.o(RESET)
    Timer0A_Handler                          0x00000283   Thumb Code     0  startup.o(RESET)
    Timer0B_Handler                          0x00000283   Thumb Code     0  startup.o(RESET)
    Timer1A_Handler                          0x00000283   Thumb Code     0  startup.o(RESET)
    Timer1B_Handler                          0x00000283   Thumb Code     0  startup.o(RESET)
    Timer2A_Handler                          0x00000283   Thumb Code     0  startup.o(RESET)
    Timer2B_Handler                          0x00000283   Thumb Code     0  startup.o(RESET)
    Timer3B_Handler                          0x00000283   Thumb Code     0  startup.o(RESET)
    Timer4B_Handler                          0x00000283   Thumb Code     0  startup.o(RESET)
    Timer5B_Handler                          0x00000283   Thumb Code     0  startup.o(RESET)
    UART1_Handler                            0x00000283   Thumb Code     0  startup.o(RESET)
    UART2_Handler                            0x00000283   Thumb Code     0  startup.o(RESET)
    UART3_Handler                            0x00000283   Thumb Code     0  startup.o(RESET)
    UART4_Handler                            0x00000283   Thumb Code     0  startup.o(RESET)
    UART5_Handler                            0x00000283   Thumb Code     0  startup.o(RESET)
    UART6_Handler                            0x00000283   Thumb Code     0  startup.o(RESET)
    UART7_Handler                            0x00000283   Thumb Code     0  startup.o(RESET)
    USB0_Handler                             0x00000283   Thumb Code     0  startup.o(RESET)
    WDT_Handler                              0x00000283   Thumb Code     0  startup.o(RESET)
    WideTimer0B_Handler                      0x00000283   Thumb Code     0  startup.o(RESET)
    WideTimer1A_Handler                      0x00000283   Thumb Code     0  startup.o(RESET)
    WideTimer1B_Handler                      0x00000283   Thumb Code     0  startup.o(RESET)
    WideTimer2A_Handler                      0x00000283   Thumb Code     0  startup.o(RESET)
    WideTimer2B_Handler                      0x00000283   Thumb Code     0  startup.o(RESET)
    WideTimer3A_Handler                      0x00000283   Thumb Code     0  startup.o(RESET)
    WideTimer3B_Handler                      0x00000283   Thumb Code     0  startup.o(RESET)
    WideTimer4A_Handler                      0x00000283   Thumb Code     0  startup.o(RESET)
    WideTimer4B_Handler                      0x00000283   Thumb Code     0  startup.o(RESET)
    WideTimer5A_Handler                      0x00000283   Thumb Code     0  startup.o(RESET)
    WideTimer5B_Handler                      0x00000283   Thumb Code     0  startup.o(RESET)
    uDMA_Error                               0x00000283   Thumb Code     0  startup.o(RESET)
    uDMA_Handler                             0x00000283   Thumb Code     0  startup.o(RESET)
    __main                                   0x00000285   Thumb Code     0  entry.o(.ARM.Collect$$$$00000000)
    _main_stk                                0x00000285   Thumb Code     0  entry2.o(.ARM.Collect$$$$00000001)
    _main_scatterload                        0x00000289   Thumb Code     0  entry5.o(.ARM.Collect$$$$00000004)
    __main_after_scatterload                 0x0000028d   Thumb Code     0  entry5.o(.ARM.Collect$$$$00000004)
    _main_clock                              0x0000028d   Thumb Code     0  entry7b.o(.ARM.Collect$$$$00000008)
    _main_cpp_init                           0x0000028d   Thumb Code     0  entry8b.o(.ARM.Collect$$$$0000000A)
    _main_init                               0x0000028d   Thumb Code     0  entry9a.o(.ARM.Collect$$$$0000000B)
    __rt_lib_shutdown_fini                   0x00000295   Thumb Code     0  entry12b.o(.ARM.Collect$$$$0000000E)
    __rt_final_cpp                           0x00000299   Thumb Code     0  entry10a.o(.ARM.Collect$$$$0000000F)
    __rt_final_exit                          0x00000299   Thumb Code     0  entry11a.o(.ARM.Collect$$$$00000011)
    DisableInterrupts                        0x0000029d   Thumb Code     0  startup.o(.text)
    EnableInterrupts                         0x000002a1   Thumb Code     0  startup.o(.text)
    StartCritical                            0x000002a5   Thumb Code     0  startup.o(.text)
    EndCritical                              0x000002ad   Thumb Code     0  startup.o(.text)
    WaitForInterrupt                         0x000002b3   Thumb Code     0  startup.o(.text)
    cr4_fft_64_stm32                         0x000002b9   Thumb Code     0  cr4_fft_64_stm32.o(.text)
    PID_stm32                                0x00000589   Thumb Code     0  pid_stm32.o(.text)
    StartOS                                  0x000005d1   Thumb Code     0  osasm.o(.text)
    ContextSwitch                            0x000005f3   Thumb Code     0  osasm.o(.text)
    PendSV_Handler                           0x000005fd   Thumb Code     0  osasm.o(.text)
    SVC_Handler                              0x0000061d   Thumb Code     0  osasm.o(.text)
    strlen                                   0x0000062d   Thumb Code    14  strlen.o(.text)
    strcmp                                   0x0000063b   Thumb Code    28  strcmp.o(.text)
    strtok                                   0x00000659   Thumb Code    62  strtok.o(.text)
    strtol                                   0x0000069d   Thumb Code   112  strtol.o(.text)
    __rt_ctype_table                         0x0000070d   Thumb Code     4  ctype_o.o(.text)
    _strtoul                                 0x00000715   Thumb Code   158  _strtoul.o(.text)
    __scatterload                            0x000007b5   Thumb Code    28  init.o(.text)
    __scatterload_rt2                        0x000007b5   Thumb Code     0  init.o(.text)
    _chval                                   0x000007d9   Thumb Code    28  _chval.o(.text)
    __decompress                             0x000007f5   Thumb Code     0  __dczerorl.o(.text)
    __decompress0                            0x000007f5   Thumb Code    58  __dczerorl.o(.text)
    ADC0Seq0_Handler                         0x00000831   Thumb Code    26  adct0atrigger.o(i.ADC0Seq0_Handler)
    ADC0Seq3_Handler                         0x00000855   Thumb Code    18  adct0atrigger.o(i.ADC0Seq3_Handler)
    ADC0_InitTimer0ATriggerSeq0              0x00000871   Thumb Code  1112  adct0atrigger.o(i.ADC0_InitTimer0ATriggerSeq0)
    ADC_In                                   0x00000cd1   Thumb Code    38  adc.o(i.ADC_In)
    ADC_Init                                 0x00000cfd   Thumb Code   954  adc.o(i.ADC_Init)
    AddtoReady                               0x000010e1   Thumb Code   194  os.o(i.AddtoReady)
    AddtoSema4                               0x000011ad   Thumb Code   120  os.o(i.AddtoSema4)
    ButtonWork                               0x00001229   Thumb Code   112  lab3.o(i.ButtonWork)
    CS_Init                                  0x000012ed   Thumb Code   118  edisk.o(i.CS_Init)
    Consumer                                 0x00001379   Thumb Code   108  lab3.o(i.Consumer)
    DAS                                      0x00001401   Thumb Code   180  lab3.o(i.DAS)
    Delay1ms                                 0x000014d5   Thumb Code    32  st7735.o(i.Delay1ms)
    Display                                  0x000014f5   Thumb Code    96  lab3.o(i.Display)
    Filter                                   0x00001579   Thumb Code   186  lpf.o(i.Filter)
    GPIOPortF_Handler                        0x00001641   Thumb Code    52  os.o(i.GPIOPortF_Handler)
    IRDistance_Convert                       0x00001681   Thumb Code    46  irdistance.o(i.IRDistance_Convert)
    Idle                                     0x000016c1   Thumb Code    64  lab3.o(i.Idle)
    Interpreter                              0x00001715   Thumb Code   682  interpreter.o(i.Interpreter)
    Jitter                                   0x00001b61   Thumb Code   182  interpreter.o(i.Jitter)
    OSTtask                                  0x00001c45   Thumb Code    22  os.o(i.OSTtask)
    OS_AddPeriodicThread                     0x00001c65   Thumb Code   234  os.o(i.OS_AddPeriodicThread)
    OS_AddSW1Task                            0x00001d71   Thumb Code   204  os.o(i.OS_AddSW1Task)
    OS_AddSW2Task                            0x00001e55   Thumb Code   220  os.o(i.OS_AddSW2Task)
    OS_AddThread                             0x00001f4d   Thumb Code   552  os.o(i.OS_AddThread)
    OS_ClearMsTime                           0x00002181   Thumb Code    52  os.o(i.OS_ClearMsTime)
    OS_Fifo_Get                              0x000021c9   Thumb Code    78  os.o(i.OS_Fifo_Get)
    OS_Fifo_Init                             0x00002221   Thumb Code    44  os.o(i.OS_Fifo_Init)
    OS_Fifo_Put                              0x00002251   Thumb Code    56  os.o(i.OS_Fifo_Put)
    OS_Id                                    0x00002291   Thumb Code     4  os.o(i.OS_Id)
    OS_Init                                  0x00002295   Thumb Code   130  os.o(i.OS_Init)
    OS_InitSemaphore                         0x00002365   Thumb Code     4  os.o(i.OS_InitSemaphore)
    OS_Kill                                  0x00002369   Thumb Code    52  os.o(i.OS_Kill)
    OS_Launch                                0x000023a9   Thumb Code    28  os.o(i.OS_Launch)
    OS_MailBox_Init                          0x000023cd   Thumb Code    16  os.o(i.OS_MailBox_Init)
    OS_MailBox_Recv                          0x000023e1   Thumb Code    24  os.o(i.OS_MailBox_Recv)
    OS_MailBox_Send                          0x000023fd   Thumb Code    24  os.o(i.OS_MailBox_Send)
    OS_MsTime                                0x00002419   Thumb Code    36  os.o(i.OS_MsTime)
    OS_Signal                                0x00002451   Thumb Code    50  os.o(i.OS_Signal)
    OS_Sleep                                 0x00002485   Thumb Code    46  os.o(i.OS_Sleep)
    OS_Suspend                               0x000024bd   Thumb Code    48  os.o(i.OS_Suspend)
    OS_Time                                  0x000024f9   Thumb Code    26  os.o(i.OS_Time)
    OS_TimeDifference                        0x00002525   Thumb Code    12  os.o(i.OS_TimeDifference)
    OS_Wait                                  0x00002531   Thumb Code    60  os.o(i.OS_Wait)
    PID                                      0x00002575   Thumb Code    70  lab3.o(i.PID)
    PLL_Init                                 0x000025cd   Thumb Code   120  pll.o(i.PLL_Init)
    PortD_Init                               0x00002649   Thumb Code    88  lab3.o(i.PortD_Init)
    Producer                                 0x000026b1   Thumb Code    44  lab3.o(i.Producer)
    RemovefromReady                          0x000026e5   Thumb Code   100  os.o(i.RemovefromReady)
    RemovefromSema4                          0x00002751   Thumb Code    54  os.o(i.RemovefromSema4)
    RxFifo_Get                               0x00002789   Thumb Code    46  uart0int.o(i.RxFifo_Get)
    RxFifo_Init                              0x000027c5   Thumb Code    12  uart0int.o(i.RxFifo_Init)
    RxFifo_Put                               0x000027d9   Thumb Code    48  uart0int.o(i.RxFifo_Put)
    RxFifo_Size                              0x00002815   Thumb Code    14  uart0int.o(i.RxFifo_Size)
    ST7735_Color565                          0x0000282d   Thumb Code    24  st7735.o(i.ST7735_Color565)
    ST7735_DrawCharS                         0x00002845   Thumb Code   236  st7735.o(i.ST7735_DrawCharS)
    ST7735_DrawPixel                         0x0000293d   Thumb Code    64  st7735.o(i.ST7735_DrawPixel)
    ST7735_DrawString                        0x00002985   Thumb Code    86  st7735.o(i.ST7735_DrawString)
    ST7735_FillRect                          0x000029dd   Thumb Code   164  st7735.o(i.ST7735_FillRect)
    ST7735_FillScreen                        0x00002a89   Thumb Code    28  st7735.o(i.ST7735_FillScreen)
    ST7735_InitR                             0x00002aad   Thumb Code    98  st7735.o(i.ST7735_InitR)
    ST7735_Message                           0x00002b35   Thumb Code   162  st7735.o(i.ST7735_Message)
    ST7735_OutChar                           0x00002bdd   Thumb Code   176  st7735.o(i.ST7735_OutChar)
    ST7735_OutUDec                           0x00002cb1   Thumb Code   118  st7735.o(i.ST7735_OutUDec)
    ST7735_SetCursor                         0x00002d3d   Thumb Code    22  st7735.o(i.ST7735_SetCursor)
    SW1Push                                  0x00002d5d   Thumb Code    34  lab3.o(i.SW1Push)
    SW2Push                                  0x00002d89   Thumb Code    34  lab3.o(i.SW2Push)
    SysTick_Handler                          0x00002db5   Thumb Code    18  os.o(i.SysTick_Handler)
    SysTick_Init                             0x00002dd1   Thumb Code    38  os.o(i.SysTick_Init)
    Timer3A_Handler                          0x00002dfd   Thumb Code    16  os.o(i.Timer3A_Handler)
    Timer4A_Handler                          0x00002e15   Thumb Code    16  os.o(i.Timer4A_Handler)
    Timer5A_Handler                          0x00002e2d   Thumb Code    16  timer5a.o(i.Timer5A_Handler)
    Timer5A_Init                             0x00002e45   Thumb Code    76  timer5a.o(i.Timer5A_Init)
    TxFifo_Get                               0x00002ea5   Thumb Code    46  uart0int.o(i.TxFifo_Get)
    TxFifo_Init                              0x00002ee1   Thumb Code    12  uart0int.o(i.TxFifo_Init)
    TxFifo_Put                               0x00002ef5   Thumb Code    48  uart0int.o(i.TxFifo_Put)
    TxFifo_Size                              0x00002f31   Thumb Code    14  uart0int.o(i.TxFifo_Size)
    UART0_Handler                            0x00002f49   Thumb Code    82  uart0int.o(i.UART0_Handler)
    UART_InChar                              0x00002fa1   Thumb Code    26  uart0int.o(i.UART_InChar)
    UART_InString                            0x00002fc1   Thumb Code    70  uart0int.o(i.UART_InString)
    UART_Init                                0x00003009   Thumb Code   174  uart0int.o(i.UART_Init)
    UART_OutChar                             0x000030d1   Thumb Code    52  uart0int.o(i.UART_OutChar)
    UART_OutString                           0x0000310d   Thumb Code    24  uart0int.o(i.UART_OutString)
    UART_OutUDec                             0x00003125   Thumb Code    42  uart0int.o(i.UART_OutUDec)
    WDTimer0A_task                           0x00003151   Thumb Code    94  os.o(i.WDTimer0A_task)
    WideTimer0A_Handler                      0x000031b9   Thumb Code    16  wtimer0a.o(i.WideTimer0A_Handler)
    WideTimer0A_Init                         0x000031d1   Thumb Code    78  wtimer0a.o(i.WideTimer0A_Init)
    __aeabi_errno_addr                       0x00003235   Thumb Code     4  errno.o(i.__aeabi_errno_addr)
    __rt_errno_addr                          0x00003235   Thumb Code     0  errno.o(i.__aeabi_errno_addr)
    __scatterload_copy                       0x0000323d   Thumb Code    14  handlers.o(i.__scatterload_copy)
    __scatterload_null                       0x0000324b   Thumb Code     2  handlers.o(i.__scatterload_null)
    __scatterload_zeroinit                   0x0000324d   Thumb Code    14  handlers.o(i.__scatterload_zeroinit)
    dummyADC                                 0x000034a9   Thumb Code     2  adct0atrigger.o(i.dummyADC)
    fillmessage                              0x000034ad   Thumb Code    64  st7735.o(i.fillmessage)
    main                                     0x000034f5   Thumb Code    10  lab3.o(i.main)
    malloc                                   0x00003501   Thumb Code    92  malloc.o(i.malloc)
    realmain                                 0x00003581   Thumb Code   170  lab3.o(i.realmain)
    JitterSize                               0x00003788   Data           4  os.o(.constdata)
    JitterSize2                              0x0000378c   Data           4  os.o(.constdata)
    smallCircle                              0x00003d72   Data          36  st7735.o(.constdata)
    circle                                   0x00003d96   Data          60  st7735.o(.constdata)
    dBfs                                     0x00003dd2   Data         512  st7735.o(.constdata)
    A                                        0x00003fd4   Data          16  irdistance.o(.constdata)
    B                                        0x00003fe4   Data          16  irdistance.o(.constdata)
    C                                        0x00003ff4   Data          16  irdistance.o(.constdata)
    IRmax                                    0x00004004   Data          16  irdistance.o(.constdata)
    __ctype_table                            0x00004014   Data         129  ctype_o.o(.constdata)
    Region$$Table$$Base                      0x0000409c   Number         0  anon$$obj.o(Region$$Table)
    Region$$Table$$Limit                     0x000040bc   Number         0  anon$$obj.o(Region$$Table)
    MaxJitter                                0x20000000   Data           4  os.o(.data)
    MaxJitter2                               0x20000004   Data           4  os.o(.data)
    OStime_round                             0x20000008   Data           4  os.o(.data)
    OStime_Task1                             0x2000000c   Data           4  os.o(.data)
    OStime_ms                                0x20000010   Data           4  os.o(.data)
    SW_task1                                 0x20000014   Data           4  os.o(.data)
    SW_task2                                 0x20000018   Data           4  os.o(.data)
    PeriodicTask4                            0x2000001c   Data           4  os.o(.data)
    PeriodicTask3                            0x20000020   Data           4  os.o(.data)
    ReadyCreated                             0x20000024   Data           4  os.o(.data)
    RunPt                                    0x20000028   Data           4  os.o(.data)
    SchPt                                    0x2000002c   Data           4  os.o(.data)
    StreamToDevice                           0x20000030   Data           4  os.o(.data)
    StX                                      0x20000034   Data           4  st7735.o(.data)
    StY                                      0x20000038   Data           4  st7735.o(.data)
    StTextColor                              0x2000003c   Data           2  st7735.o(.data)
    Messageindex                             0x20000048   Data           4  st7735.o(.data)
    Ymax                                     0x2000004c   Data           4  st7735.o(.data)
    Ymin                                     0x20000050   Data           4  st7735.o(.data)
    X                                        0x20000054   Data           4  st7735.o(.data)
    Yrange                                   0x20000058   Data           4  st7735.o(.data)
    lastj                                    0x2000005c   Data           4  st7735.o(.data)
    ADCTask                                  0x20000060   Data           4  adct0atrigger.o(.data)
    PD3data                                  0x20000064   Data           4  adct0atrigger.o(.data)
    Size1                                    0x20000068   Data           4  lpf.o(.data)
    I1                                       0x2000006c   Data           4  lpf.o(.data)
    LPFSum1                                  0x20000070   Data           4  lpf.o(.data)
    sigma1                                   0x20000074   Data           4  lpf.o(.data)
    snr1                                     0x20000078   Data           4  lpf.o(.data)
    Size2                                    0x2000007c   Data           4  lpf.o(.data)
    I2                                       0x20000080   Data           4  lpf.o(.data)
    LPFSum2                                  0x20000084   Data           4  lpf.o(.data)
    sigma2                                   0x20000088   Data           4  lpf.o(.data)
    snr2                                     0x2000008c   Data           4  lpf.o(.data)
    Size3                                    0x20000090   Data           4  lpf.o(.data)
    I3                                       0x20000094   Data           4  lpf.o(.data)
    LPFSum3                                  0x20000098   Data           4  lpf.o(.data)
    sigma3                                   0x2000009c   Data           4  lpf.o(.data)
    snr3                                     0x200000a0   Data           4  lpf.o(.data)
    Size4                                    0x200000a4   Data           4  lpf.o(.data)
    I4                                       0x200000a8   Data           4  lpf.o(.data)
    LPFSum4                                  0x200000ac   Data           4  lpf.o(.data)
    sigma4                                   0x200000b0   Data           4  lpf.o(.data)
    snr4                                     0x200000b4   Data           4  lpf.o(.data)
    Size5                                    0x200000b8   Data           4  lpf.o(.data)
    I5                                       0x200000bc   Data           4  lpf.o(.data)
    LPFSum5                                  0x200000c0   Data           4  lpf.o(.data)
    sigma5                                   0x200000c4   Data           4  lpf.o(.data)
    snr5                                     0x200000c8   Data           4  lpf.o(.data)
    Size6                                    0x200000cc   Data           4  lpf.o(.data)
    I6                                       0x200000d0   Data           4  lpf.o(.data)
    LPFSum6                                  0x200000d4   Data           4  lpf.o(.data)
    sigma6                                   0x200000d8   Data           4  lpf.o(.data)
    snr6                                     0x200000dc   Data           4  lpf.o(.data)
    Size7                                    0x200000e0   Data           4  lpf.o(.data)
    I7                                       0x200000e4   Data           4  lpf.o(.data)
    LPFSum7                                  0x200000e8   Data           4  lpf.o(.data)
    sigma7                                   0x200000ec   Data           4  lpf.o(.data)
    snr7                                     0x200000f0   Data           4  lpf.o(.data)
    u1                                       0x200000f4   Data           4  lpf.o(.data)
    u2                                       0x200000f8   Data           4  lpf.o(.data)
    u3                                       0x200000fc   Data           4  lpf.o(.data)
    WidePeriodicTask0                        0x20000104   Data           4  wtimer0a.o(.data)
    RxPutI                                   0x20000108   Data           4  uart0int.o(.data)
    RxGetI                                   0x2000010c   Data           4  uart0int.o(.data)
    TxPutI                                   0x20000110   Data           4  uart0int.o(.data)
    TxGetI                                   0x20000114   Data           4  uart0int.o(.data)
    BackCreated                              0x20000118   Data           4  lab3.o(.data)
    NumCreated                               0x2000011c   Data           4  lab3.o(.data)
    IdleCount                                0x20000120   Data           4  lab3.o(.data)
    PIDWork                                  0x20000124   Data           4  lab3.o(.data)
    FilterWork                               0x20000128   Data           4  lab3.o(.data)
    NumSamples                               0x2000012c   Data           4  lab3.o(.data)
    IdleCountRef                             0x20000130   Data           4  lab3.o(.data)
    CPUUtil                                  0x20000134   Data           4  lab3.o(.data)
    DataLost                                 0x20000138   Data           4  lab3.o(.data)
    DASoutput                                0x2000013c   Data           4  lab3.o(.data)
    thisTime                                 0x20000140   Data           4  lab3.o(.data)
    IntTerm                                  0x20000144   Data           2  lab3.o(.data)
    PrevError                                0x20000146   Data           2  lab3.o(.data)
    Coeff                                    0x20000148   Data           6  lab3.o(.data)
    Actuator                                 0x2000014e   Data           2  lab3.o(.data)
    Count1                                   0x20000150   Data           4  lab3.o(.data)
    Count2                                   0x20000154   Data           4  lab3.o(.data)
    Count3                                   0x20000158   Data           4  lab3.o(.data)
    Count4                                   0x2000015c   Data           4  lab3.o(.data)
    Count5                                   0x20000160   Data           4  lab3.o(.data)
    Lost                                     0x20000164   Data           4  lab3.o(.data)
    CountA                                   0x20000168   Data           4  lab3.o(.data)
    CountB                                   0x2000016c   Data           4  lab3.o(.data)
    SignalCount1                             0x20000170   Data           4  lab3.o(.data)
    SignalCount2                             0x20000174   Data           4  lab3.o(.data)
    SignalCount3                             0x20000178   Data           4  lab3.o(.data)
    WaitCount1                               0x2000017c   Data           4  lab3.o(.data)
    WaitCount2                               0x20000180   Data           4  lab3.o(.data)
    WaitCount3                               0x20000184   Data           4  lab3.o(.data)
    OtherCount1                              0x20000188   Data           4  lab3.o(.data)
    Expected8                                0x2000018c   Data           4  lab3.o(.data)
    Error8                                   0x20000190   Data           4  lab3.o(.data)
    PeriodicTask5                            0x200001ac   Data           4  timer5a.o(.data)
    __microlib_freelist                      0x200001b4   Data           4  mvars.o(.data)
    __microlib_freelist_initialised          0x200001b8   Data           4  mvars.o(.data)
    JitterHistogram                          0x200001c0   Data         256  os.o(.bss)
    JitterHistogram2                         0x200002c0   Data         256  os.o(.bss)
    LCDFree                                  0x200003c0   Data          48  os.o(.bss)
    TxRoomLeft                               0x200003f0   Data          48  os.o(.bss)
    RxDataAvailable                          0x20000420   Data          48  os.o(.bss)
    OS_FIFO                                  0x20000450   Data         356  os.o(.bss)
    OS_MailBox                               0x200005b4   Data         100  os.o(.bss)
    TCB_pool                                 0x20000618   Data         360  os.o(.bss)
    Ready_pool                               0x20000780   Data          40  os.o(.bss)
    Block_pool                               0x200007a8   Data         360  os.o(.bss)
    STACK_pool                               0x20000910   Data       20480  os.o(.bss)
    Message                                  0x20005910   Data          12  st7735.o(.bss)
    x1                                       0x2000591c   Data          64  lpf.o(.bss)
    x2                                       0x2000595c   Data          64  lpf.o(.bss)
    x3                                       0x2000599c   Data          64  lpf.o(.bss)
    x4                                       0x200059dc   Data          64  lpf.o(.bss)
    x5                                       0x20005a1c   Data          64  lpf.o(.bss)
    x6                                       0x20005a5c   Data          64  lpf.o(.bss)
    x7                                       0x20005a9c   Data          64  lpf.o(.bss)
    x                                        0x2000630c   Data         256  lab3.o(.bss)
    y                                        0x2000640c   Data         256  lab3.o(.bss)
    Readyd                                   0x2000650c   Data          48  lab3.o(.bss)
    Readye                                   0x2000653c   Data          48  lab3.o(.bss)
    s                                        0x2000656c   Data          48  lab3.o(.bss)
    __heap_base                              0x200065a0   Data           0  startup.o(HEAP)
    __heap_limit                             0x200065a0   Data           0  startup.o(HEAP)
    __initial_sp                             0x200069a0   Data           0  startup.o(STACK)



==============================================================================

Memory Map of the image

  Image Entry point : 0x0000026d

  Load Region LR_1 (Base: 0x00000000, Size: 0x0000427c, Max: 0xffffffff, ABSOLUTE, COMPRESSED[0x000040d8])

    Execution Region ER_RO (Exec base: 0x00000000, Load base: 0x00000000, Size: 0x000040bc, Max: 0xffffffff, ABSOLUTE)

    Exec Addr    Load Addr    Size         Type   Attr      Idx    E Section Name        Object

    0x00000000   0x00000000   0x00000284   Code   RO            3  * RESET               startup.o
    0x00000284   0x00000284   0x00000000   Code   RO         1858  * .ARM.Collect$$$$00000000  mc_w.l(entry.o)
    0x00000284   0x00000284   0x00000004   Code   RO         1903    .ARM.Collect$$$$00000001  mc_w.l(entry2.o)
    0x00000288   0x00000288   0x00000004   Code   RO         1906    .ARM.Collect$$$$00000004  mc_w.l(entry5.o)
    0x0000028c   0x0000028c   0x00000000   Code   RO         1908    .ARM.Collect$$$$00000008  mc_w.l(entry7b.o)
    0x0000028c   0x0000028c   0x00000000   Code   RO         1910    .ARM.Collect$$$$0000000A  mc_w.l(entry8b.o)
    0x0000028c   0x0000028c   0x00000008   Code   RO         1911    .ARM.Collect$$$$0000000B  mc_w.l(entry9a.o)
    0x00000294   0x00000294   0x00000004   Code   RO         1918    .ARM.Collect$$$$0000000E  mc_w.l(entry12b.o)
    0x00000298   0x00000298   0x00000000   Code   RO         1913    .ARM.Collect$$$$0000000F  mc_w.l(entry10a.o)
    0x00000298   0x00000298   0x00000000   Code   RO         1915    .ARM.Collect$$$$00000011  mc_w.l(entry11a.o)
    0x00000298   0x00000298   0x00000004   Code   RO         1904    .ARM.Collect$$$$00002712  mc_w.l(entry2.o)
    0x0000029c   0x0000029c   0x0000001c   Code   RO            4    .text               startup.o
    0x000002b8   0x000002b8   0x000002ce   Code   RO         1238    .text               cr4_fft_64_stm32.o
    0x00000586   0x00000586   0x00000002   PAD
    0x00000588   0x00000588   0x00000048   Code   RO         1241    .text               pid_stm32.o
    0x000005d0   0x000005d0   0x0000005c   Code   RO         1244    .text               osasm.o
    0x0000062c   0x0000062c   0x0000000e   Code   RO         1861    .text               mc_w.l(strlen.o)
    0x0000063a   0x0000063a   0x0000001c   Code   RO         1863    .text               mc_w.l(strcmp.o)
    0x00000656   0x00000656   0x00000002   PAD
    0x00000658   0x00000658   0x00000044   Code   RO         1867    .text               mc_w.l(strtok.o)
    0x0000069c   0x0000069c   0x00000070   Code   RO         1901    .text               mc_w.l(strtol.o)
    0x0000070c   0x0000070c   0x00000008   Code   RO         1919    .text               mc_w.l(ctype_o.o)
    0x00000714   0x00000714   0x0000009e   Code   RO         1960    .text               mc_w.l(_strtoul.o)
    0x000007b2   0x000007b2   0x00000002   PAD
    0x000007b4   0x000007b4   0x00000024   Code   RO         1962    .text               mc_w.l(init.o)
    0x000007d8   0x000007d8   0x0000001c   Code   RO         1964    .text               mc_w.l(_chval.o)
    0x000007f4   0x000007f4   0x0000003a   Code   RO         1974    .text               mc_w.l(__dczerorl.o)
    0x0000082e   0x0000082e   0x00000002   PAD
    0x00000830   0x00000830   0x00000024   Code   RO          795    i.ADC0Seq0_Handler  adct0atrigger.o
    0x00000854   0x00000854   0x0000001c   Code   RO          796    i.ADC0Seq3_Handler  adct0atrigger.o
    0x00000870   0x00000870   0x00000460   Code   RO          797    i.ADC0_InitTimer0ATriggerSeq0  adct0atrigger.o
    0x00000cd0   0x00000cd0   0x0000002c   Code   RO         1813    i.ADC_In            adc.o
    0x00000cfc   0x00000cfc   0x000003e4   Code   RO         1814    i.ADC_Init          adc.o
    0x000010e0   0x000010e0   0x000000cc   Code   RO           12    i.AddtoReady        os.o
    0x000011ac   0x000011ac   0x0000007c   Code   RO           13    i.AddtoSema4        os.o
    0x00001228   0x00001228   0x000000c4   Code   RO         1428    i.ButtonWork        lab3.o
    0x000012ec   0x000012ec   0x0000008c   Code   RO         1015    i.CS_Init           edisk.o
    0x00001378   0x00001378   0x00000088   Code   RO         1429    i.Consumer          lab3.o
    0x00001400   0x00001400   0x000000d4   Code   RO         1431    i.DAS               lab3.o
    0x000014d4   0x000014d4   0x00000020   Code   RO          442    i.Delay1ms          st7735.o
    0x000014f4   0x000014f4   0x00000084   Code   RO         1432    i.Display           lab3.o
    0x00001578   0x00001578   0x000000c8   Code   RO          834    i.Filter            lpf.o
    0x00001640   0x00001640   0x00000040   Code   RO           14    i.GPIOPortF_Handler  os.o
    0x00001680   0x00001680   0x00000040   Code   RO         1408    i.IRDistance_Convert  irdistance.o
    0x000016c0   0x000016c0   0x00000054   Code   RO         1434    i.Idle              lab3.o
    0x00001714   0x00001714   0x0000044c   Code   RO          338    i.Interpreter       interpreter.o
    0x00001b60   0x00001b60   0x000000e4   Code   RO          339    i.Jitter            interpreter.o
    0x00001c44   0x00001c44   0x00000020   Code   RO           15    i.OSTtask           os.o
    0x00001c64   0x00001c64   0x0000010c   Code   RO           16    i.OS_AddPeriodicThread  os.o
    0x00001d70   0x00001d70   0x000000e4   Code   RO           18    i.OS_AddSW1Task     os.o
    0x00001e54   0x00001e54   0x000000f8   Code   RO           19    i.OS_AddSW2Task     os.o
    0x00001f4c   0x00001f4c   0x00000234   Code   RO           20    i.OS_AddThread      os.o
    0x00002180   0x00002180   0x00000048   Code   RO           21    i.OS_ClearMsTime    os.o
    0x000021c8   0x000021c8   0x00000058   Code   RO           23    i.OS_Fifo_Get       os.o
    0x00002220   0x00002220   0x00000030   Code   RO           24    i.OS_Fifo_Init      os.o
    0x00002250   0x00002250   0x00000040   Code   RO           25    i.OS_Fifo_Put       os.o
    0x00002290   0x00002290   0x00000004   Code   RO           27    i.OS_Id             os.o
    0x00002294   0x00002294   0x000000d0   Code   RO           28    i.OS_Init           os.o
    0x00002364   0x00002364   0x00000004   Code   RO           29    i.OS_InitSemaphore  os.o
    0x00002368   0x00002368   0x00000040   Code   RO           30    i.OS_Kill           os.o
    0x000023a8   0x000023a8   0x00000024   Code   RO           31    i.OS_Launch         os.o
    0x000023cc   0x000023cc   0x00000014   Code   RO           33    i.OS_MailBox_Init   os.o
    0x000023e0   0x000023e0   0x0000001c   Code   RO           34    i.OS_MailBox_Recv   os.o
    0x000023fc   0x000023fc   0x0000001c   Code   RO           35    i.OS_MailBox_Send   os.o
    0x00002418   0x00002418   0x00000038   Code   RO           36    i.OS_MsTime         os.o
    0x00002450   0x00002450   0x00000032   Code   RO           40    i.OS_Signal         os.o
    0x00002482   0x00002482   0x00000002   PAD
    0x00002484   0x00002484   0x00000038   Code   RO           41    i.OS_Sleep          os.o
    0x000024bc   0x000024bc   0x0000003c   Code   RO           42    i.OS_Suspend        os.o
    0x000024f8   0x000024f8   0x0000002c   Code   RO           43    i.OS_Time           os.o
    0x00002524   0x00002524   0x0000000c   Code   RO           44    i.OS_TimeDifference  os.o
    0x00002530   0x00002530   0x00000044   Code   RO           46    i.OS_Wait           os.o
    0x00002574   0x00002574   0x00000058   Code   RO         1436    i.PID               lab3.o
    0x000025cc   0x000025cc   0x0000007c   Code   RO          427    i.PLL_Init          pll.o
    0x00002648   0x00002648   0x00000068   Code   RO         1437    i.PortD_Init        lab3.o
    0x000026b0   0x000026b0   0x00000034   Code   RO         1438    i.Producer          lab3.o
    0x000026e4   0x000026e4   0x0000006c   Code   RO           49    i.RemovefromReady   os.o
    0x00002750   0x00002750   0x00000036   Code   RO           50    i.RemovefromSema4   os.o
    0x00002786   0x00002786   0x00000002   PAD
    0x00002788   0x00002788   0x0000003c   Code   RO         1248    i.RxFifo_Get        uart0int.o
    0x000027c4   0x000027c4   0x00000014   Code   RO         1249    i.RxFifo_Init       uart0int.o
    0x000027d8   0x000027d8   0x0000003c   Code   RO         1250    i.RxFifo_Put        uart0int.o
    0x00002814   0x00002814   0x00000018   Code   RO         1251    i.RxFifo_Size       uart0int.o
    0x0000282c   0x0000282c   0x00000018   Code   RO          443    i.ST7735_Color565   st7735.o
    0x00002844   0x00002844   0x000000f8   Code   RO          446    i.ST7735_DrawCharS  st7735.o
    0x0000293c   0x0000293c   0x00000048   Code   RO          450    i.ST7735_DrawPixel  st7735.o
    0x00002984   0x00002984   0x00000056   Code   RO          452    i.ST7735_DrawString  st7735.o
    0x000029da   0x000029da   0x00000002   PAD
    0x000029dc   0x000029dc   0x000000ac   Code   RO          453    i.ST7735_FillRect   st7735.o
    0x00002a88   0x00002a88   0x00000024   Code   RO          454    i.ST7735_FillScreen  st7735.o
    0x00002aac   0x00002aac   0x00000088   Code   RO          456    i.ST7735_InitR      st7735.o
    0x00002b34   0x00002b34   0x000000a8   Code   RO          458    i.ST7735_Message    st7735.o
    0x00002bdc   0x00002bdc   0x000000d4   Code   RO          459    i.ST7735_OutChar    st7735.o
    0x00002cb0   0x00002cb0   0x0000008c   Code   RO          461    i.ST7735_OutUDec    st7735.o
    0x00002d3c   0x00002d3c   0x00000020   Code   RO          473    i.ST7735_SetCursor  st7735.o
    0x00002d5c   0x00002d5c   0x0000002c   Code   RO         1440    i.SW1Push           lab3.o
    0x00002d88   0x00002d88   0x0000002c   Code   RO         1441    i.SW2Push           lab3.o
    0x00002db4   0x00002db4   0x0000001c   Code   RO           51    i.SysTick_Handler   os.o
    0x00002dd0   0x00002dd0   0x0000002c   Code   RO           52    i.SysTick_Init      os.o
    0x00002dfc   0x00002dfc   0x00000018   Code   RO           53    i.Timer3A_Handler   os.o
    0x00002e14   0x00002e14   0x00000018   Code   RO           54    i.Timer4A_Handler   os.o
    0x00002e2c   0x00002e2c   0x00000018   Code   RO         1831    i.Timer5A_Handler   timer5a.o
    0x00002e44   0x00002e44   0x00000060   Code   RO         1832    i.Timer5A_Init      timer5a.o
    0x00002ea4   0x00002ea4   0x0000003c   Code   RO         1252    i.TxFifo_Get        uart0int.o
    0x00002ee0   0x00002ee0   0x00000014   Code   RO         1253    i.TxFifo_Init       uart0int.o
    0x00002ef4   0x00002ef4   0x0000003c   Code   RO         1254    i.TxFifo_Put        uart0int.o
    0x00002f30   0x00002f30   0x00000018   Code   RO         1255    i.TxFifo_Size       uart0int.o
    0x00002f48   0x00002f48   0x00000058   Code   RO         1256    i.UART0_Handler     uart0int.o
    0x00002fa0   0x00002fa0   0x00000020   Code   RO         1258    i.UART_InChar       uart0int.o
    0x00002fc0   0x00002fc0   0x00000046   Code   RO         1260    i.UART_InString     uart0int.o
    0x00003006   0x00003006   0x00000002   PAD
    0x00003008   0x00003008   0x000000c8   Code   RO         1263    i.UART_Init         uart0int.o
    0x000030d0   0x000030d0   0x0000003c   Code   RO         1264    i.UART_OutChar      uart0int.o
    0x0000310c   0x0000310c   0x00000018   Code   RO         1267    i.UART_OutString    uart0int.o
    0x00003124   0x00003124   0x0000002a   Code   RO         1268    i.UART_OutUDec      uart0int.o
    0x0000314e   0x0000314e   0x00000002   PAD
    0x00003150   0x00003150   0x00000068   Code   RO           55    i.WDTimer0A_task    os.o
    0x000031b8   0x000031b8   0x00000018   Code   RO          988    i.WideTimer0A_Handler  wtimer0a.o
    0x000031d0   0x000031d0   0x00000064   Code   RO          989    i.WideTimer0A_Init  wtimer0a.o
    0x00003234   0x00003234   0x00000008   Code   RO         1953    i.__aeabi_errno_addr  mc_w.l(errno.o)
    0x0000323c   0x0000323c   0x0000000e   Code   RO         1968    i.__scatterload_copy  mc_w.l(handlers.o)
    0x0000324a   0x0000324a   0x00000002   Code   RO         1969    i.__scatterload_null  mc_w.l(handlers.o)
    0x0000324c   0x0000324c   0x0000000e   Code   RO         1970    i.__scatterload_zeroinit  mc_w.l(handlers.o)
    0x0000325a   0x0000325a   0x00000056   Code   RO          477    i.commandList       st7735.o
    0x000032b0   0x000032b0   0x0000018c   Code   RO          478    i.commonInit        st7735.o
    0x0000343c   0x0000343c   0x00000038   Code   RO         1270    i.copyHardwareToSoftware  uart0int.o
    0x00003474   0x00003474   0x00000034   Code   RO         1271    i.copySoftwareToHardware  uart0int.o
    0x000034a8   0x000034a8   0x00000002   Code   RO          799    i.dummyADC          adct0atrigger.o
    0x000034aa   0x000034aa   0x00000002   PAD
    0x000034ac   0x000034ac   0x00000048   Code   RO          479    i.fillmessage       st7735.o
    0x000034f4   0x000034f4   0x0000000a   Code   RO         1479    i.main              lab3.o
    0x000034fe   0x000034fe   0x00000002   PAD
    0x00003500   0x00003500   0x0000006c   Code   RO         1874    i.malloc            mc_w.l(malloc.o)
    0x0000356c   0x0000356c   0x00000012   Code   RO          482    i.pushColor         st7735.o
    0x0000357e   0x0000357e   0x00000002   PAD
    0x00003580   0x00003580   0x000000f0   Code   RO         1480    i.realmain          lab3.o
    0x00003670   0x00003670   0x00000074   Code   RO          483    i.setAddrWindow     st7735.o
    0x000036e4   0x000036e4   0x00000050   Code   RO          484    i.writecommand      st7735.o
    0x00003734   0x00003734   0x00000054   Code   RO          485    i.writedata         st7735.o
    0x00003788   0x00003788   0x00000008   Data   RO           59    .constdata          os.o
    0x00003790   0x00003790   0x00000842   Data   RO          487    .constdata          st7735.o
    0x00003fd2   0x00003fd2   0x00000002   PAD
    0x00003fd4   0x00003fd4   0x00000040   Data   RO         1409    .constdata          irdistance.o
    0x00004014   0x00004014   0x00000081   Data   RO         1920    .constdata          mc_w.l(ctype_o.o)
    0x00004095   0x00004095   0x00000003   PAD
    0x00004098   0x00004098   0x00000004   Data   RO         1921    .constdata          mc_w.l(ctype_o.o)
    0x0000409c   0x0000409c   0x00000020   Data   RO         1966    Region$$Table       anon$$obj.o


    Execution Region ER_RW (Exec base: 0x20000000, Load base: 0x000040bc, Size: 0x000001c0, Max: 0xffffffff, ABSOLUTE, COMPRESSED[0x0000001c])

    Exec Addr    Load Addr    Size         Type   Attr      Idx    E Section Name        Object

    0x20000000   COMPRESSED   0x00000034   Data   RW           60    .data               os.o
    0x20000034   COMPRESSED   0x0000002c   Data   RW          488    .data               st7735.o
    0x20000060   COMPRESSED   0x00000008   Data   RW          800    .data               adct0atrigger.o
    0x20000068   COMPRESSED   0x0000009c   Data   RW          859    .data               lpf.o
    0x20000104   COMPRESSED   0x00000004   Data   RW          991    .data               wtimer0a.o
    0x20000108   COMPRESSED   0x00000010   Data   RW         1273    .data               uart0int.o
    0x20000118   COMPRESSED   0x00000094   Data   RW         1482    .data               lab3.o
    0x200001ac   COMPRESSED   0x00000004   Data   RW         1834    .data               timer5a.o
    0x200001b0   COMPRESSED   0x00000004   Data   RW         1868    .data               mc_w.l(strtok.o)
    0x200001b4   COMPRESSED   0x00000004   Data   RW         1951    .data               mc_w.l(mvars.o)
    0x200001b8   COMPRESSED   0x00000004   Data   RW         1952    .data               mc_w.l(mvars.o)
    0x200001bc   COMPRESSED   0x00000004   Data   RW         1956    .data               mc_w.l(errno.o)


    Execution Region ER_ZI (Exec base: 0x200001c0, Load base: 0x000040d8, Size: 0x000067e0, Max: 0xffffffff, ABSOLUTE)

    Exec Addr    Load Addr    Size         Type   Attr      Idx    E Section Name        Object

    0x200001c0        -       0x00005750   Zero   RW           58    .bss                os.o
    0x20005910        -       0x0000000c   Zero   RW          486    .bss                st7735.o
    0x2000591c        -       0x000001f0   Zero   RW          858    .bss                lpf.o
    0x20005b0c        -       0x00000800   Zero   RW         1272    .bss                uart0int.o
    0x2000630c        -       0x00000290   Zero   RW         1481    .bss                lab3.o
    0x2000659c   0x000040d8   0x00000004   PAD
    0x200065a0        -       0x00000000   Zero   RW            2    HEAP                startup.o
    0x200065a0        -       0x00000400   Zero   RW            1    STACK               startup.o


==============================================================================

Image component sizes


      Code (inc. data)   RO Data    RW Data    ZI Data      Debug   Object Name

      1040         72          0          0          0       1384   adc.o
      1186        108          0          8          0       4157   adct0atrigger.o
       718        240          0          0          0        328   cr4_fft_64_stm32.o
       140         22          0          0          0        482   edisk.o
      1328        464          0          0          0       2996   interpreter.o
        64         18         64          0          0       1259   irdistance.o
      1342        332          0        148        656      11613   lab3.o
       200         14          0        156        496       2480   lpf.o
      3128        404          8         52      22352      28299   os.o
        92         14          0          0          0        324   osasm.o
        72          8          0          0          0        292   pid_stm32.o
       124          4          0          0          0        499   pll.o
      2210        242       2114         44         12      16348   st7735.o
       672        622          0          0       1024       1044   startup.o
       120         28          0          4          0       1693   timer5a.o
       952        152          0         16       2048      10807   uart0int.o
       124         30          0          4          0       1729   wtimer0a.o

    ----------------------------------------------------------------------
     13530       2776       2220        432      26592      85734   Object Totals
         0          0         32          0          0          0   (incl. Generated)
        18          2          2          0          4          0   (incl. Padding)

    ----------------------------------------------------------------------

      Code (inc. data)   RO Data    RW Data    ZI Data      Debug   Library Member Name

        58          0          0          0          0          0   __dczerorl.o
        28          0          0          0          0         68   _chval.o
       158          0          0          0          0         92   _strtoul.o
         8          4        133          0          0         68   ctype_o.o
         0          0          0          0          0          0   entry.o
         0          0          0          0          0          0   entry10a.o
         0          0          0          0          0          0   entry11a.o
         4          0          0          0          0          0   entry12b.o
         8          4          0          0          0          0   entry2.o
         4          0          0          0          0          0   entry5.o
         0          0          0          0          0          0   entry7b.o
         0          0          0          0          0          0   entry8b.o
         8          4          0          0          0          0   entry9a.o
         8          4          0          4          0         68   errno.o
        30          0          0          0          0          0   handlers.o
        36          8          0          0          0         68   init.o
       108         16          0          0          0         84   malloc.o
         0          0          0          8          0          0   mvars.o
        28          0          0          0          0         76   strcmp.o
        14          0          0          0          0         68   strlen.o
        68          6          0          4          0         80   strtok.o
       112          0          0          0          0         88   strtol.o

    ----------------------------------------------------------------------
       686         46        136         16          0        760   Library Totals
         6          0          3          0          0          0   (incl. Padding)

    ----------------------------------------------------------------------

      Code (inc. data)   RO Data    RW Data    ZI Data      Debug   Library Name

       680         46        133         16          0        760   mc_w.l

    ----------------------------------------------------------------------
       686         46        136         16          0        760   Library Totals

    ----------------------------------------------------------------------

==============================================================================


      Code (inc. data)   RO Data    RW Data    ZI Data      Debug   

     14216       2822       2356        448      26592      81578   Grand Totals
     14216       2822       2356         28      26592      81578   ELF Image Totals (compressed)
     14216       2822       2356         28          0          0   ROM Totals

==============================================================================

    Total RO  Size (Code + RO Data)                16572 (  16.18kB)
    Total RW  Size (RW Data + ZI Data)             27040 (  26.41kB)
    Total ROM Size (Code + RO Data + RW Data)      16600 (  16.21kB)

==============================================================================

