<html>
<body>
<pre>
<h1>µVision Build Log</h1>
<h2>Tool Versions:</h2>
IDE-Version: ¦ÌVision V5.32.0.0
Copyright (C) 2020 ARM Ltd and ARM Germany GmbH. All rights reserved.
License Information: Peng Han, The University of Texas at Austin, LIC=----
 
Tool Versions:
Toolchain:       MDK-Lite  Version: 5.32.0.0
Toolchain Path:  C:\Keil_v5\ARM\ARMCC\Bin
C Compiler:      Armcc.exe V5.06 update 7 (build 960)
Assembler:       Armasm.exe V5.06 update 7 (build 960)
Linker/Locator:  ArmLink.exe V5.06 update 7 (build 960)
Library Manager: ArmAr.exe V5.06 update 7 (build 960)
Hex Converter:   FromElf.exe V5.06 update 7 (build 960)
CPU DLL:         SARMCM3.DLL V5.32.0.0
Dialog DLL:      DCM.DLL V1.17.3.0
Target DLL:      lmidk-agdi.dll V???
Dialog DLL:      TCM.DLL V1.46.0.0
 
<h2>Project:</h2>
C:\Users\Peng Han\Documents\GitHub\lab-3-ph22637_hz6755\Codes\RTOS_Lab3_RTOSpriority\Lab3.uvprojx
Project File Date:  10/25/2020

<h2>Output:</h2>
*** Using Compiler 'V5.06 update 7 (build 960)', folder: 'C:\Keil_v5\ARM\ARMCC\Bin'
Rebuild target 'Lab3'
assembling startup.s...
compiling Interpreter.c...
compiling LPF.c...
compiling PLL.c...
compiling LaunchPad.c...
compiling ADCT0ATrigger.c...
compiling ADCSWTrigger.c...
compiling OS.c...
..\RTOS_Labs_common\OS.c(360): warning:  #940-D: missing return statement at end of non-void function "OS_AddThread" 
  };
..\RTOS_Labs_common\OS.c(463): warning:  #940-D: missing return statement at end of non-void function "OS_AddPeriodicThread" 
  };
..\RTOS_Labs_common\OS.c(641): warning:  #223-D: function "ContextSwitch" declared implicitly
    ContextSwitch();
..\RTOS_Labs_common\OS.c(834): warning:  #223-D: function "StartOS" declared implicitly
  	StartOS(RunPt->SavedSP);
..\RTOS_Labs_common\OS.c: 4 warnings, 0 errors
compiling ST7735.c...
assembling PID_stm32.s...
assembling cr4_fft_64_stm32.s...
compiling efile.c...
compiling WTimer0A.c...
assembling osasm.s...
compiling IRDistance.c...
compiling eDisk.c...
compiling Timer5A.c...
compiling ADC.c...
compiling UART0int.c...
compiling Lab3.c...
linking...
Program Size: Code=14216 RO-data=2356 RW-data=448 ZI-data=26592  
".\Lab3.axf" - 0 Error(s), 4 Warning(s).

<h2>Software Packages used:</h2>

Package Vendor: ARM
                http://www.keil.com/pack/ARM.CMSIS.5.7.0.pack
                ARM.CMSIS.5.7.0
                CMSIS (Cortex Microcontroller Software Interface Standard)
   * Component: CORE Version: 5.4.0

Package Vendor: Keil
                http://www.keil.com/pack/Keil.TM4C_DFP.1.1.0.pack
                Keil.TM4C_DFP.1.1.0
                Texas Instruments Tiva C Series Device Support and Examples

<h2>Collection of Component include folders:</h2>
  .\RTE\_Lab3
  C:\Users\Peng Han\AppData\Local\Arm\Packs\ARM\CMSIS\5.7.0\CMSIS\Core\Include
  C:\Users\Peng Han\AppData\Local\Arm\Packs\Keil\TM4C_DFP\1.1.0\Device\Include\TM4C123

<h2>Collection of Component Files used:</h2>

   * Component: ARM::CMSIS:CORE:5.4.0
Build Time Elapsed:  00:00:01
</pre>
</body>
</html>
